Archive member included because of file (symbol)

contiki-avr-atmega256rfr2.a(contiki-main.o)
                              /usr/local/bin/../lib/gcc/avr/4.8.1/../../../../avr/lib/avr6/crtm256rfr2.o (main)
contiki-avr-atmega256rfr2.a(params.o)
                              contiki-avr-atmega256rfr2.a(contiki-main.o) (params_get_channel)
contiki-avr-atmega256rfr2.a(clock.o)
                              contiki-avr-atmega256rfr2.a(contiki-main.o) (clock_init)
contiki-avr-atmega256rfr2.a(rs232.o)
                              contiki-avr-atmega256rfr2.a(contiki-main.o) (rs232_init)
contiki-avr-atmega256rfr2.a(watchdog.o)
                              contiki-avr-atmega256rfr2.a(contiki-main.o) (watchdog_periodic)
contiki-avr-atmega256rfr2.a(rtimer-arch.o)
                              contiki-avr-atmega256rfr2.a(contiki-main.o) (rtimer_arch_sleep)
contiki-avr-atmega256rfr2.a(random.o)
                              contiki-avr-atmega256rfr2.a(contiki-main.o) (random_init)
contiki-avr-atmega256rfr2.a(rf230bb.o)
                              contiki-avr-atmega256rfr2.a(clock.o) (RF230_receive_on)
contiki-avr-atmega256rfr2.a(halbb.o)
                              contiki-avr-atmega256rfr2.a(rf230bb.o) (hal_init)
contiki-avr-atmega256rfr2.a(autostart.o)
                              contiki-avr-atmega256rfr2.a(contiki-main.o) (autostart_start)
contiki-avr-atmega256rfr2.a(ctimer.o)
                              contiki-avr-atmega256rfr2.a(contiki-main.o) (ctimer_init)
contiki-avr-atmega256rfr2.a(energest.o)
                              contiki-avr-atmega256rfr2.a(rtimer-arch.o) (energest_current_time)
contiki-avr-atmega256rfr2.a(etimer.o)
                              contiki-avr-atmega256rfr2.a(clock.o) (etimer_request_poll)
contiki-avr-atmega256rfr2.a(process.o)
                              contiki-avr-atmega256rfr2.a(ctimer.o) (process_current)
contiki-avr-atmega256rfr2.a(rtimer.o)
                              contiki-avr-atmega256rfr2.a(contiki-main.o) (rtimer_init)
contiki-avr-atmega256rfr2.a(timer.o)
                              contiki-avr-atmega256rfr2.a(etimer.o) (timer_set)
contiki-avr-atmega256rfr2.a(list.o)
                              contiki-avr-atmega256rfr2.a(ctimer.o) (list_init)
contiki-avr-atmega256rfr2.a(print-stats.o)
                              contiki-avr-atmega256rfr2.a(contiki-main.o) (print_stats)
contiki-avr-atmega256rfr2.a(sicslowpan.o)
                              contiki-avr-atmega256rfr2.a(contiki-main.o) (sicslowpan_driver)
contiki-avr-atmega256rfr2.a(uip6.o)
                              contiki-avr-atmega256rfr2.a(sicslowpan.o) (uip_aligned_buf)
contiki-avr-atmega256rfr2.a(uip-ds6.o)
                              contiki-avr-atmega256rfr2.a(uip6.o) (uip_ds6_is_addr_onlink)
contiki-avr-atmega256rfr2.a(uip-ds6-nbr.o)
                              contiki-avr-atmega256rfr2.a(contiki-main.o) (ds6_neighbors)
contiki-avr-atmega256rfr2.a(uip-ds6-route.o)
                              contiki-avr-atmega256rfr2.a(uip-ds6.o) (uip_ds6_route_init)
contiki-avr-atmega256rfr2.a(uip-icmp6.o)
                              contiki-avr-atmega256rfr2.a(uip6.o) (uip_icmp6_input)
contiki-avr-atmega256rfr2.a(uip-nd6.o)
                              contiki-avr-atmega256rfr2.a(uip-ds6-nbr.o) (uip_nd6_ns_output)
contiki-avr-atmega256rfr2.a(tcpip.o)
                              contiki-avr-atmega256rfr2.a(sicslowpan.o) (tcpip_set_outputfunc)
contiki-avr-atmega256rfr2.a(uip-debug.o)
                              contiki-avr-atmega256rfr2.a(uip-ds6-route.o) (uip_debug_ipaddr_print)
contiki-avr-atmega256rfr2.a(uip-packetqueue)
                              contiki-avr-atmega256rfr2.a(uip-ds6-nbr.o) (uip_packetqueue_new)
contiki-avr-atmega256rfr2.a(uip-split.o)
                              contiki-avr-atmega256rfr2.a(tcpip.o) (uip_split_output)
contiki-avr-atmega256rfr2.a(rpl.o)
                              contiki-avr-atmega256rfr2.a(uip-ds6-nbr.o) (rpl_link_neighbor_callback)
contiki-avr-atmega256rfr2.a(rpl-dag.o)
                              contiki-avr-atmega256rfr2.a(rpl.o) (rpl_dag_init)
contiki-avr-atmega256rfr2.a(rpl-ext-header.)
                              contiki-avr-atmega256rfr2.a(uip6.o) (rpl_verify_header)
contiki-avr-atmega256rfr2.a(rpl-icmp6.o)
                              contiki-avr-atmega256rfr2.a(rpl.o) (dao_output_target)
contiki-avr-atmega256rfr2.a(rpl-mrhof.o)
                              contiki-avr-atmega256rfr2.a(rpl.o) (rpl_mrhof)
contiki-avr-atmega256rfr2.a(rpl-timers.o)
                              contiki-avr-atmega256rfr2.a(rpl.o) (rpl_reset_periodic_timer)
contiki-avr-atmega256rfr2.a(framer-802154.o)
                              contiki-avr-atmega256rfr2.a(sicslowpan.o) (framer_802154)
contiki-avr-atmega256rfr2.a(framer.o)
                              contiki-avr-atmega256rfr2.a(framer-802154.o) (framer_canonical_create_and_secure)
contiki-avr-atmega256rfr2.a(nullmac.o)
                              contiki-avr-atmega256rfr2.a(contiki-main.o) (nullmac_driver)
[...]
Memory Configuration

Name             Origin             Length             Attributes
text             0x00000000         0x00100000         xr
data             0x00800200         0x0000fe00         rw !x
eeprom           0x00810000         0x00010000         rw !x
fuse             0x00820000         0x00000400         rw !x
lock             0x00830000         0x00000400         rw !x
signature        0x00840000         0x00000400         rw !x
user_signatures  0x00850000         0x00000400         rw !x
*default*        0x00000000         0xffffffff

Linker script and memory map

Address of section .data set to 0x800200
LOAD /usr/local/bin/../lib/gcc/avr/4.8.1/../../../../avr/lib/avr6/crtm256rfr2.o
Address of section .bootloader set to 0x1f800
LOAD hello-world.co
LOAD contiki-avr-atmega256rfr2.a
START GROUP
LOAD /usr/local/bin/../lib/gcc/avr/4.8.1/avr6/libgcc.a
LOAD /usr/local/bin/../lib/gcc/avr/4.8.1/../../../../avr/lib/avr6/libm.a
LOAD /usr/local/bin/../lib/gcc/avr/4.8.1/../../../../avr/lib/avr6/libc.a
END GROUP

.hash
 *(.hash)

.dynsym
 *(.dynsym)

.dynstr
 *(.dynstr)

.gnu.version
 *(.gnu.version)

.gnu.version_d
 *(.gnu.version_d)

.gnu.version_r
 *(.gnu.version_r)

.rel.init
 *(.rel.init)

.rela.init
 *(.rela.init)

.rel.text
 *(.rel.text)
 *(.rel.text.*)
 *(.rel.gnu.linkonce.t*)

.rela.text
 *(.rela.text)
 *(.rela.text.*)
 *(.rela.gnu.linkonce.t*)

.rel.fini
 *(.rel.fini)

.rela.fini
 *(.rela.fini)

.rel.rodata
 *(.rel.rodata)
 *(.rel.rodata.*)
 *(.rel.gnu.linkonce.r*)

.rela.rodata
 *(.rela.rodata)
 *(.rela.rodata.*)
 *(.rela.gnu.linkonce.r*)

.rel.data
 *(.rel.data)
 *(.rel.data.*)
 *(.rel.gnu.linkonce.d*)

.rela.data
 *(.rela.data)
 *(.rela.data.*)
 *(.rela.gnu.linkonce.d*)

.rel.ctors
 *(.rel.ctors)

.rela.ctors
 *(.rela.ctors)

.rel.dtors
 *(.rel.dtors)

.rela.dtors
 *(.rela.dtors)

.rel.got
 *(.rel.got)

.rela.got
 *(.rela.got)

.rel.bss
 *(.rel.bss)

.rela.bss
 *(.rela.bss)

.rel.plt
 *(.rel.plt)

.rela.plt
 *(.rela.plt)

.text           0x00000000     0xc30e
 *(.vectors)
 .vectors       0x00000000      0x134 /usr/local/bin/../lib/gcc/avr/4.8.1/../../../../avr/lib/avr6/crtm256rfr2.o
                0x00000000                __vectors
                0x00000000                __vector_default
 *(.vectors)
 *(.progmem.gcc*)
 .progmem.gcc_sw_table.uip_process
                0x00000134       0x10 contiki-avr-atmega256rfr2.a(uip6.o)
                0x00000144                . = ALIGN (0x2)
                0x00000144                __trampolines_start = .
 *(.trampolines)
 .trampolines   0x00000144      0x130 linker stubs
 *(.trampolines*)
                0x00000274                __trampolines_end = .
 *(.progmem*)
 .progmem.data.__c.4630
                0x00000274        0x3 contiki-avr-atmega256rfr2.a(contiki-main.o)
 .progmem.data.__c.4628
                0x00000277        0x2 contiki-avr-atmega256rfr2.a(contiki-main.o)
 .progmem.data.__c.4626
                0x00000279        0x3 contiki-avr-atmega256rfr2.a(contiki-main.o)
 .progmem.data.__c.4690
                0x0000027c       0x1d contiki-avr-atmega256rfr2.a(contiki-main.o)
 .progmem.data.__c.4685
                0x00000299        0xc contiki-avr-atmega256rfr2.a(contiki-main.o)
 .progmem.data.__c.4683
                0x000002a5        0x9 contiki-avr-atmega256rfr2.a(contiki-main.o)
 .progmem.data.__c.4678
                0x000002ae        0x8 contiki-avr-atmega256rfr2.a(contiki-main.o)
 .progmem.data.__c.4676
                0x000002b6        0xa contiki-avr-atmega256rfr2.a(contiki-main.o)
 .progmem.data.__c.4674
                0x000002c0       0x12 contiki-avr-atmega256rfr2.a(contiki-main.o)
 .progmem.data.__c.4671
                0x000002d2       0x12 contiki-avr-atmega256rfr2.a(contiki-main.o)
 .progmem.data.__c.4666
                0x000002e4        0x2 contiki-avr-atmega256rfr2.a(contiki-main.o)
 .progmem.data.__c.4664
                0x000002e6       0x15 contiki-avr-atmega256rfr2.a(contiki-main.o)
 .progmem.data.__c.4659
                0x000002fb        0x2 contiki-avr-atmega256rfr2.a(contiki-main.o)
 .progmem.data.__c.4657
                0x000002fd       0x15 contiki-avr-atmega256rfr2.a(contiki-main.o)
 .progmem.data.__c.4649
                0x00000312        0xe contiki-avr-atmega256rfr2.a(contiki-main.o)
 .progmem.data.__c.4647
                0x00000320       0x11 contiki-avr-atmega256rfr2.a(contiki-main.o)
 .progmem.data.__c.4645
                0x00000331       0x11 contiki-avr-atmega256rfr2.a(contiki-main.o)
 .progmem.data.__c.4643
                0x00000342       0x11 contiki-avr-atmega256rfr2.a(contiki-main.o)
 .progmem.data.__c.4641
                0x00000353       0x12 contiki-avr-atmega256rfr2.a(contiki-main.o)
 .progmem.data.__c.4618
                0x00000365        0x8 contiki-avr-atmega256rfr2.a(contiki-main.o)
 .progmem.data.__c.4611
                0x0000036d       0x11 contiki-avr-atmega256rfr2.a(contiki-main.o)
 .progmem.data.__c.4609
                0x0000037e        0xd contiki-avr-atmega256rfr2.a(contiki-main.o)
 .progmem.data.__c.4607
                0x0000038b       0x32 contiki-avr-atmega256rfr2.a(contiki-main.o)
 .progmem.data.__c.4605
                0x000003bd       0x25 contiki-avr-atmega256rfr2.a(contiki-main.o)
 .progmem.data.__c.4603
                0x000003e2       0x20 contiki-avr-atmega256rfr2.a(contiki-main.o)
 .progmem.data.__c.4600
                0x00000402       0x1b contiki-avr-atmega256rfr2.a(contiki-main.o)
 .progmem.data.__c.4593
                0x0000041d        0xd contiki-avr-atmega256rfr2.a(contiki-main.o)
 .progmem.data.__c.4591
                0x0000042a       0x11 contiki-avr-atmega256rfr2.a(contiki-main.o)
 .progmem.data.__c.4589
                0x0000043b       0x11 contiki-avr-atmega256rfr2.a(contiki-main.o)
 .progmem.data.__c.4587
                0x0000044c       0x11 contiki-avr-atmega256rfr2.a(contiki-main.o)
 .progmem.data.__c.4585
                0x0000045d       0x11 contiki-avr-atmega256rfr2.a(contiki-main.o)
 .progmem.data.__c.4580
                0x0000046e        0xf contiki-avr-atmega256rfr2.a(contiki-main.o)
 .progmem.data.__c.4413
                0x0000047d       0x2d contiki-avr-atmega256rfr2.a(params.o)
 .progmem.data.default_domain_name
                0x000004aa        0xa contiki-avr-atmega256rfr2.a(params.o)
                0x000004aa                default_domain_name
 .progmem.data.default_server_name
                0x000004b4        0xe contiki-avr-atmega256rfr2.a(params.o)
                0x000004b4                default_server_name
 .progmem.data.default_mac_address
                0x000004c2        0x8 contiki-avr-atmega256rfr2.a(params.o)
                0x000004c2                default_mac_address
 .progmem.data.__c.3506
                0x000004ca       0x6f contiki-avr-atmega256rfr2.a(print-stats.o)
 .progmem.data.__c.2435
                0x00000539        0x3 contiki-avr-atmega256rfr2.a(uip-debug.o)
 .progmem.data.__c.2433
                0x0000053c        0x2 contiki-avr-atmega256rfr2.a(uip-debug.o)
 .progmem.data.__c.2431
                0x0000053e        0x3 contiki-avr-atmega256rfr2.a(uip-debug.o)
                0x00000542                . = ALIGN (0x2)
 *fill*         0x00000541        0x1 
 *(.jumptables)
 *(.jumptables*)
 *(.lowtext)
 *(.lowtext*)
                0x00000542                __ctors_start = .
 *(.ctors)
                0x00000542                __ctors_end = .
                0x00000542                __dtors_start = .
 *(.dtors)
                0x00000542                __dtors_end = .
 SORT(*)(.ctors)
 SORT(*)(.dtors)
 *(.init0)
 .init0         0x00000542        0x0 /usr/local/bin/../lib/gcc/avr/4.8.1/../../../../avr/lib/avr6/crtm256rfr2.o
                0x00000542                __init
 *(.init0)
 *(.init1)
 *(.init1)
 *(.init2)
 .init2         0x00000542       0x10 /usr/local/bin/../lib/gcc/avr/4.8.1/../../../../avr/lib/avr6/crtm256rfr2.o
 *(.init2)
 *(.init3)
 *(.init3)
 *(.init4)
 .init4         0x00000552       0x1a /usr/local/bin/../lib/gcc/avr/4.8.1/avr6/libgcc.a(_copy_data.o)
                0x00000552                __do_copy_data
 .init4         0x0000056c       0x10 /usr/local/bin/../lib/gcc/avr/4.8.1/avr6/libgcc.a(_clear_bss.o)
                0x0000056c                __do_clear_bss
 *(.init4)
 *(.init5)
 *(.init5)
 *(.init6)
 *(.init6)
 *(.init7)
 *(.init7)
 *(.init8)
 *(.init8)
 *(.init9)
 .init9         0x0000057c        0x8 /usr/local/bin/../lib/gcc/avr/4.8.1/../../../../avr/lib/avr6/crtm256rfr2.o
 *(.init9)
 *(.text)
 .text          0x00000584        0x4 /usr/local/bin/../lib/gcc/avr/4.8.1/../../../../avr/lib/avr6/crtm256rfr2.o
                0x00000584                __vector_38
                0x00000584                __vector_22
                0x00000584                __vector_28
                0x00000584                __vector_67
                0x00000584                __vector_1
                0x00000584                __vector_75
                0x00000584                __vector_71
                0x00000584                __vector_34
                0x00000584                __vector_24
                0x00000584                __vector_12
                0x00000584                __vector_55
                0x00000584                __vector_69
                0x00000584                __vector_46
                0x00000584                __bad_interrupt
                0x00000584                __vector_72
                0x00000584                __vector_6
                0x00000584                __vector_31
                0x00000584                __vector_35
                0x00000584                __vector_74
                0x00000584                __vector_39
                0x00000584                __vector_3
                0x00000584                __vector_23
                0x00000584                __vector_68
                0x00000584                __vector_30
                0x00000584                __vector_73
                0x00000584                __vector_45
                0x00000584                __vector_11
                0x00000584                __vector_54
                0x00000584                __vector_17
                0x00000584                __vector_19
                0x00000584                __vector_56
                0x00000584                __vector_7
                0x00000584                __vector_49
                0x00000584                __vector_41
                0x00000584                __vector_43
                0x00000584                __vector_27
                0x00000584                __vector_5
                0x00000584                __vector_33
                0x00000584                __vector_76
                0x00000584                __vector_47
                0x00000584                __vector_52
                0x00000584                __vector_37
                0x00000584                __vector_4
                0x00000584                __vector_44
                0x00000584                __vector_51
                0x00000584                __vector_9
                0x00000584                __vector_2
                0x00000584                __vector_15
                0x00000584                __vector_66
                0x00000584                __vector_70
                0x00000584                __vector_29
                0x00000584                __vector_40
                0x00000584                __vector_8
                0x00000584                __vector_26
                0x00000584                __vector_48
                0x00000584                __vector_14
                0x00000584                __vector_53
                0x00000584                __vector_10
                0x00000584                __vector_50
                0x00000584                __vector_16
                0x00000584                __vector_18
                0x00000584                __vector_20
                0x00000584                __vector_42
                0x00000584                __vector_65
                0x00000588                . = ALIGN (0x2)
 *(.text.*)
 .text.process_thread_blink_process
                0x00000588       0x3c hello-world.co
 .text.process_thread_hello_world_process
                0x000005c4       0x7a hello-world.co
 .text.ipaddr_add
                0x0000063e       0xc6 contiki-avr-atmega256rfr2.a(contiki-main.o)
 .text.rng_get_uint8
                0x00000704       0x46 contiki-avr-atmega256rfr2.a(contiki-main.o)
                0x00000704                rng_get_uint8
 .text.initialize
                0x0000074a      0x320 contiki-avr-atmega256rfr2.a(contiki-main.o)
                0x0000074a                initialize
 .text.startup.main
                0x00000a6a      0x310 contiki-avr-atmega256rfr2.a(contiki-main.o)
                0x00000a6a                main
 .text.params_get_channel
                0x00000d7a      0x10c contiki-avr-atmega256rfr2.a(params.o)
                0x00000d7a                params_get_channel
 .text.params_get_eui64
                0x00000e86       0x14 contiki-avr-atmega256rfr2.a(params.o)
                0x00000e86                params_get_eui64
 .text.params_get_panid
                0x00000e9a        0x8 contiki-avr-atmega256rfr2.a(params.o)
                0x00000e9a                params_get_panid
 .text.params_get_panaddr
                0x00000ea2        0x8 contiki-avr-atmega256rfr2.a(params.o)
                0x00000ea2                params_get_panaddr
 .text.params_get_txpower
                0x00000eaa        0x8 contiki-avr-atmega256rfr2.a(params.o)
                0x00000eaa                params_get_txpower
 .text.clock_init
                0x00000eb2       0x20 contiki-avr-atmega256rfr2.a(clock.o)
                0x00000eb2                clock_init
 .text.clock_time
                0x00000ed2       0x18 contiki-avr-atmega256rfr2.a(clock.o)
                0x00000ed2                clock_time
 .text.clock_seconds
                0x00000eea       0x34 contiki-avr-atmega256rfr2.a(clock.o)
                0x00000eea                clock_seconds
 .text.clock_adjust_ticks
                0x00000f1e       0xbe contiki-avr-atmega256rfr2.a(clock.o)
                0x00000f1e                clock_adjust_ticks
 .text.__vector_21
                0x00000fdc       0xe0 contiki-avr-atmega256rfr2.a(clock.o)
                0x00000fdc                __vector_21
 .text.__vector_25
                0x000010bc       0x5e contiki-avr-atmega256rfr2.a(rs232.o)
                0x000010bc                __vector_25
 .text.__vector_36
                0x0000111a       0x5e contiki-avr-atmega256rfr2.a(rs232.o)
                0x0000111a                __vector_36
 .text.rs232_init
                0x00001178       0x40 contiki-avr-atmega256rfr2.a(rs232.o)
                0x00001178                rs232_init
 .text.rs232_send
                0x000011b8       0x24 contiki-avr-atmega256rfr2.a(rs232.o)
                0x000011b8                rs232_send
 .text.rs232_stdout_putchar
                0x000011dc       0x2a contiki-avr-atmega256rfr2.a(rs232.o)
                0x000011dc                rs232_stdout_putchar
 .text.rs232_redirect_stdout
                0x00001206       0x12 contiki-avr-atmega256rfr2.a(rs232.o)
                0x00001206                rs232_redirect_stdout
 .text.watchdog_start
                0x00001218       0x18 contiki-avr-atmega256rfr2.a(watchdog.o)
                0x00001218                watchdog_start
 .text.watchdog_periodic
                0x00001230        0x4 contiki-avr-atmega256rfr2.a(watchdog.o)
                0x00001230                watchdog_periodic
 .text.watchdog_stop
                0x00001234       0x12 contiki-avr-atmega256rfr2.a(watchdog.o)
                0x00001234                watchdog_stop
 .text.__vector_32
                0x00001246       0xee contiki-avr-atmega256rfr2.a(rtimer-arch.o)
                0x00001246                __vector_32
 .text.rtimer_arch_init
                0x00001334       0x34 contiki-avr-atmega256rfr2.a(rtimer-arch.o)
                0x00001334                rtimer_arch_init
 .text.rtimer_arch_schedule
                0x00001368       0x20 contiki-avr-atmega256rfr2.a(rtimer-arch.o)
                0x00001368                rtimer_arch_schedule
 .text.rtimer_arch_sleep
                0x00001388      0x17a contiki-avr-atmega256rfr2.a(rtimer-arch.o)
                0x00001388                rtimer_arch_sleep
 .text.__vector_13
                0x00001502       0x14 contiki-avr-atmega256rfr2.a(rtimer-arch.o)
                0x00001502                __vector_13
 .text.random_init
                0x00001516        0x4 contiki-avr-atmega256rfr2.a(random.o)
                0x00001516                random_init
 .text.random_rand
                0x0000151a        0x4 contiki-avr-atmega256rfr2.a(random.o)
                0x0000151a                random_rand
 .text.get_value
                0x0000151e        0x6 contiki-avr-atmega256rfr2.a(rf230bb.o)
 .text.set_value
                0x00001524        0x6 contiki-avr-atmega256rfr2.a(rf230bb.o)
 .text.get_object
                0x0000152a        0x6 contiki-avr-atmega256rfr2.a(rf230bb.o)
 .text.set_object
                0x00001530        0x6 contiki-avr-atmega256rfr2.a(rf230bb.o)
 .text.rf230_pending_packet
                0x00001536        0x8 contiki-avr-atmega256rfr2.a(rf230bb.o)
 .text.radio_reset_state_machine
                0x0000153e       0x32 contiki-avr-atmega256rfr2.a(rf230bb.o)
 .text.set_txpower
                0x00001570       0x1e contiki-avr-atmega256rfr2.a(rf230bb.o)
 .text.rf230_isidle
                0x0000158e       0x2c contiki-avr-atmega256rfr2.a(rf230bb.o)
 .text.rf230_waitidle
                0x000015ba       0x12 contiki-avr-atmega256rfr2.a(rf230bb.o)
 .text.rf230_receiving_packet
                0x000015cc       0x2a contiki-avr-atmega256rfr2.a(rf230bb.o)
 .text.radio_off
                0x000015f6      0x124 contiki-avr-atmega256rfr2.a(rf230bb.o)
 .text.rf230_off
                0x0000171a       0x16 contiki-avr-atmega256rfr2.a(rf230bb.o)
 .text.rf230_prepare
                0x00001730       0x32 contiki-avr-atmega256rfr2.a(rf230bb.o)
 .text.radio_get_trx_state
                0x00001762        0xc contiki-avr-atmega256rfr2.a(rf230bb.o)
                0x00001762                radio_get_trx_state
 .text.radio_set_trx_state
                0x0000176e       0xbc contiki-avr-atmega256rfr2.a(rf230bb.o)
 .text.radio_on
                0x0000182a       0x6a contiki-avr-atmega256rfr2.a(rf230bb.o)
 .text.rf230_on
                0x00001894       0x12 contiki-avr-atmega256rfr2.a(rf230bb.o)
 .text.rf230_cca
                0x000018a6      0x128 contiki-avr-atmega256rfr2.a(rf230bb.o)
 .text.rf230_warm_reset
                0x000019ce       0x3e contiki-avr-atmega256rfr2.a(rf230bb.o)
                0x000019ce                rf230_warm_reset
 .text.rf230_init
                0x00001a0c       0x76 contiki-avr-atmega256rfr2.a(rf230bb.o)
                0x00001a0c                rf230_init
 .text.rf230_get_channel
                0x00001a82        0x6 contiki-avr-atmega256rfr2.a(rf230bb.o)
                0x00001a82                rf230_get_channel
 .text.rf230_set_channel
                0x00001a88       0x2a contiki-avr-atmega256rfr2.a(rf230bb.o)
                0x00001a88                rf230_set_channel
 .text.rf230_set_pan_addr
                0x00001ab2       0x48 contiki-avr-atmega256rfr2.a(rf230bb.o)
                0x00001ab2                rf230_set_pan_addr
 .text.rf230_interrupt
                0x00001afa       0x26 contiki-avr-atmega256rfr2.a(rf230bb.o)
                0x00001afa                rf230_interrupt
 .text.rf230_read
                0x00001b20       0xce contiki-avr-atmega256rfr2.a(rf230bb.o)
 .text.process_thread_rf230_process
                0x00001bee       0x8a contiki-avr-atmega256rfr2.a(rf230bb.o)
 .text.rf230_set_txpower
                0x00001c78        0x4 contiki-avr-atmega256rfr2.a(rf230bb.o)
                0x00001c78                rf230_set_txpower
 .text.rf230_get_txpower
                0x00001c7c       0x18 contiki-avr-atmega256rfr2.a(rf230bb.o)
                0x00001c7c                rf230_get_txpower
 .text.rf230_transmit
                0x00001c94      0x260 contiki-avr-atmega256rfr2.a(rf230bb.o)
 .text.rf230_send
                0x00001ef4       0x32 contiki-avr-atmega256rfr2.a(rf230bb.o)
 .text.hal_init
                0x00001f26        0x2 contiki-avr-atmega256rfr2.a(halbb.o)
                0x00001f26                hal_init
 .text.hal_subregister_read
                0x00001f28       0x14 contiki-avr-atmega256rfr2.a(halbb.o)
                0x00001f28                hal_subregister_read
 .text.hal_subregister_write
                0x00001f3c       0x36 contiki-avr-atmega256rfr2.a(halbb.o)
                0x00001f3c                hal_subregister_write
 .text.hal_frame_read
                0x00001f72       0x54 contiki-avr-atmega256rfr2.a(halbb.o)
                0x00001f72                hal_frame_read
 .text.hal_frame_write
                0x00001fc6       0x22 contiki-avr-atmega256rfr2.a(halbb.o)
                0x00001fc6                hal_frame_write
 .text.__vector_60
                0x00001fe8       0x80 contiki-avr-atmega256rfr2.a(halbb.o)
                0x00001fe8                __vector_60
 .text.__vector_59
                0x00002068       0x14 contiki-avr-atmega256rfr2.a(halbb.o)
                0x00002068                __vector_59
 .text.__vector_57
                0x0000207c       0x14 contiki-avr-atmega256rfr2.a(halbb.o)
                0x0000207c                __vector_57
 .text.__vector_58
                0x00002090       0x14 contiki-avr-atmega256rfr2.a(halbb.o)
                0x00002090                __vector_58
 .text.__vector_64
                0x000020a4       0x18 contiki-avr-atmega256rfr2.a(halbb.o)
                0x000020a4                __vector_64
 .text.__vector_63
                0x000020bc       0x18 contiki-avr-atmega256rfr2.a(halbb.o)
                0x000020bc                __vector_63
 .text.__vector_62
                0x000020d4       0x14 contiki-avr-atmega256rfr2.a(halbb.o)
                0x000020d4                __vector_62
 .text.__vector_61
                0x000020e8       0x18 contiki-avr-atmega256rfr2.a(halbb.o)
                0x000020e8                __vector_61
 .text.autostart_start
                0x00002100       0x1e contiki-avr-atmega256rfr2.a(autostart.o)
                0x00002100                autostart_start
 .text.process_thread_ctimer_process
                0x0000211e       0xc8 contiki-avr-atmega256rfr2.a(ctimer.o)
 .text.ctimer_init
                0x000021e6       0x18 contiki-avr-atmega256rfr2.a(ctimer.o)
                0x000021e6                ctimer_init
 .text.ctimer_set
                0x000021fe       0x5a contiki-avr-atmega256rfr2.a(ctimer.o)
                0x000021fe                ctimer_set
 .text.ctimer_reset
                0x00002258       0x48 contiki-avr-atmega256rfr2.a(ctimer.o)
                0x00002258                ctimer_reset
 .text.ctimer_stop
                0x000022a0       0x2e contiki-avr-atmega256rfr2.a(ctimer.o)
                0x000022a0                ctimer_stop
 .text.update_time
                0x000022ce       0x64 contiki-avr-atmega256rfr2.a(etimer.o)
 .text.etimer_request_poll
                0x00002332        0x8 contiki-avr-atmega256rfr2.a(etimer.o)
                0x00002332                etimer_request_poll
 .text.process_thread_etimer_process
                0x0000233a      0x106 contiki-avr-atmega256rfr2.a(etimer.o)
 .text.add_timer
                0x00002440       0x5e contiki-avr-atmega256rfr2.a(etimer.o)
 .text.etimer_set
                0x0000249e       0x14 contiki-avr-atmega256rfr2.a(etimer.o)
                0x0000249e                etimer_set
 .text.etimer_reset
                0x000024b2       0x14 contiki-avr-atmega256rfr2.a(etimer.o)
                0x000024b2                etimer_reset
 .text.etimer_restart
                0x000024c6       0x14 contiki-avr-atmega256rfr2.a(etimer.o)
                0x000024c6                etimer_restart
 .text.etimer_expired
                0x000024da       0x16 contiki-avr-atmega256rfr2.a(etimer.o)
                0x000024da                etimer_expired
 .text.etimer_expiration_time
                0x000024f0       0x10 contiki-avr-atmega256rfr2.a(etimer.o)
                0x000024f0                etimer_expiration_time
 .text.etimer_pending
                0x00002500       0x16 contiki-avr-atmega256rfr2.a(etimer.o)
                0x00002500                etimer_pending
 .text.etimer_stop
                0x00002516       0x4e contiki-avr-atmega256rfr2.a(etimer.o)
                0x00002516                etimer_stop
 .text.call_process.part.0
                0x00002564       0x4e contiki-avr-atmega256rfr2.a(process.o)
 .text.call_process
                0x000025b2        0xc contiki-avr-atmega256rfr2.a(process.o)
 .text.exit_process
                0x000025be       0xd8 contiki-avr-atmega256rfr2.a(process.o)
 .text.do_poll  0x00002696       0x3e contiki-avr-atmega256rfr2.a(process.o)
 .text.process_alloc_event
                0x000026d4        0xe contiki-avr-atmega256rfr2.a(process.o)
                0x000026d4                process_alloc_event
 .text.process_init
                0x000026e2       0x20 contiki-avr-atmega256rfr2.a(process.o)
                0x000026e2                process_init
 .text.process_run
                0x00002702       0xc6 contiki-avr-atmega256rfr2.a(process.o)
                0x00002702                process_run
 .text.process_post
                0x000027c8       0x3c contiki-avr-atmega256rfr2.a(process.o)
                0x000027c8                process_post
 .text.process_post_synch
                0x00002804       0x1e contiki-avr-atmega256rfr2.a(process.o)
                0x00002804                process_post_synch
 .text.process_start
                0x00002822       0x42 contiki-avr-atmega256rfr2.a(process.o)
                0x00002822                process_start
 .text.process_poll
                0x00002864       0x18 contiki-avr-atmega256rfr2.a(process.o)
                0x00002864                process_poll
 .text.rtimer_init
                0x0000287c        0x4 contiki-avr-atmega256rfr2.a(rtimer.o)
                0x0000287c                rtimer_init
 .text.rtimer_run_next
                0x00002880       0x3e contiki-avr-atmega256rfr2.a(rtimer.o)
                0x00002880                rtimer_run_next
 .text.timer_set
                0x000028be       0x18 contiki-avr-atmega256rfr2.a(timer.o)
                0x000028be                timer_set
 .text.timer_reset
                0x000028d6       0x14 contiki-avr-atmega256rfr2.a(timer.o)
                0x000028d6                timer_reset
 .text.timer_restart
                0x000028ea       0x14 contiki-avr-atmega256rfr2.a(timer.o)
                0x000028ea                timer_restart
 .text.timer_expired
                0x000028fe       0x30 contiki-avr-atmega256rfr2.a(timer.o)
                0x000028fe                timer_expired
 .text.list_init
                0x0000292e        0x8 contiki-avr-atmega256rfr2.a(list.o)
                0x0000292e                list_init
 .text.list_head
                0x00002936        0x8 contiki-avr-atmega256rfr2.a(list.o)
                0x00002936                list_head
 .text.list_tail
                0x0000293e       0x20 contiki-avr-atmega256rfr2.a(list.o)
                0x0000293e                list_tail
 .text.list_remove
                0x0000295e       0x36 contiki-avr-atmega256rfr2.a(list.o)
                0x0000295e                list_remove
 .text.list_add
                0x00002994       0x32 contiki-avr-atmega256rfr2.a(list.o)
                0x00002994                list_add
 .text.list_push
                0x000029c6       0x28 contiki-avr-atmega256rfr2.a(list.o)
                0x000029c6                list_push
 .text.list_length
                0x000029ee       0x1a contiki-avr-atmega256rfr2.a(list.o)
                0x000029ee                list_length
 .text.list_item_next
                0x00002a08       0x12 contiki-avr-atmega256rfr2.a(list.o)
                0x00002a08                list_item_next
 .text.print_stats
                0x00002a1a      0x1c0 contiki-avr-atmega256rfr2.a(print-stats.o)
                0x00002a1a                print_stats
 .text.sicslowpan_init
                0x00002bda       0x1e contiki-avr-atmega256rfr2.a(sicslowpan.o)
                0x00002bda                sicslowpan_init
 .text.set_packet_attrs
                0x00002bf8       0x52 contiki-avr-atmega256rfr2.a(sicslowpan.o)
 .text.compress_addr_64
                0x00002c4a       0xcc contiki-avr-atmega256rfr2.a(sicslowpan.o)
 .text.addr_context_lookup_by_prefix
                0x00002d16       0x26 contiki-avr-atmega256rfr2.a(sicslowpan.o)
 .text.send_packet
                0x00002d3c       0x1e contiki-avr-atmega256rfr2.a(sicslowpan.o)
 .text.output   0x00002d5a      0x87c contiki-avr-atmega256rfr2.a(sicslowpan.o)
 .text.packet_sent
                0x000035d6       0x32 contiki-avr-atmega256rfr2.a(sicslowpan.o)
 .text.uncompress_addr
                0x00003608       0xe2 contiki-avr-atmega256rfr2.a(sicslowpan.o)
 .text.input    0x000036ea      0x78e contiki-avr-atmega256rfr2.a(sicslowpan.o)
 .text.chksum   0x00003e78       0x4a contiki-avr-atmega256rfr2.a(uip6.o)
 .text.upper_layer_chksum
                0x00003ec2       0x74 contiki-avr-atmega256rfr2.a(uip6.o)
 .text.ext_hdr_options_process
                0x00003f36       0xd4 contiki-avr-atmega256rfr2.a(uip6.o)
 .text.uip_add32
                0x0000400a       0x6e contiki-avr-atmega256rfr2.a(uip6.o)
                0x0000400a                uip_add32
 .text.unlikely.uip_add_rcv_nxt
                0x00004078       0x34 contiki-avr-atmega256rfr2.a(uip6.o)
 .text.uip_icmp6chksum
                0x000040ac        0x6 contiki-avr-atmega256rfr2.a(uip6.o)
                0x000040ac                uip_icmp6chksum
 .text.uip_tcpchksum
                0x000040b2        0x6 contiki-avr-atmega256rfr2.a(uip6.o)
                0x000040b2                uip_tcpchksum
 .text.uip_udpchksum
                0x000040b8        0x6 contiki-avr-atmega256rfr2.a(uip6.o)
                0x000040b8                uip_udpchksum
 .text.uip_init
                0x000040be       0x64 contiki-avr-atmega256rfr2.a(uip6.o)
                0x000040be                uip_init
 .text.remove_ext_hdr
                0x00004122       0x6c contiki-avr-atmega256rfr2.a(uip6.o)
                0x00004122                remove_ext_hdr
 .text.uip_unlisten
                0x0000418e       0x34 contiki-avr-atmega256rfr2.a(uip6.o)
                0x0000418e                uip_unlisten
 .text.uip_process
                0x000041c2     0x110c contiki-avr-atmega256rfr2.a(uip6.o)
                0x000041c2                uip_process
 .text.uip_htonl
                0x000052ce        0x6 contiki-avr-atmega256rfr2.a(uip6.o)
                0x000052ce                uip_htonl
 .text.uip_ds6_list_loop
                0x000052d4       0x96 contiki-avr-atmega256rfr2.a(uip-ds6.o)
                0x000052d4                uip_ds6_list_loop
 .text.uip_ds6_prefix_add
                0x0000536a       0xb6 contiki-avr-atmega256rfr2.a(uip-ds6.o)
                0x0000536a                uip_ds6_prefix_add
 .text.uip_ds6_is_addr_onlink
                0x00005420       0x60 contiki-avr-atmega256rfr2.a(uip-ds6.o)
                0x00005420                uip_ds6_is_addr_onlink
 .text.uip_ds6_addr_lookup
                0x00005480       0x3a contiki-avr-atmega256rfr2.a(uip-ds6.o)
                0x00005480                uip_ds6_addr_lookup
 .text.uip_ds6_get_link_local
                0x000054ba       0x5a contiki-avr-atmega256rfr2.a(uip-ds6.o)
                0x000054ba                uip_ds6_get_link_local
 .text.uip_ds6_maddr_add
                0x00005514       0x64 contiki-avr-atmega256rfr2.a(uip-ds6.o)
                0x00005514                uip_ds6_maddr_add
 .text.uip_ds6_addr_add
                0x00005578      0x104 contiki-avr-atmega256rfr2.a(uip-ds6.o)
                0x00005578                uip_ds6_addr_add
 .text.uip_ds6_maddr_rm
                0x0000567c        0xa contiki-avr-atmega256rfr2.a(uip-ds6.o)
                0x0000567c                uip_ds6_maddr_rm
 .text.uip_ds6_maddr_lookup
                0x00005686       0x3a contiki-avr-atmega256rfr2.a(uip-ds6.o)
                0x00005686                uip_ds6_maddr_lookup
 .text.uip_ds6_addr_rm
                0x000056c0       0x76 contiki-avr-atmega256rfr2.a(uip-ds6.o)
                0x000056c0                uip_ds6_addr_rm
 .text.uip_ds6_periodic
                0x00005736       0x5c contiki-avr-atmega256rfr2.a(uip-ds6.o)
                0x00005736                uip_ds6_periodic
 .text.uip_ds6_set_addr_iid
                0x00005792       0x1c contiki-avr-atmega256rfr2.a(uip-ds6.o)
                0x00005792                uip_ds6_set_addr_iid
 .text.get_match_length
                0x000057ae       0x2a contiki-avr-atmega256rfr2.a(uip-ds6.o)
                0x000057ae                get_match_length
 .text.uip_ds6_select_src
                0x000057d8       0xdc contiki-avr-atmega256rfr2.a(uip-ds6.o)
                0x000057d8                uip_ds6_select_src
 .text.uip_ds6_compute_reachable_time
                0x000058b4       0x58 contiki-avr-atmega256rfr2.a(uip-ds6.o)
                0x000058b4                uip_ds6_compute_reachable_time
 .text.uip_ds6_init
                0x0000590c      0x1e2 contiki-avr-atmega256rfr2.a(uip-ds6.o)
                0x0000590c                uip_ds6_init
 .text.uip_ds6_nbr_rm
                0x00005aee       0x2e contiki-avr-atmega256rfr2.a(uip-ds6-nbr.o)
                0x00005aee                uip_ds6_nbr_rm
 .text.uip_ds6_neighbors_init
                0x00005b1c       0x10 contiki-avr-atmega256rfr2.a(uip-ds6-nbr.o)
                0x00005b1c                uip_ds6_neighbors_init
 .text.uip_ds6_nbr_add
                0x00005b2c       0x86 contiki-avr-atmega256rfr2.a(uip-ds6-nbr.o)
                0x00005b2c                uip_ds6_nbr_add
 .text.uip_ds6_nbr_get_ll
                0x00005bb2        0xe contiki-avr-atmega256rfr2.a(uip-ds6-nbr.o)
                0x00005bb2                uip_ds6_nbr_get_ll
 .text.uip_ds6_nbr_lookup
                0x00005bc0       0x56 contiki-avr-atmega256rfr2.a(uip-ds6-nbr.o)
                0x00005bc0                uip_ds6_nbr_lookup
 .text.uip_ds6_nbr_ll_lookup
                0x00005c16        0xe contiki-avr-atmega256rfr2.a(uip-ds6-nbr.o)
                0x00005c16                uip_ds6_nbr_ll_lookup
 .text.uip_ds6_nbr_ipaddr_from_lladdr
                0x00005c24        0x4 contiki-avr-atmega256rfr2.a(uip-ds6-nbr.o)
                0x00005c24                uip_ds6_nbr_ipaddr_from_lladdr
 .text.uip_ds6_nbr_lladdr_from_ipaddr
                0x00005c28       0x12 contiki-avr-atmega256rfr2.a(uip-ds6-nbr.o)
                0x00005c28                uip_ds6_nbr_lladdr_from_ipaddr
 .text.uip_ds6_link_neighbor_callback
                0x00005c3a       0x48 contiki-avr-atmega256rfr2.a(uip-ds6-nbr.o)
                0x00005c3a                uip_ds6_link_neighbor_callback
 .text.uip_ds6_neighbor_periodic
                0x00005c82      0x17a contiki-avr-atmega256rfr2.a(uip-ds6-nbr.o)
                0x00005c82                uip_ds6_neighbor_periodic
 .text.call_route_callback
                0x00005dfc       0x64 contiki-avr-atmega256rfr2.a(uip-ds6-route.o)
 .text.uip_ds6_route_init
                0x00005e60       0x34 contiki-avr-atmega256rfr2.a(uip-ds6-route.o)
                0x00005e60                uip_ds6_route_init
 .text.uip_ds6_route_nexthop
                0x00005e94       0x1c contiki-avr-atmega256rfr2.a(uip-ds6-route.o)
                0x00005e94                uip_ds6_route_nexthop
 .text.uip_ds6_route_head
                0x00005eb0        0x8 contiki-avr-atmega256rfr2.a(uip-ds6-route.o)
                0x00005eb0                uip_ds6_route_head
 .text.uip_ds6_route_next
                0x00005eb8        0xe contiki-avr-atmega256rfr2.a(uip-ds6-route.o)
                0x00005eb8                uip_ds6_route_next
 .text.uip_ds6_route_lookup
                0x00005ec6       0x96 contiki-avr-atmega256rfr2.a(uip-ds6-route.o)
                0x00005ec6                uip_ds6_route_lookup
 .text.uip_ds6_route_rm
                0x00005f5c       0xce contiki-avr-atmega256rfr2.a(uip-ds6-route.o)
                0x00005f5c                uip_ds6_route_rm
 .text.rm_routelist
                0x0000602a       0x3e contiki-avr-atmega256rfr2.a(uip-ds6-route.o)
 .text.rm_routelist_callback
                0x00006068        0x4 contiki-avr-atmega256rfr2.a(uip-ds6-route.o)
 .text.uip_ds6_route_add
                0x0000606c      0x142 contiki-avr-atmega256rfr2.a(uip-ds6-route.o)
                0x0000606c                uip_ds6_route_add
 .text.uip_ds6_defrt_rm
                0x000061ae       0x5c contiki-avr-atmega256rfr2.a(uip-ds6-route.o)
                0x000061ae                uip_ds6_defrt_rm
 .text.uip_ds6_defrt_lookup
                0x0000620a       0x44 contiki-avr-atmega256rfr2.a(uip-ds6-route.o)
                0x0000620a                uip_ds6_defrt_lookup
 .text.uip_ds6_defrt_add
                0x0000624e       0x8c contiki-avr-atmega256rfr2.a(uip-ds6-route.o)
                0x0000624e                uip_ds6_defrt_add
 .text.uip_ds6_defrt_choose
                0x000062da       0x48 contiki-avr-atmega256rfr2.a(uip-ds6-route.o)
                0x000062da                uip_ds6_defrt_choose
 .text.uip_ds6_defrt_periodic
                0x00006322       0x3a contiki-avr-atmega256rfr2.a(uip-ds6-route.o)
                0x00006322                uip_ds6_defrt_periodic
 .text.echo_reply_input
                0x0000635c      0x15a contiki-avr-atmega256rfr2.a(uip-icmp6.o)
 .text.echo_request_input
                0x000064b6      0x14a contiki-avr-atmega256rfr2.a(uip-icmp6.o)
 .text.uip_icmp6_input
                0x00006600       0x4e contiki-avr-atmega256rfr2.a(uip-icmp6.o)
                0x00006600                uip_icmp6_input
 .text.uip_icmp6_register_input_handler
                0x0000664e        0xa contiki-avr-atmega256rfr2.a(uip-icmp6.o)
                0x0000664e                uip_icmp6_register_input_handler
 .text.uip_icmp6_error_output
                0x00006658      0x1cc contiki-avr-atmega256rfr2.a(uip-icmp6.o)
                0x00006658                uip_icmp6_error_output
 .text.uip_icmp6_send
                0x00006824       0xb0 contiki-avr-atmega256rfr2.a(uip-icmp6.o)
                0x00006824                uip_icmp6_send
 .text.uip_icmp6_init
                0x000068d4       0x10 contiki-avr-atmega256rfr2.a(uip-icmp6.o)
                0x000068d4                uip_icmp6_init
 .text.na_input
                0x000068e4      0x28e contiki-avr-atmega256rfr2.a(uip-nd6.o)
 .text.ns_input
                0x00006b72      0x360 contiki-avr-atmega256rfr2.a(uip-nd6.o)
 .text.uip_nd6_ns_output
                0x00006ed2      0x200 contiki-avr-atmega256rfr2.a(uip-nd6.o)
                0x00006ed2                uip_nd6_ns_output
 .text.uip_nd6_init
                0x000070d2       0x10 contiki-avr-atmega256rfr2.a(uip-nd6.o)
                0x000070d2                uip_nd6_init
 .text.start_periodic_tcp_timer
                0x000070e2       0x16 contiki-avr-atmega256rfr2.a(tcpip.o)
 .text.tcpip_output
                0x000070f8       0x12 contiki-avr-atmega256rfr2.a(tcpip.o)
                0x000070f8                tcpip_output
 .text.tcpip_set_outputfunc
                0x0000710a        0xa contiki-avr-atmega256rfr2.a(tcpip.o)
                0x0000710a                tcpip_set_outputfunc
 .text.tcpip_icmp6_call
                0x00007114       0x2e contiki-avr-atmega256rfr2.a(tcpip.o)
                0x00007114                tcpip_icmp6_call
 .text.tcpip_input
                0x00007142       0x1c contiki-avr-atmega256rfr2.a(tcpip.o)
                0x00007142                tcpip_input
 .text.tcpip_ipv6_output
                0x0000715e      0x274 contiki-avr-atmega256rfr2.a(tcpip.o)
                0x0000715e                tcpip_ipv6_output
 .text.process_thread_tcpip_process
                0x000073d2      0x218 contiki-avr-atmega256rfr2.a(tcpip.o)
 .text.tcpip_uipcall
                0x000075ea       0x8a contiki-avr-atmega256rfr2.a(tcpip.o)
                0x000075ea                tcpip_uipcall
 .text.uip_debug_ipaddr_print
                0x00007674       0xe6 contiki-avr-atmega256rfr2.a(uip-debug.o)
                0x00007674                uip_debug_ipaddr_print
 .text.packet_timedout
                0x0000775a       0x1c contiki-avr-atmega256rfr2.a(uip-packetqueue)
 .text.uip_packetqueue_new
                0x00007776        0x8 contiki-avr-atmega256rfr2.a(uip-packetqueue)
                0x00007776                uip_packetqueue_new
 .text.uip_packetqueue_alloc
                0x0000777e       0x5e contiki-avr-atmega256rfr2.a(uip-packetqueue)
                0x0000777e                uip_packetqueue_alloc
 .text.uip_packetqueue_free
                0x000077dc       0x2c contiki-avr-atmega256rfr2.a(uip-packetqueue)
                0x000077dc                uip_packetqueue_free
 .text.uip_packetqueue_buf
                0x00007808       0x14 contiki-avr-atmega256rfr2.a(uip-packetqueue)
                0x00007808                uip_packetqueue_buf
 .text.uip_packetqueue_buflen
                0x0000781c       0x1c contiki-avr-atmega256rfr2.a(uip-packetqueue)
                0x0000781c                uip_packetqueue_buflen
 .text.uip_packetqueue_set_buflen
                0x00007838       0x16 contiki-avr-atmega256rfr2.a(uip-packetqueue)
                0x00007838                uip_packetqueue_set_buflen
 .text.uip_split_output
                0x0000784e       0xf2 contiki-avr-atmega256rfr2.a(uip-split.o)
                0x0000784e                uip_split_output
 .text.rpl_get_mode
                0x00007940        0xa contiki-avr-atmega256rfr2.a(rpl.o)
                0x00007940                rpl_get_mode
 .text.rpl_purge_routes
                0x0000794a       0xca contiki-avr-atmega256rfr2.a(rpl.o)
                0x0000794a                rpl_purge_routes
 .text.rpl_remove_routes
                0x00007a14       0x2c contiki-avr-atmega256rfr2.a(rpl.o)
                0x00007a14                rpl_remove_routes
 .text.rpl_remove_routes_by_nexthop
                0x00007a40       0x56 contiki-avr-atmega256rfr2.a(rpl.o)
                0x00007a40                rpl_remove_routes_by_nexthop
 .text.rpl_add_route
                0x00007a96       0x46 contiki-avr-atmega256rfr2.a(rpl.o)
                0x00007a96                rpl_add_route
 .text.rpl_link_neighbor_callback
                0x00007adc       0xa2 contiki-avr-atmega256rfr2.a(rpl.o)
                0x00007adc                rpl_link_neighbor_callback
 .text.rpl_ipv6_neighbor_callback
                0x00007b7e       0x28 contiki-avr-atmega256rfr2.a(rpl.o)
                0x00007b7e                rpl_ipv6_neighbor_callback
 .text.rpl_init
                0x00007ba6       0x78 contiki-avr-atmega256rfr2.a(rpl.o)
                0x00007ba6                rpl_init
 .text.lollipop_greater_than
                0x00007c1e       0x48 contiki-avr-atmega256rfr2.a(rpl-dag.o)
 .text.rpl_set_preferred_parent
                0x00007c66       0x3e contiki-avr-atmega256rfr2.a(rpl-dag.o)
 .text.set_ip_from_prefix
                0x00007ca4       0x38 contiki-avr-atmega256rfr2.a(rpl-dag.o)
 .text.check_prefix
                0x00007cdc       0xb4 contiki-avr-atmega256rfr2.a(rpl-dag.o)
 .text.find_parent_any_dag_any_instance
                0x00007d90       0x12 contiki-avr-atmega256rfr2.a(rpl-dag.o)
 .text.rpl_get_nbr
                0x00007da2       0x22 contiki-avr-atmega256rfr2.a(rpl-dag.o)
                0x00007da2                rpl_get_nbr
 .text.rpl_dag_init
                0x00007dc4        0xc contiki-avr-atmega256rfr2.a(rpl-dag.o)
                0x00007dc4                rpl_dag_init
 .text.rpl_get_parent
                0x00007dd0        0xa contiki-avr-atmega256rfr2.a(rpl-dag.o)
                0x00007dd0                rpl_get_parent
 .text.rpl_get_parent_ipaddr
                0x00007dda        0xe contiki-avr-atmega256rfr2.a(rpl-dag.o)
                0x00007dda                rpl_get_parent_ipaddr
 .text.rpl_set_prefix
                0x00007de8       0xb4 contiki-avr-atmega256rfr2.a(rpl-dag.o)
                0x00007de8                rpl_set_prefix
 .text.rpl_set_default_route
                0x00007e9c       0x7c contiki-avr-atmega256rfr2.a(rpl-dag.o)
                0x00007e9c                rpl_set_default_route
 .text.rpl_alloc_instance
                0x00007f18       0x2a contiki-avr-atmega256rfr2.a(rpl-dag.o)
                0x00007f18                rpl_alloc_instance
 .text.rpl_add_parent
                0x00007f42       0x72 contiki-avr-atmega256rfr2.a(rpl-dag.o)
                0x00007f42                rpl_add_parent
 .text.rpl_find_parent
                0x00007fb4       0x2a contiki-avr-atmega256rfr2.a(rpl-dag.o)
                0x00007fb4                rpl_find_parent
 .text.rpl_find_parent_any_dag
                0x00007fde       0x36 contiki-avr-atmega256rfr2.a(rpl-dag.o)
                0x00007fde                rpl_find_parent_any_dag
 .text.rpl_select_parent
                0x00008014       0x8e contiki-avr-atmega256rfr2.a(rpl-dag.o)
                0x00008014                rpl_select_parent
 .text.rpl_select_dag
                0x000080a2      0x248 contiki-avr-atmega256rfr2.a(rpl-dag.o)
                0x000080a2                rpl_select_dag
 .text.rpl_nullify_parent
                0x000082ea       0x70 contiki-avr-atmega256rfr2.a(rpl-dag.o)
                0x000082ea                rpl_nullify_parent
 .text.rpl_remove_parent
                0x0000835a       0x18 contiki-avr-atmega256rfr2.a(rpl-dag.o)
                0x0000835a                rpl_remove_parent
 .text.nbr_callback
                0x00008372        0x4 contiki-avr-atmega256rfr2.a(rpl-dag.o)
 .text.remove_parents.constprop.4
                0x00008376       0x3e contiki-avr-atmega256rfr2.a(rpl-dag.o)
 .text.rpl_free_dag
                0x000083b4       0x34 contiki-avr-atmega256rfr2.a(rpl-dag.o)
                0x000083b4                rpl_free_dag
 .text.rpl_free_instance
                0x000083e8       0x88 contiki-avr-atmega256rfr2.a(rpl-dag.o)
                0x000083e8                rpl_free_instance
 .text.rpl_move_parent
                0x00008470       0x7c contiki-avr-atmega256rfr2.a(rpl-dag.o)
                0x00008470                rpl_move_parent
 .text.rpl_get_any_dag
                0x000084ec       0x1e contiki-avr-atmega256rfr2.a(rpl-dag.o)
                0x000084ec                rpl_get_any_dag
 .text.rpl_get_instance
                0x0000850a       0x1c contiki-avr-atmega256rfr2.a(rpl-dag.o)
                0x0000850a                rpl_get_instance
 .text.get_dag  0x00008526       0x6a contiki-avr-atmega256rfr2.a(rpl-dag.o)
 .text.rpl_repair_root
                0x00008590       0x52 contiki-avr-atmega256rfr2.a(rpl-dag.o)
                0x00008590                rpl_repair_root
 .text.rpl_alloc_dag
                0x000085e2       0x5e contiki-avr-atmega256rfr2.a(rpl-dag.o)
                0x000085e2                rpl_alloc_dag
 .text.rpl_find_of
                0x00008640       0x1a contiki-avr-atmega256rfr2.a(rpl-dag.o)
                0x00008640                rpl_find_of
 .text.rpl_join_instance
                0x0000865a      0x1e4 contiki-avr-atmega256rfr2.a(rpl-dag.o)
                0x0000865a                rpl_join_instance
 .text.rpl_local_repair
                0x0000883e       0x9e contiki-avr-atmega256rfr2.a(rpl-dag.o)
                0x0000883e                rpl_local_repair
 .text.rpl_process_parent_event
                0x000088dc       0xd8 contiki-avr-atmega256rfr2.a(rpl-dag.o)
                0x000088dc                rpl_process_parent_event
 .text.rpl_add_dag
                0x000089b4      0x178 contiki-avr-atmega256rfr2.a(rpl-dag.o)
                0x000089b4                rpl_add_dag
 .text.rpl_recalculate_ranks
                0x00008b2c       0x48 contiki-avr-atmega256rfr2.a(rpl-dag.o)
                0x00008b2c                rpl_recalculate_ranks
 .text.rpl_process_dio
                0x00008b74      0x40e contiki-avr-atmega256rfr2.a(rpl-dag.o)
                0x00008b74                rpl_process_dio
 .text.rpl_lock_parent
                0x00008f82        0xa contiki-avr-atmega256rfr2.a(rpl-dag.o)
                0x00008f82                rpl_lock_parent
 .text.rpl_verify_header
                0x00008f8c       0xc6 contiki-avr-atmega256rfr2.a(rpl-ext-header.)
                0x00008f8c                rpl_verify_header
 .text.rpl_update_header_empty
                0x00009052      0x166 contiki-avr-atmega256rfr2.a(rpl-ext-header.)
                0x00009052                rpl_update_header_empty
 .text.rpl_update_header_final
                0x000091b8       0xd4 contiki-avr-atmega256rfr2.a(rpl-ext-header.)
                0x000091b8                rpl_update_header_final
 .text.rpl_invert_header
                0x0000928c       0x86 contiki-avr-atmega256rfr2.a(rpl-ext-header.)
                0x0000928c                rpl_invert_header
 .text.rpl_insert_header
                0x00009312       0x1a contiki-avr-atmega256rfr2.a(rpl-ext-header.)
                0x00009312                rpl_insert_header
 .text.get32    0x0000932c       0x1c contiki-avr-atmega256rfr2.a(rpl-icmp6.o)
 .text.set32    0x00009348       0x10 contiki-avr-atmega256rfr2.a(rpl-icmp6.o)
 .text.get16    0x00009358       0x10 contiki-avr-atmega256rfr2.a(rpl-icmp6.o)
 .text.set16    0x00009368        0xc contiki-avr-atmega256rfr2.a(rpl-icmp6.o)
 .text.dao_ack_input
                0x00009374        0xa contiki-avr-atmega256rfr2.a(rpl-icmp6.o)
 .text.dio_input
                0x0000937e      0x354 contiki-avr-atmega256rfr2.a(rpl-icmp6.o)
 .text.dis_output
                0x000096d2       0x74 contiki-avr-atmega256rfr2.a(rpl-icmp6.o)
                0x000096d2                dis_output
 .text.dio_output
                0x00009746      0x310 contiki-avr-atmega256rfr2.a(rpl-icmp6.o)
                0x00009746                dio_output
 .text.dis_input
                0x00009a56       0x30 contiki-avr-atmega256rfr2.a(rpl-icmp6.o)
 .text.dao_output_target
                0x00009a86      0x11e contiki-avr-atmega256rfr2.a(rpl-icmp6.o)
                0x00009a86                dao_output_target
 .text.dao_output
                0x00009ba4       0x88 contiki-avr-atmega256rfr2.a(rpl-icmp6.o)
                0x00009ba4                dao_output
 .text.dao_ack_output
                0x00009c2c       0x36 contiki-avr-atmega256rfr2.a(rpl-icmp6.o)
                0x00009c2c                dao_ack_output
 .text.dao_input
                0x00009c62      0x35c contiki-avr-atmega256rfr2.a(rpl-icmp6.o)
 .text.rpl_icmp6_register_handlers
                0x00009fbe       0x20 contiki-avr-atmega256rfr2.a(rpl-icmp6.o)
                0x00009fbe                rpl_icmp6_register_handlers
 .text.reset    0x00009fde        0x2 contiki-avr-atmega256rfr2.a(rpl-mrhof.o)
 .text.update_metric_container
                0x00009fe0        0x6 contiki-avr-atmega256rfr2.a(rpl-mrhof.o)
 .text.calculate_rank
                0x00009fe6       0x54 contiki-avr-atmega256rfr2.a(rpl-mrhof.o)
 .text.neighbor_link_callback
                0x0000a03a       0xae contiki-avr-atmega256rfr2.a(rpl-mrhof.o)
 .text.best_dag
                0x0000a0e8       0x40 contiki-avr-atmega256rfr2.a(rpl-mrhof.o)
 .text.best_parent
                0x0000a128       0xa6 contiki-avr-atmega256rfr2.a(rpl-mrhof.o)
 .text.new_dio_interval
                0x0000a1ce       0x9c contiki-avr-atmega256rfr2.a(rpl-timers.o)
 .text.handle_periodic_timer
                0x0000a26a       0x46 contiki-avr-atmega256rfr2.a(rpl-timers.o)
 .text.set_dao_lifetime_timer
                0x0000a2b0       0x5a contiki-avr-atmega256rfr2.a(rpl-timers.o)
 .text.handle_dio_timer
                0x0000a30a       0xb4 contiki-avr-atmega256rfr2.a(rpl-timers.o)
 .text.schedule_dao
                0x0000a3be       0x80 contiki-avr-atmega256rfr2.a(rpl-timers.o)
 .text.handle_dao_timer
                0x0000a43e       0x7e contiki-avr-atmega256rfr2.a(rpl-timers.o)
 .text.rpl_reset_periodic_timer
                0x0000a4bc       0x3a contiki-avr-atmega256rfr2.a(rpl-timers.o)
                0x0000a4bc                rpl_reset_periodic_timer
 .text.rpl_reset_dio_timer
                0x0000a4f6       0x20 contiki-avr-atmega256rfr2.a(rpl-timers.o)
                0x0000a4f6                rpl_reset_dio_timer
 .text.rpl_schedule_dao
                0x0000a516        0x8 contiki-avr-atmega256rfr2.a(rpl-timers.o)
                0x0000a516                rpl_schedule_dao
 .text.parse    0x0000a51e       0xd4 contiki-avr-atmega256rfr2.a(framer-802154.o)
 .text.create_frame.isra.0
                0x0000a5f2      0x14c contiki-avr-atmega256rfr2.a(framer-802154.o)
 .text.create   0x0000a73e        0x8 contiki-avr-atmega256rfr2.a(framer-802154.o)
 .text.hdr_length
                0x0000a746        0x8 contiki-avr-atmega256rfr2.a(framer-802154.o)
 .text.framer_canonical_create_and_secure
                0x0000a74e       0x34 contiki-avr-atmega256rfr2.a(framer.o)
                0x0000a74e                framer_canonical_create_and_secure
 .text.send_packet
                0x0000a782        0xa contiki-avr-atmega256rfr2.a(nullmac.o)
 .text.packet_input
                0x0000a78c        0xa contiki-avr-atmega256rfr2.a(nullmac.o)
 .text.on       0x0000a796        0xa contiki-avr-atmega256rfr2.a(nullmac.o)
 .text.off      0x0000a7a0        0xa contiki-avr-atmega256rfr2.a(nullmac.o)
 .text.channel_check_interval
                0x0000a7aa        0x6 contiki-avr-atmega256rfr2.a(nullmac.o)
 .text.init     0x0000a7b0        0x2 contiki-avr-atmega256rfr2.a(nullmac.o)
 .text.linkaddr_copy
                0x0000a7b2       0x10 contiki-avr-atmega256rfr2.a(linkaddr.o)
                0x0000a7b2                linkaddr_copy
 .text.linkaddr_cmp
                0x0000a7c2       0x18 contiki-avr-atmega256rfr2.a(linkaddr.o)
                0x0000a7c2                linkaddr_cmp
 .text.linkaddr_set_node_addr
                0x0000a7da        0xa contiki-avr-atmega256rfr2.a(linkaddr.o)
                0x0000a7da                linkaddr_set_node_addr
 .text.index_from_key
                0x0000a7e4       0x32 contiki-avr-atmega256rfr2.a(nbr-table.o)
 .text.nbr_set_bit
                0x0000a816       0x66 contiki-avr-atmega256rfr2.a(nbr-table.o)
 .text.index_from_lladdr
                0x0000a87c       0x5a contiki-avr-atmega256rfr2.a(nbr-table.o)
 .text.key_from_item
                0x0000a8d6       0x48 contiki-avr-atmega256rfr2.a(nbr-table.o)
 .text.item_from_key
                0x0000a91e       0x3e contiki-avr-atmega256rfr2.a(nbr-table.o)
 .text.nbr_get_bit.constprop.0
                0x0000a95c       0x4a contiki-avr-atmega256rfr2.a(nbr-table.o)
 .text.nbr_table_register
                0x0000a9a6       0x40 contiki-avr-atmega256rfr2.a(nbr-table.o)
                0x0000a9a6                nbr_table_register
 .text.nbr_table_next
                0x0000a9e6       0x3e contiki-avr-atmega256rfr2.a(nbr-table.o)
                0x0000a9e6                nbr_table_next
 .text.nbr_table_head
                0x0000aa24       0x44 contiki-avr-atmega256rfr2.a(nbr-table.o)
                0x0000aa24                nbr_table_head
 .text.nbr_table_add_lladdr
                0x0000aa68      0x1c0 contiki-avr-atmega256rfr2.a(nbr-table.o)
                0x0000aa68                nbr_table_add_lladdr
 .text.nbr_table_get_from_lladdr
                0x0000ac28       0x5e contiki-avr-atmega256rfr2.a(nbr-table.o)
                0x0000ac28                nbr_table_get_from_lladdr
 .text.nbr_table_remove
                0x0000ac86       0x42 contiki-avr-atmega256rfr2.a(nbr-table.o)
                0x0000ac86                nbr_table_remove
 .text.nbr_table_lock
                0x0000acc8       0x10 contiki-avr-atmega256rfr2.a(nbr-table.o)
                0x0000acc8                nbr_table_lock
 .text.nbr_table_unlock
                0x0000acd8       0x10 contiki-avr-atmega256rfr2.a(nbr-table.o)
                0x0000acd8                nbr_table_unlock
 .text.nbr_table_get_lladdr
                0x0000ace8       0x12 contiki-avr-atmega256rfr2.a(nbr-table.o)
                0x0000ace8                nbr_table_get_lladdr
 .text.netstack_init
                0x0000acfa       0x28 contiki-avr-atmega256rfr2.a(netstack.o)
                0x0000acfa                netstack_init
 .text.packetbuf_copyto_hdr
                0x0000ad22       0x24 contiki-avr-atmega256rfr2.a(packetbuf.o)
                0x0000ad22                packetbuf_copyto_hdr
 .text.packetbuf_copyto
                0x0000ad46       0x7a contiki-avr-atmega256rfr2.a(packetbuf.o)
                0x0000ad46                packetbuf_copyto
 .text.packetbuf_hdrreduce
                0x0000adc0       0x3a contiki-avr-atmega256rfr2.a(packetbuf.o)
                0x0000adc0                packetbuf_hdrreduce
 .text.packetbuf_set_datalen
                0x0000adfa        0xa contiki-avr-atmega256rfr2.a(packetbuf.o)
                0x0000adfa                packetbuf_set_datalen
 .text.packetbuf_dataptr
                0x0000ae04        0xe contiki-avr-atmega256rfr2.a(packetbuf.o)
                0x0000ae04                packetbuf_dataptr
 .text.packetbuf_hdrptr
                0x0000ae12        0xc contiki-avr-atmega256rfr2.a(packetbuf.o)
                0x0000ae12                packetbuf_hdrptr
 .text.packetbuf_is_reference
                0x0000ae1e       0x18 contiki-avr-atmega256rfr2.a(packetbuf.o)
                0x0000ae1e                packetbuf_is_reference
 .text.packetbuf_compact
                0x0000ae36       0x5e contiki-avr-atmega256rfr2.a(packetbuf.o)
                0x0000ae36                packetbuf_compact
 .text.packetbuf_reference_ptr
                0x0000ae94        0xa contiki-avr-atmega256rfr2.a(packetbuf.o)
                0x0000ae94                packetbuf_reference_ptr
 .text.packetbuf_datalen
                0x0000ae9e        0xa contiki-avr-atmega256rfr2.a(packetbuf.o)
                0x0000ae9e                packetbuf_datalen
 .text.packetbuf_hdrlen
                0x0000aea8       0x10 contiki-avr-atmega256rfr2.a(packetbuf.o)
                0x0000aea8                packetbuf_hdrlen
 .text.packetbuf_totlen
                0x0000aeb8       0x16 contiki-avr-atmega256rfr2.a(packetbuf.o)
                0x0000aeb8                packetbuf_totlen
 .text.packetbuf_hdralloc
                0x0000aece       0x3c contiki-avr-atmega256rfr2.a(packetbuf.o)
                0x0000aece                packetbuf_hdralloc
 .text.packetbuf_attr_clear
                0x0000af0a       0x32 contiki-avr-atmega256rfr2.a(packetbuf.o)
                0x0000af0a                packetbuf_attr_clear
 .text.packetbuf_clear
                0x0000af3c       0x26 contiki-avr-atmega256rfr2.a(packetbuf.o)
                0x0000af3c                packetbuf_clear
 .text.packetbuf_copyfrom
                0x0000af62       0x60 contiki-avr-atmega256rfr2.a(packetbuf.o)
                0x0000af62                packetbuf_copyfrom
 .text.packetbuf_attr_copyto
                0x0000afc2       0x22 contiki-avr-atmega256rfr2.a(packetbuf.o)
                0x0000afc2                packetbuf_attr_copyto
 .text.packetbuf_attr_copyfrom
                0x0000afe4       0x22 contiki-avr-atmega256rfr2.a(packetbuf.o)
                0x0000afe4                packetbuf_attr_copyfrom
 .text.packetbuf_set_attr
                0x0000b006       0x16 contiki-avr-atmega256rfr2.a(packetbuf.o)
                0x0000b006                packetbuf_set_attr
 .text.packetbuf_attr
                0x0000b01c       0x12 contiki-avr-atmega256rfr2.a(packetbuf.o)
                0x0000b01c                packetbuf_attr
 .text.packetbuf_set_addr
                0x0000b02e       0x16 contiki-avr-atmega256rfr2.a(packetbuf.o)
                0x0000b02e                packetbuf_set_addr
 .text.packetbuf_addr
                0x0000b044        0xe contiki-avr-atmega256rfr2.a(packetbuf.o)
                0x0000b044                packetbuf_addr
 .text.packetbuf_holds_broadcast
                0x0000b052        0xc contiki-avr-atmega256rfr2.a(packetbuf.o)
                0x0000b052                packetbuf_holds_broadcast
 .text.queuebuf_init
                0x0000b05e       0x18 contiki-avr-atmega256rfr2.a(queuebuf.o)
                0x0000b05e                queuebuf_init
 .text.queuebuf_numfree
                0x0000b076       0x16 contiki-avr-atmega256rfr2.a(queuebuf.o)
                0x0000b076                queuebuf_numfree
 .text.queuebuf_new_from_packetbuf
                0x0000b08c       0x9a contiki-avr-atmega256rfr2.a(queuebuf.o)
                0x0000b08c                queuebuf_new_from_packetbuf
 .text.queuebuf_free
                0x0000b126       0x4a contiki-avr-atmega256rfr2.a(queuebuf.o)
                0x0000b126                queuebuf_free
 .text.queuebuf_to_packetbuf
                0x0000b170       0x92 contiki-avr-atmega256rfr2.a(queuebuf.o)
                0x0000b170                queuebuf_to_packetbuf
 .text.on       0x0000b202        0xa contiki-avr-atmega256rfr2.a(sicslowmac.o)
 .text.channel_check_interval
                0x0000b20c        0x6 contiki-avr-atmega256rfr2.a(sicslowmac.o)
 .text.send_packet
                0x0000b212      0x128 contiki-avr-atmega256rfr2.a(sicslowmac.o)
 .text.send_list
                0x0000b33a       0x4a contiki-avr-atmega256rfr2.a(sicslowmac.o)
                0x0000b33a                send_list
 .text.input_packet
                0x0000b384       0xd8 contiki-avr-atmega256rfr2.a(sicslowmac.o)
 .text.init     0x0000b45c       0x12 contiki-avr-atmega256rfr2.a(sicslowmac.o)
 .text.off      0x0000b46e       0x18 contiki-avr-atmega256rfr2.a(sicslowmac.o)
 .text.bootstrap
                0x0000b486        0x4 contiki-avr-atmega256rfr2.a(nullsec.o)
 .text.on_frame_created
                0x0000b48a        0x6 contiki-avr-atmega256rfr2.a(nullsec.o)
 .text.input    0x0000b490        0xa contiki-avr-atmega256rfr2.a(nullsec.o)
 .text.get_overhead
                0x0000b49a        0x4 contiki-avr-atmega256rfr2.a(nullsec.o)
 .text.send     0x0000b49e       0x2c contiki-avr-atmega256rfr2.a(nullsec.o)
 .text.stimer_set
                0x0000b4ca       0x20 contiki-avr-atmega256rfr2.a(stimer.o)
                0x0000b4ca                stimer_set
 .text.stimer_expired
                0x0000b4ea       0x5c contiki-avr-atmega256rfr2.a(stimer.o)
                0x0000b4ea                stimer_expired
 .text.memb_init
                0x0000b546       0x3c contiki-avr-atmega256rfr2.a(memb.o)
                0x0000b546                memb_init
 .text.memb_alloc
                0x0000b582       0x4a contiki-avr-atmega256rfr2.a(memb.o)
                0x0000b582                memb_alloc
 .text.memb_free
                0x0000b5cc       0x4a contiki-avr-atmega256rfr2.a(memb.o)
                0x0000b5cc                memb_free
 .text.memb_inmemb
                0x0000b616       0x3a contiki-avr-atmega256rfr2.a(memb.o)
                0x0000b616                memb_inmemb
 .text.memb_numfree
                0x0000b650       0x34 contiki-avr-atmega256rfr2.a(memb.o)
                0x0000b650                memb_numfree
 .text.field_len
                0x0000b684       0x8e contiki-avr-atmega256rfr2.a(frame802154.o)
 .text.frame802154_hdrlen
                0x0000b712       0x46 contiki-avr-atmega256rfr2.a(frame802154.o)
                0x0000b712                frame802154_hdrlen
 .text.frame802154_create
                0x0000b758      0x1ac contiki-avr-atmega256rfr2.a(frame802154.o)
                0x0000b758                frame802154_create
 .text.frame802154_parse
                0x0000b904      0x19c contiki-avr-atmega256rfr2.a(frame802154.o)
                0x0000b904                frame802154_parse
 .text.libgcc.div
                0x0000baa0       0x28 /usr/local/bin/../lib/gcc/avr/4.8.1/avr6/libgcc.a(_udivmodhi4.o)
                0x0000baa0                __udivmodhi4
 .text.libgcc.div
                0x0000bac8       0x28 /usr/local/bin/../lib/gcc/avr/4.8.1/avr6/libgcc.a(_divmodhi4.o)
                0x0000bac8                __divmodhi4
                0x0000bac8                _div
 .text.libgcc.div
                0x0000baf0       0x44 /usr/local/bin/../lib/gcc/avr/4.8.1/avr6/libgcc.a(_udivmodsi4.o)
                0x0000baf0                __udivmodsi4
 .text.libgcc   0x0000bb34        0xc /usr/local/bin/../lib/gcc/avr/4.8.1/avr6/libgcc.a(_tablejump.o)
                0x0000bb34                __tablejump2__
                0x0000bb38                __tablejump__
 .text.libgcc.builtins
                0x0000bb40        0xe /usr/local/bin/../lib/gcc/avr/4.8.1/avr6/libgcc.a(_bswapsi2.o)
                0x0000bb40                __bswapsi2
 .text.libgcc.mul
                0x0000bb4e       0x1e /usr/local/bin/../lib/gcc/avr/4.8.1/avr6/libgcc.a(_umulhisi3.o)
                0x0000bb4e                __umulhisi3
 .text.avr-libc
                0x0000bb6c       0xb8 /usr/local/bin/../lib/gcc/avr/4.8.1/../../../../avr/lib/avr6/libc.a(rand.o)
                0x0000bc02                rand_r
                0x0000bc06                rand
                0x0000bc0e                srand
 .text.avr-libc
                0x0000bc24       0x1a /usr/local/bin/../lib/gcc/avr/4.8.1/../../../../avr/lib/avr6/libc.a(memcmp.o)
                0x0000bc24                memcmp
 .text.avr-libc
                0x0000bc3e       0x12 /usr/local/bin/../lib/gcc/avr/4.8.1/../../../../avr/lib/avr6/libc.a(memcpy.o)
                0x0000bc3e                memcpy
 .text.avr-libc
                0x0000bc50       0x24 /usr/local/bin/../lib/gcc/avr/4.8.1/../../../../avr/lib/avr6/libc.a(memmove.o)
                0x0000bc50                memmove
 .text.avr-libc
                0x0000bc74        0xe /usr/local/bin/../lib/gcc/avr/4.8.1/../../../../avr/lib/avr6/libc.a(memset.o)
                0x0000bc74                memset
 .text.avr-libc
                0x0000bc82       0x24 /usr/local/bin/../lib/gcc/avr/4.8.1/../../../../avr/lib/avr6/libc.a(printf.o)
                0x0000bc82                printf
 .text.avr-libc
                0x0000bca6       0x48 /usr/local/bin/../lib/gcc/avr/4.8.1/../../../../avr/lib/avr6/libc.a(printf_p.o)
                0x0000bca6                printf_P
 .text.avr-libc
                0x0000bcee      0x3f6 /usr/local/bin/../lib/gcc/avr/4.8.1/../../../../avr/lib/avr6/libc.a(vfprintf_std.o)
                0x0000bcee                vfprintf
 .text.avr-libc
                0x0000c0e4       0x20 /usr/local/bin/../lib/gcc/avr/4.8.1/../../../../avr/lib/avr6/libc.a(eerd_block_atmega256rfr2.o)
                0x0000c0e4                __eerd_block_EEPROM_SUFFIX
                0x0000c0e8                __eerd_blraw_EEPROM_SUFFIX
 .text.avr-libc
                0x0000c104       0x10 /usr/local/bin/../lib/gcc/avr/4.8.1/../../../../avr/lib/avr6/libc.a(eerd_byte_atmega256rfr2.o)
                0x0000c104                __eerd_byte_EEPROM_SUFFIX
 .text.avr-libc
                0x0000c114        0xc /usr/local/bin/../lib/gcc/avr/4.8.1/../../../../avr/lib/avr6/libc.a(eerd_word_atmega256rfr2.o)
                0x0000c114                __eerd_word_EEPROM_SUFFIX
 .text.avr-libc
                0x0000c120       0x14 /usr/local/bin/../lib/gcc/avr/4.8.1/../../../../avr/lib/avr6/libc.a(eewr_block_atmega256rfr2.o)
                0x0000c120                __eewr_block_EEPROM_SUFFIX
 .text.avr-libc
                0x0000c134       0x1c /usr/local/bin/../lib/gcc/avr/4.8.1/../../../../avr/lib/avr6/libc.a(eewr_byte_atmega256rfr2.o)
                0x0000c134                __eewr_byte_EEPROM_SUFFIX
                0x0000c136                __eewr_r18_EEPROM_SUFFIX
 .text.avr-libc
                0x0000c150        0xa /usr/local/bin/../lib/gcc/avr/4.8.1/../../../../avr/lib/avr6/libc.a(eewr_word_atmega256rfr2.o)
                0x0000c150                __eewr_word_EEPROM_SUFFIX
 .text.avr-libc
                0x0000c15a       0x16 /usr/local/bin/../lib/gcc/avr/4.8.1/../../../../avr/lib/avr6/libc.a(strnlen_P.o)
                0x0000c15a                strnlen_P
 .text.avr-libc
                0x0000c170       0x16 /usr/local/bin/../lib/gcc/avr/4.8.1/../../../../avr/lib/avr6/libc.a(strnlen.o)
                0x0000c170                strnlen
 .text.avr-libc
                0x0000c186       0x64 /usr/local/bin/../lib/gcc/avr/4.8.1/../../../../avr/lib/avr6/libc.a(fputc.o)
                0x0000c186                fputc
 .text.avr-libc
                0x0000c1ea       0xbc /usr/local/bin/../lib/gcc/avr/4.8.1/../../../../avr/lib/avr6/libc.a(ultoa_invert.o)
                0x0000c1ea                __ultoa_invert
 .text.libgcc.div
                0x0000c2a6       0x2e /usr/local/bin/../lib/gcc/avr/4.8.1/avr6/libgcc.a(_divmodsi4.o)
                0x0000c2a6                __divmodsi4
 .text.libgcc.div
                0x0000c2d4       0x10 /usr/local/bin/../lib/gcc/avr/4.8.1/avr6/libgcc.a(_negsi2.o)
                0x0000c2d4                __negsi2
 .text.libgcc.mul
                0x0000c2e4       0x16 /usr/local/bin/../lib/gcc/avr/4.8.1/avr6/libgcc.a(_muluhisi3.o)
                0x0000c2e4                __muluhisi3
 .text.libgcc.mul
                0x0000c2fa       0x10 /usr/local/bin/../lib/gcc/avr/4.8.1/avr6/libgcc.a(_mulshisi3.o)
                0x0000c2fa                __mulshisi3
                0x0000c300                __mulohisi3
                0x0000c30a                . = ALIGN (0x2)
 *(.fini9)
 .fini9         0x0000c30a        0x0 /usr/local/bin/../lib/gcc/avr/4.8.1/avr6/libgcc.a(_exit.o)
                0x0000c30a                exit
                0x0000c30a                _exit
 *(.fini9)
 *(.fini8)
 *(.fini8)
 *(.fini7)
 *(.fini7)
 *(.fini6)
 *(.fini6)
 *(.fini5)
 *(.fini5)
 *(.fini4)
 *(.fini4)
 *(.fini3)
 *(.fini3)
 *(.fini2)
 *(.fini2)
 *(.fini1)
 *(.fini1)
 *(.fini0)
 .fini0         0x0000c30a        0x4 /usr/local/bin/../lib/gcc/avr/4.8.1/avr6/libgcc.a(_exit.o)
 *(.fini0)
                0x0000c30e                _etext = .

.data           0x00800200      0x24e load address 0x0000c30e
                0x00800200                PROVIDE (__data_start, .)
 *(.data)
 .data          0x00800200        0x4 /usr/local/bin/../lib/gcc/avr/4.8.1/../../../../avr/lib/avr6/libc.a(rand.o)
 *(.data*)
 .data.blink_process
                0x00800204        0xa hello-world.co
                0x00800204                blink_process
 .data.hello_world_process
                0x0080020e        0xa hello-world.co
                0x0080020e                hello_world_process
 .data.rs232_stdout
                0x00800218        0xe contiki-avr-atmega256rfr2.a(rs232.o)
 .data.rf230_process
                0x00800226        0xa contiki-avr-atmega256rfr2.a(rf230bb.o)
                0x00800226                rf230_process
 .data.ctimer_process
                0x00800230        0xa contiki-avr-atmega256rfr2.a(ctimer.o)
                0x00800230                ctimer_process
 .data.etimer_process
                0x0080023a        0xa contiki-avr-atmega256rfr2.a(etimer.o)
                0x0080023a                etimer_process
 .data.ds6_neighbors
                0x00800244        0x2 contiki-avr-atmega256rfr2.a(uip-ds6-nbr.o)
                0x00800244                ds6_neighbors
 .data.ds6_neighbors_struct
                0x00800246        0x8 contiki-avr-atmega256rfr2.a(uip-ds6-nbr.o)
 .data.defaultroutermemb
                0x0080024e        0x8 contiki-avr-atmega256rfr2.a(uip-ds6-route.o)
 .data.routememb
                0x00800256        0x8 contiki-avr-atmega256rfr2.a(uip-ds6-route.o)
 .data.neighborroutememb
                0x0080025e        0x8 contiki-avr-atmega256rfr2.a(uip-ds6-route.o)
 .data.nbr_routes_struct
                0x00800266        0x8 contiki-avr-atmega256rfr2.a(uip-ds6-route.o)
 .data.echo_reply_handler
                0x0080026e        0x6 contiki-avr-atmega256rfr2.a(uip-icmp6.o)
 .data.echo_request_handler
                0x00800274        0x6 contiki-avr-atmega256rfr2.a(uip-icmp6.o)
 .data.na_input_handler
                0x0080027a        0x6 contiki-avr-atmega256rfr2.a(uip-nd6.o)
 .data.ns_input_handler
                0x00800280        0x6 contiki-avr-atmega256rfr2.a(uip-nd6.o)
 .data.tcpip_process
                0x00800286        0xa contiki-avr-atmega256rfr2.a(tcpip.o)
                0x00800286                tcpip_process
 .data.packets_memb
                0x00800290        0x8 contiki-avr-atmega256rfr2.a(uip-packetqueue)
 .data.rpl_parents_struct
                0x00800298        0x8 contiki-avr-atmega256rfr2.a(rpl-dag.o)
 .data.dao_ack_handler
                0x008002a0        0x6 contiki-avr-atmega256rfr2.a(rpl-icmp6.o)
 .data.dao_handler
                0x008002a6        0x6 contiki-avr-atmega256rfr2.a(rpl-icmp6.o)
 .data.dio_handler
                0x008002ac        0x6 contiki-avr-atmega256rfr2.a(rpl-icmp6.o)
 .data.dis_handler
                0x008002b2        0x6 contiki-avr-atmega256rfr2.a(rpl-icmp6.o)
 .data.dao_sequence
                0x008002b8        0x1 contiki-avr-atmega256rfr2.a(rpl-icmp6.o)
 .data.rpl_mrhof
                0x008002b9        0xe contiki-avr-atmega256rfr2.a(rpl-mrhof.o)
                0x008002b9                rpl_mrhof
 .data.neighbor_addr_mem
                0x008002c7        0x8 contiki-avr-atmega256rfr2.a(nbr-table.o)
 .data.buframmem
                0x008002cf        0x8 contiki-avr-atmega256rfr2.a(queuebuf.o)
 .data.refbufmem
                0x008002d7        0x8 contiki-avr-atmega256rfr2.a(queuebuf.o)
 .data.bufmem   0x008002df        0x8 contiki-avr-atmega256rfr2.a(queuebuf.o)
 *(.rodata)
 *(.rodata*)
 .rodata.str1.1
                0x008002e7       0x37 hello-world.co
 .rodata.autostart_processes
                0x0080031e        0x6 hello-world.co
                0x0080031e                autostart_processes
 .rodata.str1.1
                0x00800324       0x4f contiki-avr-atmega256rfr2.a(contiki-main.o)
 .rodata.str1.1
                0x00800373        0xd contiki-avr-atmega256rfr2.a(rf230bb.o)
 .rodata.rf230_driver
                0x00800380       0x1c contiki-avr-atmega256rfr2.a(rf230bb.o)
                0x00800380                rf230_driver
 .rodata.str1.1
                0x0080039c        0xf contiki-avr-atmega256rfr2.a(ctimer.o)
 .rodata.str1.1
                0x008003ab        0xc contiki-avr-atmega256rfr2.a(etimer.o)
 .rodata.str1.1
                0x008003b7        0xb contiki-avr-atmega256rfr2.a(sicslowpan.o)
 .rodata.sicslowpan_driver
                0x008003c2        0x6 contiki-avr-atmega256rfr2.a(sicslowpan.o)
                0x008003c2                sicslowpan_driver
 .rodata.ttl_values
                0x008003c8        0x4 contiki-avr-atmega256rfr2.a(sicslowpan.o)
 .rodata.llprefix
                0x008003cc        0x2 contiki-avr-atmega256rfr2.a(sicslowpan.o)
                0x008003cc                llprefix
 .rodata.unc_mxconf
                0x008003ce        0x4 contiki-avr-atmega256rfr2.a(sicslowpan.o)
                0x008003ce                unc_mxconf
 .rodata.unc_ctxconf
                0x008003d2        0x4 contiki-avr-atmega256rfr2.a(sicslowpan.o)
                0x008003d2                unc_ctxconf
 .rodata.unc_llconf
                0x008003d6        0x4 contiki-avr-atmega256rfr2.a(sicslowpan.o)
                0x008003d6                unc_llconf
 .rodata.str1.1
                0x008003da        0xd contiki-avr-atmega256rfr2.a(tcpip.o)
 .rodata.str1.1
                0x008003e7        0xf contiki-avr-atmega256rfr2.a(uip-debug.o)
 .rodata.framer_802154
                0x008003f6        0x8 contiki-avr-atmega256rfr2.a(framer-802154.o)
                0x008003f6                framer_802154
 .rodata.str1.1
                0x008003fe        0x8 contiki-avr-atmega256rfr2.a(nullmac.o)
 .rodata.nullmac_driver
                0x00800406        0xe contiki-avr-atmega256rfr2.a(nullmac.o)
                0x00800406                nullmac_driver
 .rodata.linkaddr_null
                0x00800414        0x8 contiki-avr-atmega256rfr2.a(linkaddr.o)
                0x00800414                linkaddr_null
 .rodata.str1.1
                0x0080041c        0xb contiki-avr-atmega256rfr2.a(sicslowmac.o)
 .rodata.sicslowmac_driver
                0x00800427       0x12 contiki-avr-atmega256rfr2.a(sicslowmac.o)
                0x00800427                sicslowmac_driver
 .rodata.str1.1
                0x00800439        0x8 contiki-avr-atmega256rfr2.a(nullsec.o)
 .rodata.nullsec_driver
                0x00800441        0xc contiki-avr-atmega256rfr2.a(nullsec.o)
                0x00800441                nullsec_driver
 *(.gnu.linkonce.d*)
                0x0080044e                . = ALIGN (0x2)
 *fill*         0x0080044d        0x1 
                0x0080044e                _edata = .
                0x0080044e                PROVIDE (__data_end, .)

.bss            0x0080044e     0x1c78
                0x0080044e                PROVIDE (__bss_start, .)
 *(.bss)
 *(.bss*)
 .bss.timer.1852
                0x0080044e        0x8 hello-world.co
 .bss.count.1842
                0x00800456        0x2 hello-world.co
 .bss.timer.1841
                0x00800458        0x8 hello-world.co
 .bss.rcount    0x00800460        0x1 contiki-avr-atmega256rfr2.a(clock.o)
 .bss.count     0x00800461        0x2 contiki-avr-atmega256rfr2.a(clock.o)
 .bss.stdout_rs232_port
                0x00800463        0x1 contiki-avr-atmega256rfr2.a(rs232.o)
 .bss.buffer    0x00800464       0x81 contiki-avr-atmega256rfr2.a(rf230bb.o)
 .bss.channel   0x008004e5        0x1 contiki-avr-atmega256rfr2.a(rf230bb.o)
 .bss.initialized
                0x008004e6        0x1 contiki-avr-atmega256rfr2.a(ctimer.o)
 .bss.ctimer_list_list
                0x008004e7        0x2 contiki-avr-atmega256rfr2.a(ctimer.o)
 .bss.next_expiration
                0x008004e9        0x2 contiki-avr-atmega256rfr2.a(etimer.o)
 .bss.timerlist
                0x008004eb        0x2 contiki-avr-atmega256rfr2.a(etimer.o)
 .bss.snum.1752
                0x008004ed        0x1 contiki-avr-atmega256rfr2.a(process.o)
 .bss.p.1737    0x008004ee        0x2 contiki-avr-atmega256rfr2.a(process.o)
 .bss.receiver.1736
                0x008004f0        0x2 contiki-avr-atmega256rfr2.a(process.o)
 .bss.data.1735
                0x008004f2        0x2 contiki-avr-atmega256rfr2.a(process.o)
 .bss.ev.1734   0x008004f4        0x1 contiki-avr-atmega256rfr2.a(process.o)
 .bss.poll_requested
                0x008004f5        0x1 contiki-avr-atmega256rfr2.a(process.o)
 .bss.events    0x008004f6       0xa0 contiki-avr-atmega256rfr2.a(process.o)
 .bss.fevent    0x00800596        0x1 contiki-avr-atmega256rfr2.a(process.o)
 .bss.nevents   0x00800597        0x1 contiki-avr-atmega256rfr2.a(process.o)
 .bss.lastevent
                0x00800598        0x1 contiki-avr-atmega256rfr2.a(process.o)
 .bss.process_current
                0x00800599        0x2 contiki-avr-atmega256rfr2.a(process.o)
                0x00800599                process_current
 .bss.process_list
                0x0080059b        0x2 contiki-avr-atmega256rfr2.a(process.o)
                0x0080059b                process_list
 .bss.next_rtimer
                0x0080059d        0x2 contiki-avr-atmega256rfr2.a(rtimer.o)
 .bss.hc06_ptr  0x0080059f        0x2 contiki-avr-atmega256rfr2.a(sicslowpan.o)
 .bss.context   0x008005a1        0x2 contiki-avr-atmega256rfr2.a(sicslowpan.o)
 .bss.addr_contexts
                0x008005a3        0xa contiki-avr-atmega256rfr2.a(sicslowpan.o)
 .bss.callback  0x008005ad        0x2 contiki-avr-atmega256rfr2.a(sicslowpan.o)
 .bss.last_rssi
                0x008005af        0x2 contiki-avr-atmega256rfr2.a(sicslowpan.o)
 .bss.reass_timer
                0x008005b1        0x4 contiki-avr-atmega256rfr2.a(sicslowpan.o)
 .bss.reass_tag
                0x008005b5        0x2 contiki-avr-atmega256rfr2.a(sicslowpan.o)
 .bss.my_tag    0x008005b7        0x2 contiki-avr-atmega256rfr2.a(sicslowpan.o)
 .bss.processed_ip_in_len
                0x008005b9        0x2 contiki-avr-atmega256rfr2.a(sicslowpan.o)
 .bss.sicslowpan_aligned_buf
                0x008005bb       0xf0 contiki-avr-atmega256rfr2.a(sicslowpan.o)
 .bss.sicslowpan_len
                0x008006ab        0x2 contiki-avr-atmega256rfr2.a(sicslowpan.o)
 .bss.last_tx_status
                0x008006ad        0x2 contiki-avr-atmega256rfr2.a(sicslowpan.o)
 .bss.uncomp_hdr_len
                0x008006af        0x1 contiki-avr-atmega256rfr2.a(sicslowpan.o)
 .bss.packetbuf_payload_len
                0x008006b0        0x2 contiki-avr-atmega256rfr2.a(sicslowpan.o)
 .bss.packetbuf_hdr_len
                0x008006b2        0x1 contiki-avr-atmega256rfr2.a(sicslowpan.o)
 .bss.packetbuf_ptr
                0x008006b3        0x2 contiki-avr-atmega256rfr2.a(sicslowpan.o)
 .bss.tmp16     0x008006b5        0x2 contiki-avr-atmega256rfr2.a(uip6.o)
 .bss.opt       0x008006b7        0x1 contiki-avr-atmega256rfr2.a(uip6.o)
 .bss.iss       0x008006b8        0x4 contiki-avr-atmega256rfr2.a(uip6.o)
 .bss.lastport  0x008006bc        0x2 contiki-avr-atmega256rfr2.a(uip6.o)
 .bss.c         0x008006be        0x1 contiki-avr-atmega256rfr2.a(uip6.o)
 .bss.uip_ext_opt_offset
                0x008006bf        0x1 contiki-avr-atmega256rfr2.a(uip6.o)
                0x008006bf                uip_ext_opt_offset
 .bss.uip_ext_len
                0x008006c0        0x1 contiki-avr-atmega256rfr2.a(uip6.o)
                0x008006c0                uip_ext_len
 .bss.uip_ext_bitmap
                0x008006c1        0x1 contiki-avr-atmega256rfr2.a(uip6.o)
                0x008006c1                uip_ext_bitmap
 .bss.locprefix
                0x008006c2        0x2 contiki-avr-atmega256rfr2.a(uip-ds6.o)
 .bss.locmaddr  0x008006c4        0x2 contiki-avr-atmega256rfr2.a(uip-ds6.o)
 .bss.locaddr   0x008006c6        0x2 contiki-avr-atmega256rfr2.a(uip-ds6.o)
 .bss.loc_fipaddr
                0x008006c8       0x10 contiki-avr-atmega256rfr2.a(uip-ds6.o)
 .bss._ds6_neighbors_mem
                0x008006d8      0x30c contiki-avr-atmega256rfr2.a(uip-ds6-nbr.o)
 .bss.num_routes
                0x008009e4        0x2 contiki-avr-atmega256rfr2.a(uip-ds6-route.o)
 .bss.notificationlist_list
                0x008009e6        0x2 contiki-avr-atmega256rfr2.a(uip-ds6-route.o)
 .bss.defaultroutermemb_memb_mem
                0x008009e8       0x36 contiki-avr-atmega256rfr2.a(uip-ds6-route.o)
 .bss.defaultroutermemb_memb_count
                0x00800a1e        0x2 contiki-avr-atmega256rfr2.a(uip-ds6-route.o)
 .bss.defaultrouterlist_list
                0x00800a20        0x2 contiki-avr-atmega256rfr2.a(uip-ds6-route.o)
 .bss.routememb_memb_mem
                0x00800a22      0x244 contiki-avr-atmega256rfr2.a(uip-ds6-route.o)
 .bss.routememb_memb_count
                0x00800c66       0x14 contiki-avr-atmega256rfr2.a(uip-ds6-route.o)
 .bss.routelist_list
                0x00800c7a        0x2 contiki-avr-atmega256rfr2.a(uip-ds6-route.o)
 .bss.neighborroutememb_memb_mem
                0x00800c7c       0x50 contiki-avr-atmega256rfr2.a(uip-ds6-route.o)
 .bss.neighborroutememb_memb_count
                0x00800ccc       0x14 contiki-avr-atmega256rfr2.a(uip-ds6-route.o)
 .bss._nbr_routes_mem
                0x00800ce0       0x50 contiki-avr-atmega256rfr2.a(uip-ds6-route.o)
 .bss.input_handler_list_list
                0x00800d30        0x2 contiki-avr-atmega256rfr2.a(uip-icmp6.o)
 .bss.echo_reply_callback_list_list
                0x00800d32        0x2 contiki-avr-atmega256rfr2.a(uip-icmp6.o)
 .bss.tmp_ipaddr
                0x00800d34       0x10 contiki-avr-atmega256rfr2.a(uip-icmp6.o)
 .bss.addr      0x00800d44        0x2 contiki-avr-atmega256rfr2.a(uip-nd6.o)
 .bss.defrt     0x00800d46        0x2 contiki-avr-atmega256rfr2.a(uip-nd6.o)
 .bss.nbr       0x00800d48        0x2 contiki-avr-atmega256rfr2.a(uip-nd6.o)
 .bss.nd6_opt_llao
                0x00800d4a        0x2 contiki-avr-atmega256rfr2.a(uip-nd6.o)
 .bss.nd6_opt_offset
                0x00800d4c        0x1 contiki-avr-atmega256rfr2.a(uip-nd6.o)
 .bss.i.4499    0x00800d4d        0x1 contiki-avr-atmega256rfr2.a(tcpip.o)
 .bss.i.4455    0x00800d4e        0x1 contiki-avr-atmega256rfr2.a(tcpip.o)
 .bss.i.4511    0x00800d4f        0x1 contiki-avr-atmega256rfr2.a(tcpip.o)
 .bss.outputfunc
                0x00800d50        0x2 contiki-avr-atmega256rfr2.a(tcpip.o)
 .bss.s         0x00800d52       0x12 contiki-avr-atmega256rfr2.a(tcpip.o)
 .bss.periodic  0x00800d64        0x8 contiki-avr-atmega256rfr2.a(tcpip.o)
 .bss.packets_memb_memb_mem
                0x00800d6c      0x20c contiki-avr-atmega256rfr2.a(uip-packetqueue)
 .bss.packets_memb_memb_count
                0x00800f78        0x2 contiki-avr-atmega256rfr2.a(uip-packetqueue)
 .bss.mode      0x00800f7a        0x2 contiki-avr-atmega256rfr2.a(rpl.o)
 .bss._rpl_parents_mem
                0x00800f7c       0xa0 contiki-avr-atmega256rfr2.a(rpl-dag.o)
 .bss.dio_send_ok
                0x0080101c        0x1 contiki-avr-atmega256rfr2.a(rpl-timers.o)
 .bss.next_dis  0x0080101d        0x2 contiki-avr-atmega256rfr2.a(rpl-timers.o)
 .bss.periodic_timer
                0x0080101f       0x10 contiki-avr-atmega256rfr2.a(rpl-timers.o)
 .bss.initialized
                0x0080102f        0x1 contiki-avr-atmega256rfr2.a(framer-802154.o)
 .bss.mac_dsn   0x00801030        0x1 contiki-avr-atmega256rfr2.a(framer-802154.o)
 .bss.nbr_table_keys_list
                0x00801031        0x2 contiki-avr-atmega256rfr2.a(nbr-table.o)
 .bss.neighbor_addr_mem_memb_mem
                0x00801033       0xc8 contiki-avr-atmega256rfr2.a(nbr-table.o)
 .bss.neighbor_addr_mem_memb_count
                0x008010fb       0x14 contiki-avr-atmega256rfr2.a(nbr-table.o)
 .bss.num_tables
                0x0080110f        0x2 contiki-avr-atmega256rfr2.a(nbr-table.o)
 .bss.all_tables
                0x00801111       0x10 contiki-avr-atmega256rfr2.a(nbr-table.o)
 .bss.locked_map
                0x00801121       0x14 contiki-avr-atmega256rfr2.a(nbr-table.o)
 .bss.used_map  0x00801135       0x14 contiki-avr-atmega256rfr2.a(nbr-table.o)
 .bss.packetbufptr
                0x00801149        0x2 contiki-avr-atmega256rfr2.a(packetbuf.o)
 .bss.packetbuf_aligned
                0x0080114b       0xb0 contiki-avr-atmega256rfr2.a(packetbuf.o)
 .bss.hdrptr    0x008011fb        0x1 contiki-avr-atmega256rfr2.a(packetbuf.o)
 .bss.bufptr    0x008011fc        0x2 contiki-avr-atmega256rfr2.a(packetbuf.o)
 .bss.buflen    0x008011fe        0x2 contiki-avr-atmega256rfr2.a(packetbuf.o)
 .bss.buframmem_memb_mem
                0x00801200      0x6b0 contiki-avr-atmega256rfr2.a(queuebuf.o)
 .bss.buframmem_memb_count
                0x008018b0        0x8 contiki-avr-atmega256rfr2.a(queuebuf.o)
 .bss.refbufmem_memb_mem
                0x008018b8       0x6a contiki-avr-atmega256rfr2.a(queuebuf.o)
 .bss.refbufmem_memb_count
                0x00801922        0x2 contiki-avr-atmega256rfr2.a(queuebuf.o)
 .bss.bufmem_memb_mem
                0x00801924       0x10 contiki-avr-atmega256rfr2.a(queuebuf.o)
 .bss.bufmem_memb_count
                0x00801934        0x8 contiki-avr-atmega256rfr2.a(queuebuf.o)
 .bss.contikiMAC_ready
                0x0080193c        0x1 contiki-avr-atmega256rfr2.a(contikimac.o)
                0x0080193c                contikiMAC_ready
 .bss.mac_dsn   0x0080193d        0x1 contiki-avr-atmega256rfr2.a(sicslowmac.o)
 *(COMMON)
 COMMON         0x0080193e        0x6 contiki-avr-atmega256rfr2.a(contiki-main.o)
                0x0080193e                ledtimer
                0x00801940                clocktime
 COMMON         0x00801944        0xc contiki-avr-atmega256rfr2.a(clock.o)
                0x00801944                radioontime
                0x00801948                sleepseconds
                0x0080194c                seconds
 COMMON         0x00801950        0x4 contiki-avr-atmega256rfr2.a(rs232.o)
                0x00801950                input_handler_1
                0x00801952                input_handler_0
 COMMON         0x00801954      0x198 contiki-avr-atmega256rfr2.a(rf230bb.o)
                0x00801954                rf230_last_correlation
                0x00801955                rf230_last_rssi
                0x00801956                RF230_receivefail
                0x00801958                rf230_smallest_rssi
                0x00801959                rf230_pending
                0x0080195a                rf230_ccawait
                0x0080195b                RF230_receivepackets
                0x0080195d                rf230_txendwait
                0x0080195e                rxframe_tail
                0x0080195f                rxframe_head
                0x00801960                rxframe
                0x00801ae6                rf230_wakewait
                0x00801ae7                RF230_sendpackets
                0x00801ae9                RF230_sendfail
                0x00801aeb                RF230_receive_on
 COMMON         0x00801aec       0x56 contiki-avr-atmega256rfr2.a(energest.o)
                0x00801aec                energest_total_time
                0x00801b1c                energest_total_count
                0x00801b1e                energest_current_mode
                0x00801b2a                energest_current_time
 COMMON         0x00801b42        0x8 contiki-avr-atmega256rfr2.a(sicslowpan.o)
                0x00801b42                frag_sender
 COMMON         0x00801b4a      0x2c1 contiki-avr-atmega256rfr2.a(uip6.o)
                0x00801b4a                uip_len
                0x00801b4c                uip_sappdata
                0x00801b4e                uip_acc32
                0x00801b52                uip_lladdr
                0x00801b5a                uip_aligned_buf
                0x00801c4a                uip_flags
                0x00801c4b                uip_next_hdr
                0x00801c4d                uip_udp_conn
                0x00801c4f                uip_appdata
                0x00801c51                uip_conn
                0x00801c53                uip_conns
                0x00801d03                uip_icmp6_conns
                0x00801d07                uip_listenports
                0x00801d0f                uip_slen
                0x00801d11                uip_udp_conns
 COMMON         0x00801e0b      0x19d contiki-avr-atmega256rfr2.a(uip-ds6.o)
                0x00801e0b                uip_ds6_timer_ra
                0x00801e13                uip_ds6_if
                0x00801f2e                uip_ds6_netif_addr_list_offset
                0x00801f2f                uip_ds6_addr_size
                0x00801f30                uip_ds6_prefix_list
                0x00801fa0                uip_ds6_timer_periodic
 COMMON         0x00801fa8        0x2 contiki-avr-atmega256rfr2.a(tcpip.o)
                0x00801fa8                tcpip_event
                0x00801fa9                tcpip_icmp6_event
 COMMON         0x00801faa       0xb8 contiki-avr-atmega256rfr2.a(rpl-dag.o)
                0x00801faa                default_instance
                0x00801fac                instance_table
 COMMON         0x00802062        0x8 contiki-avr-atmega256rfr2.a(linkaddr.o)
                0x00802062                linkaddr_node_addr
 COMMON         0x0080206a       0x54 contiki-avr-atmega256rfr2.a(packetbuf.o)
                0x0080206a                packetbuf_addrs
                0x0080208a                packetbuf_attrs
 COMMON         0x008020be        0x2 contiki-avr-atmega256rfr2.a(contikimac.o)
                0x008020be                cycle_start
 COMMON         0x008020c0        0x6 /usr/local/bin/../lib/gcc/avr/4.8.1/../../../../avr/lib/avr6/libc.a(iob.o)
                0x008020c0                __iob
                0x008020c6                PROVIDE (__bss_end, .)
                0x0000c30e                __data_load_start = LOADADDR (.data)
                0x0000c55c                __data_load_end = (__data_load_start + SIZEOF (.data))

.noinit         0x008020c6        0x0
                0x008020c6                PROVIDE (__noinit_start, .)
 *(.noinit*)
                0x008020c6                PROVIDE (__noinit_end, .)
                0x008020c6                _end = .
                0x008020c6                PROVIDE (__heap_start, .)

.eeprom         0x00810000       0x29
 *(.eeprom*)
 .eeprom        0x00810000       0x29 contiki-avr-atmega256rfr2.a(params.o)
                0x00810000                eemem_txpower
                0x00810001                eemem_panaddr
                0x00810003                eemem_panid
                0x00810005                eemem_channel
                0x00810007                eemem_nodeid
                0x00810009                eemem_domain_name
                0x00810013                eemem_server_name
                0x00810021                eemem_mac_address
                0x00810029                __eeprom_end = .

.fuse           0x00820000        0x3
 *(.fuse)
 .fuse          0x00820000        0x3 contiki-avr-atmega256rfr2.a(contiki-main.o)
                0x00820000                __fuse
 *(.lfuse)
 *(.hfuse)
 *(.efuse)

.lock
 *(.lock*)

.signature      0x00840000        0x3
 *(.signature*)
 .signature     0x00840000        0x3 contiki-avr-atmega256rfr2.a(contiki-main.o)
                0x00840000                __signature

.user_signatures
 *(.user_signatures*)

.stab
 *(.stab)

.stabstr
 *(.stabstr)

.stab.excl
 *(.stab.excl)

.stab.exclstr
 *(.stab.exclstr)

.stab.index
 *(.stab.index)

.stab.indexstr
 *(.stab.indexstr)

.comment        0x00000000       0x5c
 *(.comment)
 .comment       0x00000000       0x30 hello-world.co
                                 0x31 (size before relaxing)
 .comment       0x00000000       0x31 contiki-avr-atmega256rfr2.a(contiki-main.o)
 .comment       0x00000000       0x31 contiki-avr-atmega256rfr2.a(params.o)
 .comment       0x00000000       0x31 contiki-avr-atmega256rfr2.a(clock.o)
 .comment       0x00000000       0x31 contiki-avr-atmega256rfr2.a(rs232.o)
 .comment       0x00000000       0x31 contiki-avr-atmega256rfr2.a(watchdog.o)
 .comment       0x00000000       0x31 contiki-avr-atmega256rfr2.a(rtimer-arch.o)
 .comment       0x00000000       0x31 contiki-avr-atmega256rfr2.a(random.o)
 .comment       0x00000000       0x31 contiki-avr-atmega256rfr2.a(rf230bb.o)