Archive member included because of file (symbol)

contiki-sky.a(contiki-sky-pla)
                              obj_sky/contiki-sky-main.o (init_platform)
contiki-sky.a(button-sensor.o)
                              contiki-sky.a(contiki-sky-pla) (button_sensor)
contiki-sky.a(ds2411.o)       obj_sky/contiki-sky-main.o (ds2411_init)
contiki-sky.a(xmem.o)         obj_sky/contiki-sky-main.o (xmem_init)
contiki-sky.a(node-id.o)      obj_sky/contiki-sky-main.o (node_id_restore)
contiki-sky.a(sensors.o)      contiki-sky.a(button-sensor.o) (sensors_changed)
contiki-sky.a(cc2420.o)       obj_sky/contiki-sky-main.o (cc2420_set_pan_addr)
contiki-sky.a(cc2420-arch.o)  contiki-sky.a(cc2420.o) (cc2420_arch_init)
contiki-sky.a(uart1.o)        obj_sky/contiki-sky-main.o (uart1_active)
contiki-sky.a(uart1-putchar.o)
                              sink.co (putchar)
contiki-sky.a(msp430.o)       contiki-sky.a(uart1.o) (msp430_add_lpm_req)
contiki-sky.a(clock.o)        obj_sky/contiki-sky-main.o (clock_init)
contiki-sky.a(leds.o)         obj_sky/contiki-sky-main.o (leds_init)
contiki-sky.a(leds-arch.o)    contiki-sky.a(leds.o) (leds_arch_init)
contiki-sky.a(watchdog.o)     obj_sky/contiki-sky-main.o (watchdog_start)
contiki-sky.a(rtimer-arch.o)  obj_sky/contiki-sky-main.o (rtimer_arch_now)
contiki-sky.a(roll-tm.o)      sink.co (roll_tm_driver)
contiki-sky.a(autostart.o)    obj_sky/contiki-sky-main.o (autostart_start)
contiki-sky.a(ctimer.o)       obj_sky/contiki-sky-main.o (ctimer_init)
contiki-sky.a(energest.o)     obj_sky/contiki-sky-main.o (energest_init)
contiki-sky.a(etimer.o)       contiki-sky.a(clock.o) (etimer_request_poll)
contiki-sky.a(process.o)      contiki-sky.a(ctimer.o) (process_current)
contiki-sky.a(rtimer.o)       obj_sky/contiki-sky-main.o (rtimer_init)
contiki-sky.a(timer.o)        obj_sky/contiki-sky-main.o (timer_set)
contiki-sky.a(list.o)         contiki-sky.a(ctimer.o) (list_init)
contiki-sky.a(random.o)       obj_sky/contiki-sky-main.o (random_init)
contiki-sky.a(sicslowpan.o)   obj_sky/contiki-sky-main.o (sicslowpan_driver)
contiki-sky.a(uip6.o)         sink.co (uip_aligned_buf)
contiki-sky.a(uip-ds6.o)      contiki-sky.a(uip6.o) (uip_ds6_is_addr_onlink)
contiki-sky.a(uip-ds6-nbr.o)  contiki-sky.a(uip-ds6.o) (uip_ds6_neighbors_init)
contiki-sky.a(uip-ds6-route.o)
                              contiki-sky.a(uip-ds6.o) (uip_ds6_route_init)
contiki-sky.a(uip-icmp6.o)    contiki-sky.a(uip6.o) (uip_icmp6_input)
contiki-sky.a(uip-nd6.o)      contiki-sky.a(uip6.o) (uip_nd6_init)
contiki-sky.a(tcpip.o)        contiki-sky.a(roll-tm.o) (tcpip_output)
contiki-sky.a(uip-debug.o)    sink.co (uip_debug_ipaddr_print)
contiki-sky.a(rpl.o)          contiki-sky.a(uip-ds6-nbr.o) (rpl_link_neighbor_callback)
contiki-sky.a(rpl-dag.o)      contiki-sky.a(rpl.o) (rpl_dag_init)
contiki-sky.a(rpl-ext-header.)
                              contiki-sky.a(uip6.o) (rpl_verify_header)
contiki-sky.a(rpl-icmp6.o)    contiki-sky.a(rpl.o) (dao_output_target)
contiki-sky.a(rpl-mrhof.o)    contiki-sky.a(rpl.o) (rpl_mrhof)
contiki-sky.a(rpl-timers.o)   contiki-sky.a(rpl.o) (rpl_reset_periodic_timer)
contiki-sky.a(csma.o)         obj_sky/contiki-sky-main.o (csma_driver)
contiki-sky.a(framer-802154.o)
                              contiki-sky.a(sicslowpan.o) (framer_802154)
contiki-sky.a(framer.o)       contiki-sky.a(framer-802154.o) (framer_canonical_create_and_secure)
contiki-sky.a(mac.o)          contiki-sky.a(csma.o) (mac_call_sent_callback)
contiki-sky.a(linkaddr.o)     obj_sky/contiki-sky-main.o (linkaddr_copy)
contiki-sky.a(nbr-table.o)    contiki-sky.a(uip-ds6-nbr.o) (nbr_table_register)
contiki-sky.a(packetbuf.o)    contiki-sky.a(framer-802154.o) (packetbuf_hdrreduce)
contiki-sky.a(queuebuf.o)     obj_sky/contiki-sky-main.o (queuebuf_init)
contiki-sky.a(contikimac.o)   obj_sky/contiki-sky-main.o (contikimac_driver)
contiki-sky.a(nullsec.o)      obj_sky/contiki-sky-main.o (nullsec_driver)
contiki-sky.a(spi.o)          contiki-sky.a(xmem.o) (spi_init)
contiki-sky.a(compower.o)     contiki-sky.a(contikimac.o) (compower_idle_activity)
contiki-sky.a(stimer.o)       contiki-sky.a(uip-ds6.o) (stimer_set)
contiki-sky.a(memb.o)         contiki-sky.a(uip-ds6-route.o) (memb_init)
contiki-sky.a(frame802154.o)  contiki-sky.a(framer-802154.o) (frame802154_hdrlen)
contiki-sky.a(mac-sequence.o)
                              contiki-sky.a(contikimac.o) (mac_sequence_is_duplicate)
/usr/local/msp430/bin/../lib/gcc/msp430/4.7.0/mmpy-16/libgcc.a(_mulsi3.o)
                              contiki-sky.a(roll-tm.o) (__mulsi3)
/usr/local/msp430/bin/../lib/gcc/msp430/4.7.0/mmpy-16/libgcc.a(_udivmod16.o)
                              contiki-sky.a(rpl-dag.o) (__udivhi3)
/usr/local/msp430/bin/../lib/gcc/msp430/4.7.0/mmpy-16/libgcc.a(_divmod16.o)
                              contiki-sky.a(sicslowpan.o) (__divhi3)
/usr/local/msp430/bin/../lib/gcc/msp430/4.7.0/mmpy-16/libgcc.a(_udivmod32.o)
                              obj_sky/contiki-sky-main.o (__udivsi3)
[...]
Memory Configuration

Name             Origin             Length             Attributes
sfr              0x00000000         0x00000010
peripheral_8bit  0x00000010         0x000000f0
peripheral_16bit 0x00000100         0x00000100
ram_mirror       0x00000200         0x00000800         xw
infomem          0x00001000         0x00000100
infob            0x00001000         0x00000080
infoa            0x00001080         0x00000080
ram              0x00001100         0x00002800         xw
rom              0x00004000         0x0000bfe0         xr
vectors          0x0000ffe0         0x00000020
bsl              0x00000000         0x00000000
infoc            0x00000000         0x00000000
infod            0x00000000         0x00000000
ram2             0x00000000         0x00000000         xw
usbram           0x00000000         0x00000000         xw
far_rom          0x00000000         0x00000000
*default*        0x00000000         0xffffffff

Linker script and memory map

LOAD /usr/local/msp430/bin/../lib/gcc/msp430/4.7.0/mmpy-16/crt0ivtbl16.o
LOAD sink.co
LOAD obj_sky/contiki-sky-main.o
LOAD contiki-sky.a
LOAD /usr/local/msp430/bin/../lib/gcc/msp430/4.7.0/mmpy-16/libgcc.a
LOAD /usr/local/msp430/bin/../lib/gcc/msp430/4.7.0/../../../../msp430/lib/mmpy-16/libc.a
LOAD /usr/local/msp430/bin/../lib/gcc/msp430/4.7.0/mmpy-16/libgcc.a
LOAD /usr/local/msp430/bin/../lib/gcc/msp430/4.7.0/mmpy-16/libcrt0.a
                0x00000080                PROVIDE (__info_segment_size, 0x80)
                0x00001000                PROVIDE (__infob, 0x1000)
                0x00001080                PROVIDE (__infoa, 0x1080)
                0x00000000                __IE1 = 0x0
                0x00000002                __IFG1 = 0x2
                0x00000004                __ME1 = 0x4
                0x00000001                __IE2 = 0x1
                0x00000003                __IFG2 = 0x3
                0x00000005                __ME2 = 0x5
                0x00000120                __WDTCTL = 0x120
                0x00000130                __MPY = 0x130
                0x00000132                __MPYS = 0x132
                0x00000134                __MAC = 0x134
                0x00000136                __MACS = 0x136
                0x00000138                __OP2 = 0x138
                0x0000013a                __RESLO = 0x13a
                0x0000013c                __RESHI = 0x13c
                0x0000013e                __SUMEXT = 0x13e
                0x00000020                __P1IN = 0x20
                0x00000021                __P1OUT = 0x21
                0x00000022                __P1DIR = 0x22
                0x00000023                __P1IFG = 0x23
                0x00000024                __P1IES = 0x24
                0x00000025                __P1IE = 0x25
                0x00000026                __P1SEL = 0x26
                0x00000028                __P2IN = 0x28
                0x00000029                __P2OUT = 0x29
                0x0000002a                __P2DIR = 0x2a
                0x0000002b                __P2IFG = 0x2b
                0x0000002c                __P2IES = 0x2c
                0x0000002d                __P2IE = 0x2d
                0x0000002e                __P2SEL = 0x2e
                0x00000018                __P3IN = 0x18
                0x00000019                __P3OUT = 0x19
                0x0000001a                __P3DIR = 0x1a
                0x0000001b                __P3SEL = 0x1b
                0x0000001c                __P4IN = 0x1c
                0x0000001d                __P4OUT = 0x1d
                0x0000001e                __P4DIR = 0x1e
                0x0000001f                __P4SEL = 0x1f
                0x00000030                __P5IN = 0x30
                0x00000031                __P5OUT = 0x31
                0x00000032                __P5DIR = 0x32
                0x00000033                __P5SEL = 0x33
                0x00000034                __P6IN = 0x34
                0x00000035                __P6OUT = 0x35
                0x00000036                __P6DIR = 0x36
                0x00000037                __P6SEL = 0x37
                0x00000070                __U0CTL = 0x70
                0x00000071                __U0TCTL = 0x71
                0x00000072                __U0RCTL = 0x72
                0x00000073                __U0MCTL = 0x73
                0x00000074                __U0BR0 = 0x74
                0x00000075                __U0BR1 = 0x75
                0x00000076                __U0RXBUF = 0x76
                0x00000077                __U0TXBUF = 0x77
                0x00000078                __U1CTL = 0x78
                0x00000079                __U1TCTL = 0x79
                0x0000007a                __U1RCTL = 0x7a
                0x0000007b                __U1MCTL = 0x7b
                0x0000007c                __U1BR0 = 0x7c
                0x0000007d                __U1BR1 = 0x7d
                0x0000007e                __U1RXBUF = 0x7e
                0x0000007f                __U1TXBUF = 0x7f
                0x00000050                __I2CIE = 0x50
                0x00000051                __I2CIFG = 0x51
                0x00000052                __I2CNDAT = 0x52
                0x00000071                __I2CTCTL = 0x71
                0x00000072                __I2CDCTL = 0x72
                0x00000073                __I2CPSC = 0x73
                0x00000074                __I2CSCLH = 0x74
                0x00000075                __I2CSCLL = 0x75
                0x00000076                __I2CDRB = 0x76
                0x00000076                __I2CDRW = 0x76
                0x00000118                __I2COA = 0x118
                0x0000011a                __I2CSA = 0x11a
                0x0000011c                __I2CIV = 0x11c
                0x0000012e                __TAIV = 0x12e
                0x00000160                __TACTL = 0x160
                0x00000162                __TACCTL0 = 0x162
                0x00000164                __TACCTL1 = 0x164
                0x00000166                __TACCTL2 = 0x166
                0x00000170                __TAR = 0x170
                0x00000172                __TACCR0 = 0x172
                0x00000174                __TACCR1 = 0x174
                0x00000176                __TACCR2 = 0x176
                0x0000011e                __TBIV = 0x11e
                0x00000180                __TBCTL = 0x180
                0x00000182                __TBCCTL0 = 0x182
                0x00000184                __TBCCTL1 = 0x184
                0x00000186                __TBCCTL2 = 0x186
                0x00000188                __TBCCTL3 = 0x188
                0x0000018a                __TBCCTL4 = 0x18a
                0x0000018c                __TBCCTL5 = 0x18c
                0x0000018e                __TBCCTL6 = 0x18e
                0x00000190                __TBR = 0x190
                0x00000192                __TBCCR0 = 0x192
                0x00000194                __TBCCR1 = 0x194
                0x00000196                __TBCCR2 = 0x196
                0x00000198                __TBCCR3 = 0x198
                0x0000019a                __TBCCR4 = 0x19a
                0x0000019c                __TBCCR5 = 0x19c
                0x0000019e                __TBCCR6 = 0x19e
                0x00000056                __DCOCTL = 0x56
                0x00000057                __BCSCTL1 = 0x57
                0x00000058                __BCSCTL2 = 0x58
                0x00000055                __SVSCTL = 0x55
                0x00000128                __FCTL1 = 0x128
                0x0000012a                __FCTL2 = 0x12a
                0x0000012c                __FCTL3 = 0x12c
                0x00000059                __CACTL1 = 0x59
                0x0000005a                __CACTL2 = 0x5a
                0x0000005b                __CAPD = 0x5b
                0x000001a0                __ADC12CTL0 = 0x1a0
                0x000001a2                __ADC12CTL1 = 0x1a2
                0x000001a4                __ADC12IFG = 0x1a4
                0x000001a6                __ADC12IE = 0x1a6
                0x000001a8                __ADC12IV = 0x1a8
                0x00000140                __ADC12MEM0 = 0x140
                0x00000142                __ADC12MEM1 = 0x142
                0x00000144                __ADC12MEM2 = 0x144
                0x00000146                __ADC12MEM3 = 0x146
                0x00000148                __ADC12MEM4 = 0x148
                0x0000014a                __ADC12MEM5 = 0x14a
                0x0000014c                __ADC12MEM6 = 0x14c
                0x0000014e                __ADC12MEM7 = 0x14e
                0x00000150                __ADC12MEM8 = 0x150
                0x00000152                __ADC12MEM9 = 0x152
                0x00000154                __ADC12MEM10 = 0x154
                0x00000156                __ADC12MEM11 = 0x156
                0x00000158                __ADC12MEM12 = 0x158
                0x0000015a                __ADC12MEM13 = 0x15a
                0x0000015c                __ADC12MEM14 = 0x15c
                0x0000015e                __ADC12MEM15 = 0x15e
                0x00000080                __ADC12MCTL0 = 0x80
                0x00000081                __ADC12MCTL1 = 0x81
                0x00000082                __ADC12MCTL2 = 0x82
                0x00000083                __ADC12MCTL3 = 0x83
                0x00000084                __ADC12MCTL4 = 0x84
                0x00000085                __ADC12MCTL5 = 0x85
                0x00000086                __ADC12MCTL6 = 0x86
                0x00000087                __ADC12MCTL7 = 0x87
                0x00000088                __ADC12MCTL8 = 0x88
                0x00000089                __ADC12MCTL9 = 0x89
                0x0000008a                __ADC12MCTL10 = 0x8a
                0x0000008b                __ADC12MCTL11 = 0x8b
                0x0000008c                __ADC12MCTL12 = 0x8c
                0x0000008d                __ADC12MCTL13 = 0x8d
                0x0000008e                __ADC12MCTL14 = 0x8e
                0x0000008f                __ADC12MCTL15 = 0x8f
                0x000001c0                __DAC12_0CTL = 0x1c0
                0x000001c2                __DAC12_1CTL = 0x1c2
                0x000001c8                __DAC12_0DAT = 0x1c8
                0x000001ca                __DAC12_1DAT = 0x1ca
                0x00000122                __DMACTL0 = 0x122
                0x00000124                __DMACTL1 = 0x124
                0x000001e0                __DMA0CTL = 0x1e0
                0x000001e8                __DMA1CTL = 0x1e8
                0x000001f0                __DMA2CTL = 0x1f0
                0x000001e2                __DMA0SA = 0x1e2
                0x000001e4                __DMA0DA = 0x1e4
                0x000001e6                __DMA0SZ = 0x1e6
                0x000001ea                __DMA1SA = 0x1ea
                0x000001ec                __DMA1DA = 0x1ec
                0x000001ee                __DMA1SZ = 0x1ee
                0x000001f2                __DMA2SA = 0x1f2
                0x000001f4                __DMA2DA = 0x1f4
                0x000001f6                __DMA2SZ = 0x1f6

.hash
 *(.hash)

.dynsym
 *(.dynsym)

.dynstr
 *(.dynstr)

.gnu.version
 *(.gnu.version)

.gnu.version_d
 *(.gnu.version_d)

.gnu.version_r
 *(.gnu.version_r)

.rel.init
 *(.rel.init)

.rela.init
 *(.rela.init)

.rel.fini
 *(.rel.fini)

.rela.fini
 *(.rela.fini)

.rel.text
 *(.rel.text .rel.text.* .rel.gnu.linkonce.t.*)

.rela.text
 *(.rela.text .rela.text.* .rela.gnu.linkonce.t.*)

.rel.rodata
 *(.rel.rodata .rel.rodata.* .rel.gnu.linkonce.r.*)

.rela.rodata
 *(.rela.rodata .rela.rodata.* .rela.gnu.linkonce.r.*)

.rel.data
 *(.rel.data .rel.data.* .rel.gnu.linkonce.d.*)

.rela.data
 *(.rela.data .rela.data.* .rela.gnu.linkonce.d.*)

.rel.bss
 *(.rel.bss .rel.bss.* .rel.gnu.linkonce.b.*)

.rela.bss
 *(.rela.bss .rela.bss.* .rela.gnu.linkonce.b.*)

.rel.ctors
 *(.rel.ctors)

.rela.ctors
 *(.rela.ctors)

.rel.dtors
 *(.rel.dtors)

.rela.dtors
 *(.rela.dtors)

.rel.got
 *(.rel.got)

.rela.got
 *(.rela.got)

.rel.plt
 *(.rel.plt)

.rela.plt
 *(.rela.plt)

.text           0x00004000     0xa7c2
                0x00004000                . = ALIGN (0x2)
 *(.init .init.*)
 *(.init0)
 .init0         0x00004000        0x0 /usr/local/msp430/bin/../lib/gcc/msp430/4.7.0/mmpy-16/libcrt0.a(_reset_vector__.o)
                0x00004000                _reset_vector__
 *(.init1)
 .init1         0x00004000        0xc /usr/local/msp430/bin/../lib/gcc/msp430/4.7.0/mmpy-16/libcrt0.a(__watchdog_support.o)
                0x00004000                __watchdog_support
 *(.init2)
 .init2         0x0000400c        0x4 /usr/local/msp430/bin/../lib/gcc/msp430/4.7.0/mmpy-16/libcrt0.a(__init_stack.o)
                0x0000400c                __init_stack
 *(.init3)
 .init3         0x00004010        0x0 /usr/local/msp430/bin/../lib/gcc/msp430/4.7.0/mmpy-16/libcrt0.a(__low_level_init.o)
                0x00004010                __low_level_init
 *(.init4)
 .init4         0x00004010       0x18 /usr/local/msp430/bin/../lib/gcc/msp430/4.7.0/mmpy-16/libcrt0.a(_copy_data.o)
                0x00004010                __do_copy_data
 .init4         0x00004028       0x16 /usr/local/msp430/bin/../lib/gcc/msp430/4.7.0/mmpy-16/libcrt0.a(_clear_bss.o)
                0x00004028                __do_clear_bss
 *(.init5)
 *(.init6)
 *(.init7)
 *(.init8)
 *(.init9)
 .init9         0x0000403e      0x2d6 obj_sky/contiki-sky-main.o
                0x0000403e                main
 *(.fini9)
 .fini9         0x00004314        0x0 /usr/local/msp430/bin/../lib/gcc/msp430/4.7.0/mmpy-16/libcrt0.a(__stop_progExec__.o)
                0x00004314                __stop_progExec__
 *(.fini8)
 *(.fini7)
 *(.fini6)
 *(.fini5)
 *(.fini4)
 *(.fini3)
 *(.fini2)
 *(.fini1)
 *(.fini0)
 .fini0         0x00004314        0x6 /usr/local/msp430/bin/../lib/gcc/msp430/4.7.0/mmpy-16/libcrt0.a(_endless_loop__.o)
                0x00004314                _endless_loop__
 *(.fini .fini.*)
                0x0000431a                . = ALIGN (0x2)
                0x0000431a                __ctors_start = .
 *(.ctors)
                0x0000431a                __ctors_end = .
                0x0000431a                __dtors_start = .
 *(.dtors)
                0x0000431a                __dtors_end = .
                0x0000431a                . = ALIGN (0x2)
 *(.text .text.* .gnu.linkonce.t.*)
 .text          0x0000431a        0x4 /usr/local/msp430/bin/../lib/gcc/msp430/4.7.0/mmpy-16/crt0ivtbl16.o
                0x0000431a                __isr_14
                0x0000431a                __isr_11
                0x0000431a                __isr_2
                0x0000431a                __isr_7
                0x0000431a                __isr_0
                0x0000431a                __isr_8
                0x0000431a                __isr_3
                0x0000431a                __isr_12
                0x0000431a                __isr_13
                0x0000431a                __isr_9
 .text.process_thread_mcast_sink_process
                0x0000431e      0x17a sink.co
 .text.start_network_layer
                0x00004498       0xa2 obj_sky/contiki-sky-main.o
 .text.init_platform
                0x0000453a        0xc contiki-sky.a(contiki-sky-pla)
                0x0000453a                init_platform
 .text.status   0x00004546       0x18 contiki-sky.a(button-sensor.o)
 .text.value    0x0000455e       0x20 contiki-sky.a(button-sensor.o)
 .text.configure
                0x0000457e       0x4c contiki-sky.a(button-sensor.o)
 .text.irq_p2   0x000045ca       0x88 contiki-sky.a(button-sensor.o)
                0x000045ca                irq_p2
                0x000045ca                __isr_1
 .text.owreadb  0x00004652       0x50 contiki-sky.a(ds2411.o)
 .text.ds2411_init
                0x000046a2      0x120 contiki-sky.a(ds2411.o)
                0x000046a2                ds2411_init
 .text.wait_ready
                0x000047c2       0x4a contiki-sky.a(xmem.o)
 .text.xmem_init
                0x0000480c       0x3c contiki-sky.a(xmem.o)
                0x0000480c                xmem_init
 .text.xmem_pread
                0x00004848       0xe0 contiki-sky.a(xmem.o)
                0x00004848                xmem_pread
 .text.node_id_restore
                0x00004928       0x38 contiki-sky.a(node-id.o)
                0x00004928                node_id_restore
 .text.process_thread_sensors_process
                0x00004960       0xc2 contiki-sky.a(sensors.o)
 .text.sensors_changed
                0x00004a22       0x2a contiki-sky.a(sensors.o)
                0x00004a22                sensors_changed
 .text.get_object
                0x00004a4c        0x4 contiki-sky.a(cc2420.o)
 .text.set_object
                0x00004a50        0x4 contiki-sky.a(cc2420.o)
 .text.strobe   0x00004a54       0x1c contiki-sky.a(cc2420.o)
 .text.getreg   0x00004a70       0x4c contiki-sky.a(cc2420.o)
 .text.setreg   0x00004abc       0x4c contiki-sky.a(cc2420.o)
 .text.write_ram
                0x00004b08       0x7c contiki-sky.a(cc2420.o)
 .text.write_fifo_buf
                0x00004b84       0x3c contiki-sky.a(cc2420.o)
 .text.get_status
                0x00004bc0       0x20 contiki-sky.a(cc2420.o)
 .text.set_txpower
                0x00004be0       0x24 contiki-sky.a(cc2420.o)
 .text.cc2420_receiving_packet
                0x00004c04        0xc contiki-sky.a(cc2420.o)
 .text.pending_packet
                0x00004c10        0x8 contiki-sky.a(cc2420.o)
 .text.on       0x00004c18       0x1e contiki-sky.a(cc2420.o)
 .text.wait_for_transmission
                0x00004c36       0x22 contiki-sky.a(cc2420.o)
 .text.wait_for_status
                0x00004c58       0x28 contiki-sky.a(cc2420.o)
 .text.getrxdata
                0x00004c80       0x50 contiki-sky.a(cc2420.o)
 .text.flushrx  0x00004cd0       0x1a contiki-sky.a(cc2420.o)
 .text.off      0x00004cea       0x56 contiki-sky.a(cc2420.o)
 .text.RELEASE_LOCK
                0x00004d40       0x28 contiki-sky.a(cc2420.o)
 .text.set_key  0x00004d68       0x18 contiki-sky.a(cc2420.o)
 .text.cc2420_prepare
                0x00004d80       0x3c contiki-sky.a(cc2420.o)
 .text.cc2420_on
                0x00004dbc       0x22 contiki-sky.a(cc2420.o)
                0x00004dbc                cc2420_on
 .text.cc2420_off
                0x00004dde       0x30 contiki-sky.a(cc2420.o)
                0x00004dde                cc2420_off
 .text.cc2420_cca
                0x00004e0e       0x68 contiki-sky.a(cc2420.o)
 .text.cc2420_read
                0x00004e76       0xac contiki-sky.a(cc2420.o)
 .text.process_thread_cc2420_process
                0x00004f22       0x54 contiki-sky.a(cc2420.o)
 .text.encrypt  0x00004f76       0x88 contiki-sky.a(cc2420.o)
 .text.cc2420_set_channel
                0x00004ffe       0x3c contiki-sky.a(cc2420.o)
                0x00004ffe                cc2420_set_channel
 .text.cc2420_set_pan_addr
                0x0000503a       0x4c contiki-sky.a(cc2420.o)
                0x0000503a                cc2420_set_pan_addr
 .text.cc2420_interrupt
                0x00005086       0x16 contiki-sky.a(cc2420.o)
                0x00005086                cc2420_interrupt
 .text.cc2420_set_txpower
                0x0000509c        0xe contiki-sky.a(cc2420.o)
                0x0000509c                cc2420_set_txpower
 .text.set_value
                0x000050aa       0x74 contiki-sky.a(cc2420.o)
 .text.cc2420_get_txpower
                0x0000511e       0x1e contiki-sky.a(cc2420.o)
                0x0000511e                cc2420_get_txpower
 .text.cc2420_transmit
                0x0000513c      0x12c contiki-sky.a(cc2420.o)
 .text.cc2420_send
                0x00005268       0x12 contiki-sky.a(cc2420.o)
 .text.cc2420_rssi
                0x0000527a       0x4c contiki-sky.a(cc2420.o)
                0x0000527a                cc2420_rssi
 .text.get_value
                0x000052c6       0x86 contiki-sky.a(cc2420.o)
 .text.cc2420_set_cca_threshold
                0x0000534c       0x16 contiki-sky.a(cc2420.o)
                0x0000534c                cc2420_set_cca_threshold
 .text.cc2420_init
                0x00005362       0xd8 contiki-sky.a(cc2420.o)
                0x00005362                cc2420_init
 .text.cc2420_port1_interrupt
                0x0000543a       0x62 contiki-sky.a(cc2420-arch.o)
                0x0000543a                __isr_4
                0x0000543a                cc2420_port1_interrupt
 .text.cc2420_arch_init
                0x0000549c       0x1a contiki-sky.a(cc2420-arch.o)
                0x0000549c                cc2420_arch_init
 .text.uart1_active
                0x000054b6       0x18 contiki-sky.a(uart1.o)
                0x000054b6                uart1_active
 .text.uart1_writeb
                0x000054ce       0x18 contiki-sky.a(uart1.o)
                0x000054ce                uart1_writeb
 .text.uart1_init
                0x000054e6       0xf4 contiki-sky.a(uart1.o)
                0x000054e6                uart1_init
 .text.putchar  0x000055da       0x10 contiki-sky.a(uart1-putchar.o)
                0x000055da                putchar
 .text.msp430_init_dco
                0x000055ea       0x82 contiki-sky.a(msp430.o)
                0x000055ea                msp430_init_dco
 .text.msp430_add_lpm_req
                0x0000566c        0xc contiki-sky.a(msp430.o)
                0x0000566c                msp430_add_lpm_req
 .text.msp430_cpu_init
                0x00005678       0x2a contiki-sky.a(msp430.o)
                0x00005678                msp430_cpu_init
 .text.splhigh_
                0x000056a2        0x8 contiki-sky.a(msp430.o)
                0x000056a2                splhigh_
 .text.msp430_sync_dco
                0x000056aa       0x6c contiki-sky.a(msp430.o)
                0x000056aa                msp430_sync_dco
 .text.timera1  0x00005716      0x11e contiki-sky.a(clock.o)
                0x00005716                __isr_5
                0x00005716                timera1
 .text.clock_time
                0x00005834       0x1a contiki-sky.a(clock.o)
                0x00005834                clock_time
 .text.clock_init
                0x0000584e       0x28 contiki-sky.a(clock.o)
                0x0000584e                clock_init
 .text.clock_delay
                0x00005876        0xc contiki-sky.a(clock.o)
                0x00005876                clock_delay
 .text.clock_seconds
                0x00005882       0x1a contiki-sky.a(clock.o)
                0x00005882                clock_seconds
 .text.show_leds
                0x0000589c       0xf0 contiki-sky.a(leds.o)
 .text.leds_init
                0x0000598c        0xa contiki-sky.a(leds.o)
                0x0000598c                leds_init
 .text.leds_on  0x00005996        0xa contiki-sky.a(leds.o)
                0x00005996                leds_on
 .text.leds_off
                0x000059a0        0xe contiki-sky.a(leds.o)
                0x000059a0                leds_off
 .text.leds_arch_init
                0x000059ae        0xe contiki-sky.a(leds-arch.o)
                0x000059ae                leds_arch_init
 .text.leds_arch_set
                0x000059bc       0x38 contiki-sky.a(leds-arch.o)
                0x000059bc                leds_arch_set
 .text.watchdog_interrupt
                0x000059f4        0x6 contiki-sky.a(watchdog.o)
                0x000059f4                __isr_10
                0x000059f4                watchdog_interrupt
 .text.watchdog_start
                0x000059fa       0x14 contiki-sky.a(watchdog.o)
                0x000059fa                watchdog_start
 .text.watchdog_periodic
                0x00005a0e       0x12 contiki-sky.a(watchdog.o)
                0x00005a0e                watchdog_periodic
 .text.watchdog_stop
                0x00005a20       0x16 contiki-sky.a(watchdog.o)
                0x00005a20                watchdog_stop
 .text.watchdog_init
                0x00005a36       0x12 contiki-sky.a(watchdog.o)
                0x00005a36                watchdog_init
 .text.rtimer_arch_init
                0x00005a48        0xe contiki-sky.a(rtimer-arch.o)
                0x00005a48                rtimer_arch_init
 .text.rtimer_arch_now
                0x00005a56        0xe contiki-sky.a(rtimer-arch.o)
                0x00005a56                rtimer_arch_now
 .text.timera0  0x00005a64       0x70 contiki-sky.a(rtimer-arch.o)
                0x00005a64                __isr_6
                0x00005a64                timera0
 .text.rtimer_arch_schedule
                0x00005ad4        0x6 contiki-sky.a(rtimer-arch.o)
                0x00005ad4                rtimer_arch_schedule
 .text.window_update_bounds
                0x00005ada       0xa0 contiki-sky.a(roll-tm.o)
 .text.window_lookup
                0x00005b7a       0x56 contiki-sky.a(roll-tm.o)
 .text.reset_trickle_timer
                0x00005bd0      0x1a0 contiki-sky.a(roll-tm.o)
 .text.handle_timer
                0x00005d70      0x3ee contiki-sky.a(roll-tm.o)
 .text.init     0x0000615e       0xb4 contiki-sky.a(roll-tm.o)
 .text.accept   0x00006212      0x30c contiki-sky.a(roll-tm.o)
 .text.out      0x0000651e       0xa6 contiki-sky.a(roll-tm.o)
 .text.in       0x000065c4       0x1e contiki-sky.a(roll-tm.o)
 .text.icmp_input
                0x000065e2      0x338 contiki-sky.a(roll-tm.o)
 .text.double_interval
                0x0000691a       0xf2 contiki-sky.a(roll-tm.o)
 .text.autostart_start
                0x00006a0c       0x16 contiki-sky.a(autostart.o)
                0x00006a0c                autostart_start
 .text.process_thread_ctimer_process
                0x00006a22       0xa8 contiki-sky.a(ctimer.o)
 .text.ctimer_init
                0x00006aca       0x18 contiki-sky.a(ctimer.o)
                0x00006aca                ctimer_init
 .text.ctimer_set
                0x00006ae2       0x50 contiki-sky.a(ctimer.o)
                0x00006ae2                ctimer_set
 .text.ctimer_reset
                0x00006b32       0x30 contiki-sky.a(ctimer.o)
                0x00006b32                ctimer_reset
 .text.ctimer_stop
                0x00006b62       0x28 contiki-sky.a(ctimer.o)
                0x00006b62                ctimer_stop
 .text.energest_init
                0x00006b8a       0x26 contiki-sky.a(energest.o)
                0x00006b8a                energest_init
 .text.energest_type_time
                0x00006bb0       0x48 contiki-sky.a(energest.o)
                0x00006bb0                energest_type_time
 .text.energest_type_set
                0x00006bf8        0xe contiki-sky.a(energest.o)
                0x00006bf8                energest_type_set
 .text.energest_flush
                0x00006c06       0x48 contiki-sky.a(energest.o)
                0x00006c06                energest_flush
 .text.update_time
                0x00006c4e       0x78 contiki-sky.a(etimer.o)
 .text.etimer_request_poll
                0x00006cc6        0xa contiki-sky.a(etimer.o)
                0x00006cc6                etimer_request_poll
 .text.process_thread_etimer_process
                0x00006cd0       0xcc contiki-sky.a(etimer.o)
 .text.add_timer
                0x00006d9c       0x40 contiki-sky.a(etimer.o)
 .text.etimer_set
                0x00006ddc       0x12 contiki-sky.a(etimer.o)
                0x00006ddc                etimer_set
 .text.etimer_reset
                0x00006dee       0x12 contiki-sky.a(etimer.o)
                0x00006dee                etimer_reset
 .text.etimer_expired
                0x00006e00        0xe contiki-sky.a(etimer.o)
                0x00006e00                etimer_expired
 .text.etimer_expiration_time
                0x00006e0e       0x14 contiki-sky.a(etimer.o)
                0x00006e0e                etimer_expiration_time
 .text.etimer_pending
                0x00006e22        0xc contiki-sky.a(etimer.o)
                0x00006e22                etimer_pending
 .text.etimer_next_expiration_time
                0x00006e2e       0x16 contiki-sky.a(etimer.o)
                0x00006e2e                etimer_next_expiration_time
 .text.etimer_stop
                0x00006e44       0x3e contiki-sky.a(etimer.o)
                0x00006e44                etimer_stop
 .text.call_process
                0x00006e82       0x46 contiki-sky.a(process.o)
 .text.exit_process
                0x00006ec8       0x96 contiki-sky.a(process.o)
 .text.do_poll  0x00006f5e       0x30 contiki-sky.a(process.o)
 .text.process_alloc_event
                0x00006f8e        0xe contiki-sky.a(process.o)
                0x00006f8e                process_alloc_event
 .text.process_init
                0x00006f9c       0x1c contiki-sky.a(process.o)
                0x00006f9c                process_init
 .text.process_run
                0x00006fb8       0xa2 contiki-sky.a(process.o)
                0x00006fb8                process_run
 .text.process_nevents
                0x0000705a        0xe contiki-sky.a(process.o)
                0x0000705a                process_nevents
 .text.process_post
                0x00007068       0x54 contiki-sky.a(process.o)
                0x00007068                process_post
 .text.process_post_synch
                0x000070bc       0x12 contiki-sky.a(process.o)
                0x000070bc                process_post_synch
 .text.process_start
                0x000070ce       0x36 contiki-sky.a(process.o)
                0x000070ce                process_start
 .text.process_poll
                0x00007104       0x18 contiki-sky.a(process.o)
                0x00007104                process_poll
 .text.rtimer_init
                0x0000711c        0x6 contiki-sky.a(rtimer.o)
                0x0000711c                rtimer_init
 .text.rtimer_set
                0x00007122       0x24 contiki-sky.a(rtimer.o)
                0x00007122                rtimer_set
 .text.rtimer_run_next
                0x00007146       0x26 contiki-sky.a(rtimer.o)
                0x00007146                rtimer_run_next
 .text.rtimer_reset
                0x0000716c       0x18 contiki-sky.a(rtimer.o)
                0x0000716c                rtimer_reset
 .text.timer_set
                0x00007184       0x1c contiki-sky.a(timer.o)
                0x00007184                timer_set
 .text.timer_reset
                0x000071a0        0xe contiki-sky.a(timer.o)
                0x000071a0                timer_reset
 .text.timer_expired
                0x000071ae       0x2a contiki-sky.a(timer.o)
                0x000071ae                timer_expired
 .text.list_init
                0x000071d8        0x6 contiki-sky.a(list.o)
                0x000071d8                list_init
 .text.list_head
                0x000071de        0x4 contiki-sky.a(list.o)
                0x000071de                list_head
 .text.list_tail
                0x000071e2       0x12 contiki-sky.a(list.o)
                0x000071e2                list_tail
 .text.list_remove
                0x000071f4       0x34 contiki-sky.a(list.o)
                0x000071f4                list_remove
 .text.list_push
                0x00007228       0x1a contiki-sky.a(list.o)
                0x00007228                list_push
 .text.list_add
                0x00007242       0x2a contiki-sky.a(list.o)
                0x00007242                list_add
 .text.list_length
                0x0000726c       0x10 contiki-sky.a(list.o)
                0x0000726c                list_length
 .text.list_item_next
                0x0000727c        0xc contiki-sky.a(list.o)
                0x0000727c                list_item_next
 .text.random_init
                0x00007288        0x6 contiki-sky.a(random.o)
                0x00007288                random_init
 .text.random_rand
                0x0000728e        0x6 contiki-sky.a(random.o)
                0x0000728e                random_rand
 .text.set_packet_attrs
                0x00007294       0x46 contiki-sky.a(sicslowpan.o)
 .text.addr_context_lookup_by_number
                0x000072da       0x32 contiki-sky.a(sicslowpan.o)
 .text.compress_addr_64
                0x0000730c       0xae contiki-sky.a(sicslowpan.o)
 .text.uncompress_addr
                0x000073ba       0xb4 contiki-sky.a(sicslowpan.o)
 .text.input    0x0000746e      0x64e contiki-sky.a(sicslowpan.o)
 .text.sicslowpan_init
                0x00007abc       0x26 contiki-sky.a(sicslowpan.o)
                0x00007abc                sicslowpan_init
 .text.addr_context_lookup_by_prefix
                0x00007ae2       0x4c contiki-sky.a(sicslowpan.o)
 .text.packet_sent
                0x00007b2e       0x22 contiki-sky.a(sicslowpan.o)
 .text.send_packet
                0x00007b50       0x1a contiki-sky.a(sicslowpan.o)
 .text.output   0x00007b6a      0x6ec contiki-sky.a(sicslowpan.o)
 .text.chksum   0x00008256       0x32 contiki-sky.a(uip6.o)
 .text.upper_layer_chksum
                0x00008288       0x56 contiki-sky.a(uip6.o)
 .text.ext_hdr_options_process
                0x000082de       0xd0 contiki-sky.a(uip6.o)
 .text.uip_icmp6chksum
                0x000083ae        0xa contiki-sky.a(uip6.o)
                0x000083ae                uip_icmp6chksum
 .text.uip_udpchksum
                0x000083b8        0xa contiki-sky.a(uip6.o)
                0x000083b8                uip_udpchksum
 .text.uip_init
                0x000083c2       0x46 contiki-sky.a(uip6.o)
                0x000083c2                uip_init
 .text.remove_ext_hdr
                0x00008408       0x58 contiki-sky.a(uip6.o)
                0x00008408                remove_ext_hdr
 .text.uip_udp_new
                0x00008460       0xe4 contiki-sky.a(uip6.o)
                0x00008460                uip_udp_new
 .text.uip_process
                0x00008544      0x4bc contiki-sky.a(uip6.o)
                0x00008544                uip_process
 .text.uip_htons
                0x00008a00        0xc contiki-sky.a(uip6.o)
                0x00008a00                uip_htons
 .text.uip_htonl
                0x00008a0c       0x2e contiki-sky.a(uip6.o)
                0x00008a0c                uip_htonl
 .text.uip_ds6_list_loop
                0x00008a3a       0x86 contiki-sky.a(uip-ds6.o)
                0x00008a3a                uip_ds6_list_loop
 .text.uip_ds6_prefix_add
                0x00008ac0       0x80 contiki-sky.a(uip-ds6.o)
                0x00008ac0                uip_ds6_prefix_add
 .text.uip_ds6_is_addr_onlink
                0x00008b40       0x54 contiki-sky.a(uip-ds6.o)
                0x00008b40                uip_ds6_is_addr_onlink
 .text.uip_ds6_addr_lookup
                0x00008b94       0x2a contiki-sky.a(uip-ds6.o)
                0x00008b94                uip_ds6_addr_lookup
 .text.uip_ds6_get_link_local
                0x00008bbe       0x3e contiki-sky.a(uip-ds6.o)
                0x00008bbe                uip_ds6_get_link_local
 .text.uip_ds6_maddr_add
                0x00008bfc       0x4c contiki-sky.a(uip-ds6.o)
                0x00008bfc                uip_ds6_maddr_add
 .text.uip_ds6_addr_add
                0x00008c48       0xc4 contiki-sky.a(uip-ds6.o)
                0x00008c48                uip_ds6_addr_add
 .text.uip_ds6_maddr_rm
                0x00008d0c        0xa contiki-sky.a(uip-ds6.o)
                0x00008d0c                uip_ds6_maddr_rm
 .text.uip_ds6_maddr_lookup
                0x00008d16       0x2a contiki-sky.a(uip-ds6.o)
                0x00008d16                uip_ds6_maddr_lookup
 .text.uip_ds6_addr_rm
                0x00008d40       0x54 contiki-sky.a(uip-ds6.o)
                0x00008d40                uip_ds6_addr_rm
 .text.uip_ds6_periodic
                0x00008d94       0x4a contiki-sky.a(uip-ds6.o)
                0x00008d94                uip_ds6_periodic
 .text.uip_ds6_set_addr_iid
                0x00008dde       0x14 contiki-sky.a(uip-ds6.o)
                0x00008dde                uip_ds6_set_addr_iid
 .text.get_match_length
                0x00008df2       0x44 contiki-sky.a(uip-ds6.o)
                0x00008df2                get_match_length
 .text.uip_ds6_select_src
                0x00008e36       0xaa contiki-sky.a(uip-ds6.o)
                0x00008e36                uip_ds6_select_src
 .text.uip_ds6_compute_reachable_time
                0x00008ee0       0x3e contiki-sky.a(uip-ds6.o)
                0x00008ee0                uip_ds6_compute_reachable_time
 .text.uip_ds6_init
                0x00008f1e      0x154 contiki-sky.a(uip-ds6.o)
                0x00008f1e                uip_ds6_init
 .text.uip_ds6_nbr_rm
                0x00009072       0x1a contiki-sky.a(uip-ds6-nbr.o)
                0x00009072                uip_ds6_nbr_rm
 .text.uip_ds6_neighbors_init
                0x0000908c        0xe contiki-sky.a(uip-ds6-nbr.o)
                0x0000908c                uip_ds6_neighbors_init
 .text.uip_ds6_nbr_add
                0x0000909a       0x60 contiki-sky.a(uip-ds6-nbr.o)
                0x0000909a                uip_ds6_nbr_add
 .text.uip_ds6_nbr_get_ll
                0x000090fa        0xc contiki-sky.a(uip-ds6-nbr.o)
                0x000090fa                uip_ds6_nbr_get_ll
 .text.uip_ds6_nbr_lookup
                0x00009106       0x42 contiki-sky.a(uip-ds6-nbr.o)
                0x00009106                uip_ds6_nbr_lookup
 .text.uip_ds6_nbr_ll_lookup
                0x00009148        0xc contiki-sky.a(uip-ds6-nbr.o)
                0x00009148                uip_ds6_nbr_ll_lookup
 .text.uip_ds6_nbr_ipaddr_from_lladdr
                0x00009154        0x6 contiki-sky.a(uip-ds6-nbr.o)
                0x00009154                uip_ds6_nbr_ipaddr_from_lladdr
 .text.uip_ds6_nbr_lladdr_from_ipaddr
                0x0000915a       0x12 contiki-sky.a(uip-ds6-nbr.o)
                0x0000915a                uip_ds6_nbr_lladdr_from_ipaddr
 .text.uip_ds6_link_neighbor_callback
                0x0000916c       0x2a contiki-sky.a(uip-ds6-nbr.o)
                0x0000916c                uip_ds6_link_neighbor_callback
 .text.uip_ds6_neighbor_periodic
                0x00009196       0x60 contiki-sky.a(uip-ds6-nbr.o)
                0x00009196                uip_ds6_neighbor_periodic
 .text.call_route_callback
                0x000091f6       0x4c contiki-sky.a(uip-ds6-route.o)
 .text.uip_ds6_route_init
                0x00009242       0x36 contiki-sky.a(uip-ds6-route.o)
                0x00009242                uip_ds6_route_init
 .text.uip_ds6_route_nexthop
                0x00009278       0x1a contiki-sky.a(uip-ds6-route.o)
                0x00009278                uip_ds6_route_nexthop
 .text.uip_ds6_route_head
                0x00009292        0xa contiki-sky.a(uip-ds6-route.o)
                0x00009292                uip_ds6_route_head
 .text.uip_ds6_route_next
                0x0000929c        0xe contiki-sky.a(uip-ds6-route.o)
                0x0000929c                uip_ds6_route_next
 .text.uip_ds6_route_lookup
                0x000092aa       0x8c contiki-sky.a(uip-ds6-route.o)
                0x000092aa                uip_ds6_route_lookup
 .text.uip_ds6_route_rm
                0x00009336       0xa6 contiki-sky.a(uip-ds6-route.o)
                0x00009336                uip_ds6_route_rm
 .text.rm_routelist
                0x000093dc       0x34 contiki-sky.a(uip-ds6-route.o)
 .text.rm_routelist_callback
                0x00009410        0x6 contiki-sky.a(uip-ds6-route.o)
 .text.uip_ds6_route_add
                0x00009416      0x108 contiki-sky.a(uip-ds6-route.o)
                0x00009416                uip_ds6_route_add
 .text.uip_ds6_defrt_rm
                0x0000951e       0x48 contiki-sky.a(uip-ds6-route.o)
                0x0000951e                uip_ds6_defrt_rm
 .text.uip_ds6_defrt_lookup
                0x00009566       0x36 contiki-sky.a(uip-ds6-route.o)
                0x00009566                uip_ds6_defrt_lookup
 .text.uip_ds6_defrt_add
                0x0000959c       0x74 contiki-sky.a(uip-ds6-route.o)
                0x0000959c                uip_ds6_defrt_add
 .text.uip_ds6_defrt_choose
                0x00009610       0x3a contiki-sky.a(uip-ds6-route.o)
                0x00009610                uip_ds6_defrt_choose
 .text.uip_ds6_defrt_periodic
                0x0000964a       0x38 contiki-sky.a(uip-ds6-route.o)
                0x0000964a                uip_ds6_defrt_periodic
 .text.echo_reply_input
                0x00009682      0x110 contiki-sky.a(uip-icmp6.o)
 .text.echo_request_input
                0x00009792      0x12c contiki-sky.a(uip-icmp6.o)
 .text.uip_icmp6_input
                0x000098be       0x48 contiki-sky.a(uip-icmp6.o)
                0x000098be                uip_icmp6_input
 .text.uip_icmp6_register_input_handler
                0x00009906        0xc contiki-sky.a(uip-icmp6.o)
                0x00009906                uip_icmp6_register_input_handler
 .text.uip_icmp6_error_output
                0x00009912      0x17e contiki-sky.a(uip-icmp6.o)
                0x00009912                uip_icmp6_error_output
 .text.uip_icmp6_send
                0x00009a90       0x94 contiki-sky.a(uip-icmp6.o)
                0x00009a90                uip_icmp6_send
 .text.uip_icmp6_init
                0x00009b24       0x12 contiki-sky.a(uip-icmp6.o)
                0x00009b24                uip_icmp6_init
 .text.uip_nd6_init
                0x00009b36        0x2 contiki-sky.a(uip-nd6.o)
                0x00009b36                uip_nd6_init
 .text.tcpip_output
                0x00009b38       0x10 contiki-sky.a(tcpip.o)
                0x00009b38                tcpip_output
 .text.tcpip_set_outputfunc
                0x00009b48        0x6 contiki-sky.a(tcpip.o)
                0x00009b48                tcpip_set_outputfunc
 .text.udp_new  0x00009b4e       0x1a contiki-sky.a(tcpip.o)
                0x00009b4e                udp_new
 .text.tcpip_input
                0x00009b68       0x16 contiki-sky.a(tcpip.o)
                0x00009b68                tcpip_input
 .text.tcpip_ipv6_output
                0x00009b7e       0xd4 contiki-sky.a(tcpip.o)
                0x00009b7e                tcpip_ipv6_output
 .text.process_thread_tcpip_process
                0x00009c52       0xd4 contiki-sky.a(tcpip.o)
 .text.tcpip_uipcall
                0x00009d26       0x2a contiki-sky.a(tcpip.o)
                0x00009d26                tcpip_uipcall
 .text.uip_debug_ipaddr_print
                0x00009d50       0x7e contiki-sky.a(uip-debug.o)
                0x00009d50                uip_debug_ipaddr_print
 .text.rpl_get_mode
                0x00009dce        0x6 contiki-sky.a(rpl.o)
                0x00009dce                rpl_get_mode
 .text.rpl_purge_routes
                0x00009dd4       0x96 contiki-sky.a(rpl.o)
                0x00009dd4                rpl_purge_routes
 .text.rpl_remove_routes
                0x00009e6a       0x22 contiki-sky.a(rpl.o)
                0x00009e6a                rpl_remove_routes
 .text.rpl_remove_routes_by_nexthop
                0x00009e8c       0x46 contiki-sky.a(rpl.o)
                0x00009e8c                rpl_remove_routes_by_nexthop
 .text.rpl_add_route
                0x00009ed2       0x48 contiki-sky.a(rpl.o)
                0x00009ed2                rpl_add_route
 .text.rpl_link_neighbor_callback
                0x00009f1a       0x6a contiki-sky.a(rpl.o)
                0x00009f1a                rpl_link_neighbor_callback
 .text.rpl_ipv6_neighbor_callback
                0x00009f84       0x1e contiki-sky.a(rpl.o)
                0x00009f84                rpl_ipv6_neighbor_callback
 .text.rpl_init
                0x00009fa2       0x4a contiki-sky.a(rpl.o)
                0x00009fa2                rpl_init
 .text.lollipop_greater_than
                0x00009fec       0x3c contiki-sky.a(rpl-dag.o)
 .text.find_parent_any_dag_any_instance
                0x0000a028       0x14 contiki-sky.a(rpl-dag.o)
 .text.rpl_set_preferred_parent
                0x0000a03c       0x30 contiki-sky.a(rpl-dag.o)
 .text.set_ip_from_prefix
                0x0000a06c       0x38 contiki-sky.a(rpl-dag.o)
 .text.check_prefix
                0x0000a0a4       0x80 contiki-sky.a(rpl-dag.o)
 .text.rpl_get_nbr
                0x0000a124       0x1e contiki-sky.a(rpl-dag.o)
                0x0000a124                rpl_get_nbr
 .text.rpl_dag_init
                0x0000a142        0xe contiki-sky.a(rpl-dag.o)
                0x0000a142                rpl_dag_init
 .text.rpl_get_parent
                0x0000a150        0xc contiki-sky.a(rpl-dag.o)
                0x0000a150                rpl_get_parent
 .text.rpl_get_parent_ipaddr
                0x0000a15c       0x10 contiki-sky.a(rpl-dag.o)
                0x0000a15c                rpl_get_parent_ipaddr
 .text.rpl_set_prefix
                0x0000a16c       0x8e contiki-sky.a(rpl-dag.o)
                0x0000a16c                rpl_set_prefix
 .text.rpl_set_default_route
                0x0000a1fa       0x64 contiki-sky.a(rpl-dag.o)
                0x0000a1fa                rpl_set_default_route
 .text.rpl_alloc_instance
                0x0000a25e       0x2c contiki-sky.a(rpl-dag.o)
                0x0000a25e                rpl_alloc_instance
 .text.rpl_add_parent
                0x0000a28a       0x56 contiki-sky.a(rpl-dag.o)
                0x0000a28a                rpl_add_parent
 .text.rpl_find_parent
                0x0000a2e0       0x1c contiki-sky.a(rpl-dag.o)
                0x0000a2e0                rpl_find_parent
 .text.rpl_find_parent_any_dag
                0x0000a2fc       0x24 contiki-sky.a(rpl-dag.o)
                0x0000a2fc                rpl_find_parent_any_dag
 .text.rpl_select_parent
                0x0000a320       0x62 contiki-sky.a(rpl-dag.o)
                0x0000a320                rpl_select_parent
 .text.rpl_select_dag
                0x0000a382      0x1ae contiki-sky.a(rpl-dag.o)
                0x0000a382                rpl_select_dag
 .text.rpl_nullify_parent
                0x0000a530       0x4e contiki-sky.a(rpl-dag.o)
                0x0000a530                rpl_nullify_parent
 .text.rpl_remove_parent
                0x0000a57e       0x16 contiki-sky.a(rpl-dag.o)
                0x0000a57e                rpl_remove_parent
 .text.nbr_callback
                0x0000a594        0x6 contiki-sky.a(rpl-dag.o)
 .text.remove_parents.constprop.5
                0x0000a59a       0x32 contiki-sky.a(rpl-dag.o)
 .text.rpl_free_dag
                0x0000a5cc       0x34 contiki-sky.a(rpl-dag.o)
                0x0000a5cc                rpl_free_dag
 .text.rpl_free_instance
                0x0000a600       0x66 contiki-sky.a(rpl-dag.o)
                0x0000a600                rpl_free_instance
 .text.rpl_move_parent
                0x0000a666       0x5a contiki-sky.a(rpl-dag.o)
                0x0000a666                rpl_move_parent
 .text.rpl_get_any_dag
                0x0000a6c0       0x16 contiki-sky.a(rpl-dag.o)
                0x0000a6c0                rpl_get_any_dag
 .text.rpl_get_instance
                0x0000a6d6       0x16 contiki-sky.a(rpl-dag.o)
                0x0000a6d6                rpl_get_instance
 .text.get_dag  0x0000a6ec       0x58 contiki-sky.a(rpl-dag.o)
 .text.rpl_alloc_dag
                0x0000a744       0x66 contiki-sky.a(rpl-dag.o)
                0x0000a744                rpl_alloc_dag
 .text.rpl_repair_root
                0x0000a7aa       0x4c contiki-sky.a(rpl-dag.o)
                0x0000a7aa                rpl_repair_root
 .text.rpl_find_of
                0x0000a7f6       0x10 contiki-sky.a(rpl-dag.o)
                0x0000a7f6                rpl_find_of
 .text.rpl_join_instance
                0x0000a806      0x13c contiki-sky.a(rpl-dag.o)
                0x0000a806                rpl_join_instance
 .text.rpl_local_repair
                0x0000a942       0x80 contiki-sky.a(rpl-dag.o)
                0x0000a942                rpl_local_repair
 .text.rpl_process_parent_event
                0x0000a9c2       0x80 contiki-sky.a(rpl-dag.o)
                0x0000a9c2                rpl_process_parent_event
 .text.rpl_recalculate_ranks
                0x0000aa42       0x46 contiki-sky.a(rpl-dag.o)
                0x0000aa42                rpl_recalculate_ranks
 .text.rpl_add_dag
                0x0000aa88      0x112 contiki-sky.a(rpl-dag.o)
                0x0000aa88                rpl_add_dag
 .text.rpl_process_dio
                0x0000ab9a      0x2bc contiki-sky.a(rpl-dag.o)
                0x0000ab9a                rpl_process_dio
 .text.rpl_lock_parent
                0x0000ae56        0xc contiki-sky.a(rpl-dag.o)
                0x0000ae56                rpl_lock_parent
 .text.rpl_verify_header
                0x0000ae62       0xb2 contiki-sky.a(rpl-ext-header.)
                0x0000ae62                rpl_verify_header
 .text.rpl_update_header_empty
                0x0000af14      0x132 contiki-sky.a(rpl-ext-header.)
                0x0000af14                rpl_update_header_empty
 .text.rpl_update_header_final
                0x0000b046       0x90 contiki-sky.a(rpl-ext-header.)
                0x0000b046                rpl_update_header_final
 .text.rpl_invert_header
                0x0000b0d6       0x7c contiki-sky.a(rpl-ext-header.)
                0x0000b0d6                rpl_invert_header
 .text.rpl_insert_header
                0x0000b152       0x12 contiki-sky.a(rpl-ext-header.)
                0x0000b152                rpl_insert_header
 .text.get32    0x0000b164       0x46 contiki-sky.a(rpl-icmp6.o)
 .text.set32    0x0000b1aa       0x2a contiki-sky.a(rpl-icmp6.o)
 .text.get16    0x0000b1d4        0xe contiki-sky.a(rpl-icmp6.o)
 .text.set16    0x0000b1e2       0x10 contiki-sky.a(rpl-icmp6.o)
 .text.dao_ack_input
                0x0000b1f2        0x6 contiki-sky.a(rpl-icmp6.o)
 .text.dio_input
                0x0000b1f8      0x2d8 contiki-sky.a(rpl-icmp6.o)
 .text.dis_output
                0x0000b4d0       0x50 contiki-sky.a(rpl-icmp6.o)
                0x0000b4d0                dis_output
 .text.dio_output
                0x0000b520      0x264 contiki-sky.a(rpl-icmp6.o)
                0x0000b520                dio_output
 .text.dis_input
                0x0000b784       0x28 contiki-sky.a(rpl-icmp6.o)
 .text.dao_output_target
                0x0000b7ac       0xe4 contiki-sky.a(rpl-icmp6.o)
                0x0000b7ac                dao_output_target
 .text.dao_output
                0x0000b890       0x7e contiki-sky.a(rpl-icmp6.o)
                0x0000b890                dao_output
 .text.dao_ack_output
                0x0000b90e       0x32 contiki-sky.a(rpl-icmp6.o)
                0x0000b90e                dao_ack_output
 .text.dao_input
                0x0000b940      0x2ac contiki-sky.a(rpl-icmp6.o)
 .text.rpl_icmp6_register_handlers
                0x0000bbec       0x22 contiki-sky.a(rpl-icmp6.o)
                0x0000bbec                rpl_icmp6_register_handlers
 .text.reset    0x0000bc0e        0x2 contiki-sky.a(rpl-mrhof.o)
 .text.update_metric_container
                0x0000bc10        0x6 contiki-sky.a(rpl-mrhof.o)
 .text.calculate_rank
                0x0000bc16       0x42 contiki-sky.a(rpl-mrhof.o)
 .text.neighbor_link_callback
                0x0000bc58       0x9c contiki-sky.a(rpl-mrhof.o)
 .text.best_dag
                0x0000bcf4       0x2e contiki-sky.a(rpl-mrhof.o)
 .text.best_parent
                0x0000bd22       0x74 contiki-sky.a(rpl-mrhof.o)
 .text.set_dao_lifetime_timer
                0x0000bd96       0x66 contiki-sky.a(rpl-timers.o)
 .text.new_dio_interval
                0x0000bdfc       0x92 contiki-sky.a(rpl-timers.o)
 .text.handle_periodic_timer
                0x0000be8e       0x2e contiki-sky.a(rpl-timers.o)
 .text.schedule_dao
                0x0000bebc       0x82 contiki-sky.a(rpl-timers.o)
 .text.handle_dao_timer
                0x0000bf3e       0x64 contiki-sky.a(rpl-timers.o)
 .text.handle_dio_timer
                0x0000bfa2       0x88 contiki-sky.a(rpl-timers.o)
 .text.rpl_reset_periodic_timer
                0x0000c02a       0x54 contiki-sky.a(rpl-timers.o)
                0x0000c02a                rpl_reset_periodic_timer
 .text.rpl_reset_dio_timer
                0x0000c07e       0x18 contiki-sky.a(rpl-timers.o)
                0x0000c07e                rpl_reset_dio_timer
 .text.rpl_schedule_dao
                0x0000c096        0xc contiki-sky.a(rpl-timers.o)
                0x0000c096                rpl_schedule_dao
 .text.input_packet
                0x0000c0a2        0x6 contiki-sky.a(csma.o)
 .text.on       0x0000c0a8        0x6 contiki-sky.a(csma.o)
 .text.off      0x0000c0ae        0x6 contiki-sky.a(csma.o)
 .text.channel_check_interval
                0x0000c0b4       0x10 contiki-sky.a(csma.o)
 .text.transmit_packet_list
                0x0000c0c4       0x24 contiki-sky.a(csma.o)
 .text.init     0x0000c0e8       0x1a contiki-sky.a(csma.o)
 .text.send_packet
                0x0000c102      0x186 contiki-sky.a(csma.o)
 .text.free_packet
                0x0000c288       0x9c contiki-sky.a(csma.o)
 .text.packet_sent
                0x0000c324      0x132 contiki-sky.a(csma.o)
 .text.create_frame.isra.0
                0x0000c456      0x108 contiki-sky.a(framer-802154.o)
 .text.create   0x0000c55e        0x8 contiki-sky.a(framer-802154.o)
 .text.hdr_length
                0x0000c566        0x8 contiki-sky.a(framer-802154.o)
 .text.parse    0x0000c56e       0xa2 contiki-sky.a(framer-802154.o)
 .text.framer_canonical_create_and_secure
                0x0000c610       0x20 contiki-sky.a(framer.o)
                0x0000c610                framer_canonical_create_and_secure
 .text.mac_call_sent_callback
                0x0000c630       0x14 contiki-sky.a(mac.o)
                0x0000c630                mac_call_sent_callback
 .text.linkaddr_copy
                0x0000c644        0x8 contiki-sky.a(linkaddr.o)
                0x0000c644                linkaddr_copy
 .text.linkaddr_cmp
                0x0000c64c       0x12 contiki-sky.a(linkaddr.o)
                0x0000c64c                linkaddr_cmp
 .text.linkaddr_set_node_addr
                0x0000c65e        0xc contiki-sky.a(linkaddr.o)
                0x0000c65e                linkaddr_set_node_addr
 .text.item_from_index
                0x0000c66a       0x2a contiki-sky.a(nbr-table.o)
 .text.index_from_key
                0x0000c694       0x26 contiki-sky.a(nbr-table.o)
 .text.index_from_item
                0x0000c6ba       0x1e contiki-sky.a(nbr-table.o)
 .text.nbr_set_bit
                0x0000c6d8       0x58 contiki-sky.a(nbr-table.o)
 .text.index_from_lladdr
                0x0000c730       0x42 contiki-sky.a(nbr-table.o)
 .text.nbr_get_bit.constprop.0
                0x0000c772       0x2e contiki-sky.a(nbr-table.o)
 .text.nbr_table_register
                0x0000c7a0       0x26 contiki-sky.a(nbr-table.o)
                0x0000c7a0                nbr_table_register
 .text.nbr_table_next
                0x0000c7c6       0x54 contiki-sky.a(nbr-table.o)
                0x0000c7c6                nbr_table_next
 .text.nbr_table_head
                0x0000c81a       0x3a contiki-sky.a(nbr-table.o)
                0x0000c81a                nbr_table_head
 .text.nbr_table_add_lladdr
                0x0000c854      0x128 contiki-sky.a(nbr-table.o)
                0x0000c854                nbr_table_add_lladdr
 .text.nbr_table_get_from_lladdr
                0x0000c97c       0x2c contiki-sky.a(nbr-table.o)
                0x0000c97c                nbr_table_get_from_lladdr
 .text.nbr_table_remove
                0x0000c9a8       0x32 contiki-sky.a(nbr-table.o)
                0x0000c9a8                nbr_table_remove
 .text.nbr_table_lock
                0x0000c9da       0x10 contiki-sky.a(nbr-table.o)
                0x0000c9da                nbr_table_lock
 .text.nbr_table_unlock
                0x0000c9ea       0x10 contiki-sky.a(nbr-table.o)
                0x0000c9ea                nbr_table_unlock
 .text.nbr_table_get_lladdr
                0x0000c9fa       0x22 contiki-sky.a(nbr-table.o)
                0x0000c9fa                nbr_table_get_lladdr
 .text.packetbuf_copyto_hdr
                0x0000ca1c       0x1c contiki-sky.a(packetbuf.o)
                0x0000ca1c                packetbuf_copyto_hdr
 .text.packetbuf_copyto
                0x0000ca38       0x52 contiki-sky.a(packetbuf.o)
                0x0000ca38                packetbuf_copyto
 .text.packetbuf_hdrreduce
                0x0000ca8a       0x1a contiki-sky.a(packetbuf.o)
                0x0000ca8a                packetbuf_hdrreduce
 .text.packetbuf_set_datalen
                0x0000caa4        0x6 contiki-sky.a(packetbuf.o)
                0x0000caa4                packetbuf_set_datalen
 .text.packetbuf_dataptr
                0x0000caaa        0xe contiki-sky.a(packetbuf.o)
                0x0000caaa                packetbuf_dataptr
 .text.packetbuf_hdrptr
                0x0000cab8        0xa contiki-sky.a(packetbuf.o)
                0x0000cab8                packetbuf_hdrptr
 .text.packetbuf_is_reference
                0x0000cac2        0xe contiki-sky.a(packetbuf.o)
                0x0000cac2                packetbuf_is_reference
 .text.packetbuf_compact
                0x0000cad0       0x48 contiki-sky.a(packetbuf.o)
                0x0000cad0                packetbuf_compact
 .text.packetbuf_reference_ptr
                0x0000cb18        0x6 contiki-sky.a(packetbuf.o)
                0x0000cb18                packetbuf_reference_ptr
 .text.packetbuf_datalen
                0x0000cb1e        0x6 contiki-sky.a(packetbuf.o)
                0x0000cb1e                packetbuf_datalen
 .text.packetbuf_hdrlen
                0x0000cb24       0x10 contiki-sky.a(packetbuf.o)
                0x0000cb24                packetbuf_hdrlen
 .text.packetbuf_totlen
                0x0000cb34        0xc contiki-sky.a(packetbuf.o)
                0x0000cb34                packetbuf_totlen
 .text.packetbuf_hdralloc
                0x0000cb40       0x2e contiki-sky.a(packetbuf.o)
                0x0000cb40                packetbuf_hdralloc
 .text.packetbuf_attr_clear
                0x0000cb6e       0x28 contiki-sky.a(packetbuf.o)
                0x0000cb6e                packetbuf_attr_clear
 .text.packetbuf_clear
                0x0000cb96       0x1a contiki-sky.a(packetbuf.o)
                0x0000cb96                packetbuf_clear
 .text.packetbuf_copyfrom
                0x0000cbb0       0x2e contiki-sky.a(packetbuf.o)
                0x0000cbb0                packetbuf_copyfrom
 .text.packetbuf_attr_copyto
                0x0000cbde       0x22 contiki-sky.a(packetbuf.o)
                0x0000cbde                packetbuf_attr_copyto
 .text.packetbuf_attr_copyfrom
                0x0000cc00       0x24 contiki-sky.a(packetbuf.o)
                0x0000cc00                packetbuf_attr_copyfrom
 .text.packetbuf_holds_broadcast
                0x0000cc24        0xe contiki-sky.a(packetbuf.o)
                0x0000cc24                packetbuf_holds_broadcast
 .text.queuebuf_init
                0x0000cc32       0x1a contiki-sky.a(queuebuf.o)
                0x0000cc32                queuebuf_init
 .text.queuebuf_numfree
                0x0000cc4c       0x18 contiki-sky.a(queuebuf.o)
                0x0000cc4c                queuebuf_numfree
 .text.queuebuf_new_from_packetbuf
                0x0000cc64       0x88 contiki-sky.a(queuebuf.o)
                0x0000cc64                queuebuf_new_from_packetbuf
 .text.queuebuf_update_attr_from_packetbuf
                0x0000ccec       0x12 contiki-sky.a(queuebuf.o)
                0x0000ccec                queuebuf_update_attr_from_packetbuf
 .text.queuebuf_update_from_packetbuf
                0x0000ccfe       0x22 contiki-sky.a(queuebuf.o)
                0x0000ccfe                queuebuf_update_from_packetbuf
 .text.queuebuf_free
                0x0000cd20       0x40 contiki-sky.a(queuebuf.o)
                0x0000cd20                queuebuf_free
 .text.queuebuf_to_packetbuf
                0x0000cd60       0x6e contiki-sky.a(queuebuf.o)
                0x0000cd60                queuebuf_to_packetbuf
 .text.queuebuf_attr
                0x0000cdce        0xe contiki-sky.a(queuebuf.o)
                0x0000cdce                queuebuf_attr
 .text.duty_cycle
                0x0000cddc        0x6 contiki-sky.a(contikimac.o)
 .text.init     0x0000cde2       0x2a contiki-sky.a(contikimac.o)
 .text.on       0x0000ce0c       0x1a contiki-sky.a(contikimac.o)
 .text.off      0x0000ce26       0x22 contiki-sky.a(contikimac.o)
 .text.recv_burst_off
                0x0000ce48        0xa contiki-sky.a(contikimac.o)
 .text.turn_off
                0x0000ce52       0x20 contiki-sky.a(contikimac.o)
 .text.set_interrupt
                0x0000ce72       0x24 contiki-sky.a(contikimac.o)
 .text.turn_on  0x0000ce96       0x30 contiki-sky.a(contikimac.o)
 .text.powercycle_turn_radio_off
                0x0000cec6       0x30 contiki-sky.a(contikimac.o)
 .text.input_packet
                0x0000cef6       0xa2 contiki-sky.a(contikimac.o)
 .text.send_packet.isra.7
                0x0000cf98      0x210 contiki-sky.a(contikimac.o)
 .text.qsend_list
                0x0000d1a8       0xc4 contiki-sky.a(contikimac.o)
 .text.qsend_packet
                0x0000d26c       0x28 contiki-sky.a(contikimac.o)
 .text.schedule_powercycle_fixed
                0x0000d294       0x3e contiki-sky.a(contikimac.o)
                0x0000d294                schedule_powercycle_fixed
 .text.powercycle
                0x0000d2d2      0x1ce contiki-sky.a(contikimac.o)
 .text.bootstrap
                0x0000d4a0        0x4 contiki-sky.a(nullsec.o)
 .text.send     0x0000d4a4        0xa contiki-sky.a(nullsec.o)
 .text.on_frame_created
                0x0000d4ae        0x4 contiki-sky.a(nullsec.o)
 .text.input    0x0000d4b2        0x6 contiki-sky.a(nullsec.o)
 .text.get_overhead
                0x0000d4b8        0x4 contiki-sky.a(nullsec.o)
 .text.spi_init
                0x0000d4bc       0x30 contiki-sky.a(spi.o)
                0x0000d4bc                spi_init
 .text.compower_accumulate
                0x0000d4ec       0x72 contiki-sky.a(compower.o)
                0x0000d4ec                compower_accumulate
 .text.compower_clear
                0x0000d55e       0x12 contiki-sky.a(compower.o)
                0x0000d55e                compower_clear
 .text.compower_attrconv
                0x0000d570       0x10 contiki-sky.a(compower.o)
                0x0000d570                compower_attrconv
 .text.stimer_set
                0x0000d580       0x1c contiki-sky.a(stimer.o)
                0x0000d580                stimer_set
 .text.stimer_expired
                0x0000d59c       0x30 contiki-sky.a(stimer.o)
                0x0000d59c                stimer_expired
 .text.memb_init
                0x0000d5cc       0x36 contiki-sky.a(memb.o)
                0x0000d5cc                memb_init
 .text.memb_alloc
                0x0000d602       0x3e contiki-sky.a(memb.o)
                0x0000d602                memb_alloc
 .text.memb_free
                0x0000d640       0x3a contiki-sky.a(memb.o)
                0x0000d640                memb_free
 .text.memb_inmemb
                0x0000d67a       0x2a contiki-sky.a(memb.o)
                0x0000d67a                memb_inmemb
 .text.memb_numfree
                0x0000d6a4       0x26 contiki-sky.a(memb.o)
                0x0000d6a4                memb_numfree
 .text.field_len
                0x0000d6ca       0x90 contiki-sky.a(frame802154.o)
 .text.frame802154_hdrlen
                0x0000d75a       0x2e contiki-sky.a(frame802154.o)
                0x0000d75a                frame802154_hdrlen
 .text.frame802154_create
                0x0000d788      0x146 contiki-sky.a(frame802154.o)
                0x0000d788                frame802154_create
 .text.frame802154_parse
                0x0000d8ce      0x1ba contiki-sky.a(frame802154.o)
                0x0000d8ce                frame802154_parse
 .text.mac_sequence_is_duplicate
                0x0000da88       0x44 contiki-sky.a(mac-sequence.o)
                0x0000da88                mac_sequence_is_duplicate
 .text.mac_sequence_register_seqno
                0x0000dacc       0x72 contiki-sky.a(mac-sequence.o)
                0x0000dacc                mac_sequence_register_seqno
 .text.libgcc   0x0000db3e       0x2c /usr/local/msp430/bin/../lib/gcc/msp430/4.7.0/mmpy-16/libgcc.a(_mulsi3.o)
                0x0000db3e                __mulsi3
 .text.libgcc   0x0000db6a       0x22 /usr/local/msp430/bin/../lib/gcc/msp430/4.7.0/mmpy-16/libgcc.a(_udivmod16.o)
                0x0000db6a                __udivhi3
                0x0000db6a                __ext_udivmod16
                0x0000db84                __umodhi3
 .text.libgcc   0x0000db8c       0x3a /usr/local/msp430/bin/../lib/gcc/msp430/4.7.0/mmpy-16/libgcc.a(_divmod16.o)
                0x0000db8c                __ext_divmod16
                0x0000db8c                __divhi3
                0x0000dbbe                __modhi3
 .text.libgcc   0x0000dbc6       0x40 /usr/local/msp430/bin/../lib/gcc/msp430/4.7.0/mmpy-16/libgcc.a(_udivmod32.o)
                0x0000dbc6                __udivsi3
                0x0000dbc6                __ext_udivmod32
                0x0000dbfc                __umodsi3
 .text.printf   0x0000dc06       0x10 /usr/local/msp430/bin/../lib/gcc/msp430/4.7.0/../../../../msp430/lib/mmpy-16/libc.a(printf.o)
                0x0000dc06                printf
 .text.print_field
                0x0000dc16      0x194 /usr/local/msp430/bin/../lib/gcc/msp430/4.7.0/../../../../msp430/lib/mmpy-16/libc.a(vuprintf.o)
 .text.vuprintf
                0x0000ddaa      0x63c /usr/local/msp430/bin/../lib/gcc/msp430/4.7.0/../../../../msp430/lib/mmpy-16/libc.a(vuprintf.o)
                0x0000ddaa                vuprintf
 .text.puts     0x0000e3e6       0x2c /usr/local/msp430/bin/../lib/gcc/msp430/4.7.0/../../../../msp430/lib/mmpy-16/libc.a(puts.o)
                0x0000e3e6                puts
 .text.rand     0x0000e412       0x26 /usr/local/msp430/bin/../lib/gcc/msp430/4.7.0/../../../../msp430/lib/mmpy-16/libc.a(rand.o)
                0x0000e412                rand
 .text.srand    0x0000e438        0xa /usr/local/msp430/bin/../lib/gcc/msp430/4.7.0/../../../../msp430/lib/mmpy-16/libc.a(rand.o)
                0x0000e438                srand
 .text.memcmp   0x0000e442       0x30 /usr/local/msp430/bin/../lib/gcc/msp430/4.7.0/../../../../msp430/lib/mmpy-16/libc.a(memcmp.o)
                0x0000e442                memcmp
 .text.memcpy   0x0000e472       0xfa /usr/local/msp430/bin/../lib/gcc/msp430/4.7.0/../../../../msp430/lib/mmpy-16/libc.a(memcpy.o)
                0x0000e472                memcpy
 .text.memmove  0x0000e56c       0xfa /usr/local/msp430/bin/../lib/gcc/msp430/4.7.0/../../../../msp430/lib/mmpy-16/libc.a(memmove.o)
                0x0000e56c                memmove
 .text.memset   0x0000e666       0x6a /usr/local/msp430/bin/../lib/gcc/msp430/4.7.0/../../../../msp430/lib/mmpy-16/libc.a(memset.o)
                0x0000e666                memset
 .text.libgcc   0x0000e6d0       0xf0 /usr/local/msp430/bin/../lib/gcc/msp430/4.7.0/mmpy-16/libgcc.a(_udivmod64.o)
                0x0000e6d0                __xabi_udivmod64
                0x0000e72e                __udivdi3
                0x0000e754                __umoddi3
                0x0000e782                __udivmoddi4
 .text.crt0     0x0000e7c0        0x2 /usr/local/msp430/bin/../lib/gcc/msp430/4.7.0/mmpy-16/libcrt0.a(_unexpected_.o)
                0x0000e7c0                _unexpected_
 *(.near.text .near.text.*)

.rodata         0x0000e7c4      0x321
                0x0000e7c4                . = ALIGN (0x2)
 *(.rodata .rodata.* .gnu.linkonce.r.*)
 .rodata        0x0000e7c4       0xaa sink.co
                0x0000e85a                autostart_processes
 .rodata        0x0000e86e      0x12e obj_sky/contiki-sky-main.o
 .rodata        0x0000e99c       0x10 contiki-sky.a(button-sensor.o)
                0x0000e9a4                button_sensor
 .rodata        0x0000e9ac        0x8 contiki-sky.a(sensors.o)
 .rodata.get_value
                0x0000e9b4       0x1c contiki-sky.a(cc2420.o)
 .rodata        0x0000e9d0       0x3e contiki-sky.a(cc2420.o)
                0x0000e9d0                cc2420_aes_128_driver
                0x0000e9d4                cc2420_driver
 .rodata        0x0000ea0e       0x10 contiki-sky.a(roll-tm.o)
                0x0000ea16                roll_tm_driver
 .rodata        0x0000ea1e        0xf contiki-sky.a(ctimer.o)
 .rodata        0x0000ea2d        0xc contiki-sky.a(etimer.o)
 *fill*         0x0000ea39        0x1 00
 .rodata        0x0000ea3a       0x24 contiki-sky.a(sicslowpan.o)
                0x0000ea46                sicslowpan_driver
                0x0000ea4c                llprefix
                0x0000ea4e                unc_mxconf
                0x0000ea52                unc_ctxconf
                0x0000ea56                unc_llconf
 .rodata        0x0000ea5e        0xd contiki-sky.a(tcpip.o)
 .rodata        0x0000ea6b       0x1a contiki-sky.a(uip-debug.o)
 *fill*         0x0000ea85        0x1 00
 .rodata        0x0000ea86       0x14 contiki-sky.a(csma.o)
                0x0000ea8c                csma_driver
 .rodata        0x0000ea9a        0x8 contiki-sky.a(framer-802154.o)
                0x0000ea9a                framer_802154
 .rodata        0x0000eaa2        0x8 contiki-sky.a(linkaddr.o)
                0x0000eaa2                linkaddr_null
 .rodata        0x0000eaaa       0x1e contiki-sky.a(contikimac.o)
                0x0000eab6                contikimac_driver
 .rodata        0x0000eac8       0x14 contiki-sky.a(nullsec.o)
                0x0000ead0                nullsec_driver
 .rodata        0x0000eadc        0x2 contiki-sky.a(frame802154.o)
 .rodata.vuprintf
                0x0000eade        0x7 /usr/local/msp430/bin/../lib/gcc/msp430/4.7.0/../../../../msp430/lib/mmpy-16/libc.a(vuprintf.o)
 *(.near.rodata .near.rodata.*)
                0x0000eae6                . = ALIGN (0x2)
                0x0000eae6                _etext = .

.data           0x00001100       0xea load address 0x0000eae6
                0x00001100                . = ALIGN (0x2)
                0x00001100                __data_start = .
 *(.data .data.* .gnu.linkonce.d.*)
 .data          0x00001100        0xa sink.co
                0x00001100                mcast_sink_process
 .data          0x0000110a        0x4 contiki-sky.a(contiki-sky-pla)
                0x0000110a                sensors
 .data          0x0000110e        0xa contiki-sky.a(sensors.o)
                0x0000110e                sensors_process
 .data          0x00001118        0xa contiki-sky.a(cc2420.o)
                0x00001118                cc2420_process
 .data          0x00001122        0x2 contiki-sky.a(msp430.o)
 .data          0x00001124        0x6 contiki-sky.a(roll-tm.o)
 .data          0x0000112a        0xa contiki-sky.a(ctimer.o)
                0x0000112a                ctimer_process
 .data          0x00001134        0xa contiki-sky.a(etimer.o)
                0x00001134                etimer_process
 .data          0x0000113e        0xa contiki-sky.a(uip-ds6-nbr.o)
                0x0000113e                ds6_neighbors
 .data          0x00001148       0x20 contiki-sky.a(uip-ds6-route.o)
 .data          0x00001168        0xc contiki-sky.a(uip-icmp6.o)
 .data          0x00001174        0xa contiki-sky.a(tcpip.o)
                0x00001174                tcpip_process
 .data          0x0000117e        0x8 contiki-sky.a(rpl-dag.o)
 .data          0x00001186       0x1a contiki-sky.a(rpl-icmp6.o)
 .data          0x000011a0        0xe contiki-sky.a(rpl-mrhof.o)
                0x000011a0                rpl_mrhof
 .data          0x000011ae       0x18 contiki-sky.a(csma.o)
 .data          0x000011c6        0x8 contiki-sky.a(nbr-table.o)
 .data          0x000011ce       0x18 contiki-sky.a(queuebuf.o)
 .data.next     0x000011e6        0x4 /usr/local/msp430/bin/../lib/gcc/msp430/4.7.0/../../../../msp430/lib/mmpy-16/libc.a(rand.o)
 *(.near.data .near.data.*)
                0x000011ea                . = ALIGN (0x2)
                0x000011ea                _edata = .
                0x0000eae6                __data_load_start = LOADADDR (.data)
                0x000000ea                __data_size = SIZEOF (.data)

.bss            0x000011ea     0x1f12 load address 0x0000ebd0
                0x000011ea                __bss_start = .
 *(.bss .bss.*)
 .bss           0x000011ea        0x4 sink.co
 .bss           0x000011ee        0xc obj_sky/contiki-sky-main.o
 .bss           0x000011fa        0x8 contiki-sky.a(button-sensor.o)
 .bss           0x00001202        0x2 contiki-sky.a(node-id.o)
                0x00001202                node_id
 .bss           0x00001204        0x6 contiki-sky.a(sensors.o)
 .bss           0x0000120a        0x8 contiki-sky.a(cc2420.o)
 .bss           0x00001212       0x9a contiki-sky.a(uart1.o)
 .bss           0x000012ac        0xa contiki-sky.a(clock.o)
 .bss           0x000012b6        0x1 contiki-sky.a(leds.o)
 *fill*         0x000012b7        0x1 00
 .bss           0x000012b8        0x2 contiki-sky.a(watchdog.o)
 .bss           0x000012ba      0x69e contiki-sky.a(roll-tm.o)
 .bss           0x00001958        0x4 contiki-sky.a(ctimer.o)
 .bss           0x0000195c        0x6 contiki-sky.a(etimer.o)
 .bss           0x00001962       0x42 contiki-sky.a(process.o)
                0x00001962                process_current
                0x00001964                process_list
 .bss           0x000019a4        0x2 contiki-sky.a(rtimer.o)
 .bss           0x000019a6      0x124 contiki-sky.a(sicslowpan.o)
 .bss           0x00001aca        0x8 contiki-sky.a(uip6.o)
                0x00001aca                uip_ext_opt_offset
                0x00001acb                uip_ext_len
                0x00001acc                uip_ext_bitmap
 .bss           0x00001ad2       0x18 contiki-sky.a(uip-ds6.o)
 .bss           0x00001aea      0x2f8 contiki-sky.a(uip-ds6-nbr.o)
 .bss           0x00001de2      0x362 contiki-sky.a(uip-ds6-route.o)
 .bss           0x00002144       0x14 contiki-sky.a(uip-icmp6.o)
 .bss           0x00002158        0xe contiki-sky.a(tcpip.o)
 .bss           0x00002166        0x2 contiki-sky.a(rpl.o)
 .bss           0x00002168       0xa0 contiki-sky.a(rpl-dag.o)
 .bss           0x00002208       0x18 contiki-sky.a(rpl-timers.o)
 .bss           0x00002220       0xc4 contiki-sky.a(csma.o)
 .bss           0x000022e4        0x2 contiki-sky.a(framer-802154.o)
 .bss           0x000022e6      0x118 contiki-sky.a(nbr-table.o)
 .bss           0x000023fe       0xb8 contiki-sky.a(packetbuf.o)
 .bss           0x000024b6      0x63e contiki-sky.a(queuebuf.o)
 .bss           0x00002af4       0x34 contiki-sky.a(contikimac.o)
                0x00002af4                contikiMAC_ready
                0x00002af5                radio_is_on
                0x00002af6                we_are_sending
 .bss           0x00002b28        0x8 contiki-sky.a(compower.o)
 .bss           0x00002b30       0xa0 contiki-sky.a(mac-sequence.o)
 *(.near.bss .near.bss.*)
 *(COMMON)
 COMMON         0x00002bd0        0x2 contiki-sky.a(contiki-sky-pla)
                0x00002bd0                sensors_flags
 COMMON         0x00002bd2        0x8 contiki-sky.a(ds2411.o)
                0x00002bd2                ds2411_id
 COMMON         0x00002bda        0x1 contiki-sky.a(sensors.o)
                0x00002bda                sensors_event
 *fill*         0x00002bdb        0x1 00
 COMMON         0x00002bdc       0x10 contiki-sky.a(cc2420.o)
                0x00002bdc                cc2420_last_rssi
                0x00002bde                cc2420_sfd_start_time
                0x00002be0                cc2420_time_of_departure
                0x00002be2                cc2420_time_of_arrival
                0x00002be4                cc2420_last_correlation
                0x00002be6                cc2420_authority_level_of_sender
                0x00002be8                cc2420_sfd_counter
                0x00002bea                cc2420_sfd_end_time
 COMMON         0x00002bec        0x2 contiki-sky.a(msp430.o)
                0x00002bec                msp430_dco_required
 COMMON         0x00002bee       0x56 contiki-sky.a(energest.o)
                0x00002bee                energest_total_time
                0x00002c1e                energest_total_count
                0x00002c20                energest_current_mode
                0x00002c2c                energest_current_time
 COMMON         0x00002c44        0x1 contiki-sky.a(process.o)
                0x00002c44                process_maxevents
 *fill*         0x00002c45        0x1 00
 COMMON         0x00002c46        0x8 contiki-sky.a(sicslowpan.o)
                0x00002c46                frag_sender
 COMMON         0x00002c4e      0x240 contiki-sky.a(uip6.o)
                0x00002c4e                uip_len
                0x00002c50                uip_sappdata
                0x00002c52                uip_lladdr
                0x00002c5a                uip_aligned_buf
                0x00002d4a                uip_flags
                0x00002d4c                uip_next_hdr
                0x00002d4e                uip_udp_conn
                0x00002d50                uip_appdata
                0x00002d52                uip_conn
                0x00002d54                uip_slen
                0x00002d56                uip_udp_conns
 COMMON         0x00002e8e      0x15c contiki-sky.a(uip-ds6.o)
                0x00002e8e                uip_ds6_timer_ra
                0x00002e96                uip_ds6_if
                0x00002f82                uip_ds6_netif_addr_list_offset
                0x00002f83                uip_ds6_addr_size
                0x00002f84                uip_ds6_prefix_list
                0x00002fde                uip_ds6_timer_periodic
 COMMON         0x00002fea        0x1 contiki-sky.a(tcpip.o)
                0x00002fea                tcpip_event
 *fill*         0x00002feb        0x1 00
 COMMON         0x00002fec       0xca contiki-sky.a(rpl-dag.o)
                0x00002fec                default_instance
                0x00002fee                instance_table
 COMMON         0x000030b6        0x8 contiki-sky.a(linkaddr.o)
                0x000030b6                linkaddr_node_addr
 COMMON         0x000030be       0x34 contiki-sky.a(packetbuf.o)
                0x000030be                packetbuf_addrs
                0x000030ce                packetbuf_attrs
 COMMON         0x000030f2        0x2 contiki-sky.a(contikimac.o)
                0x000030f2                cycle_start
 COMMON         0x000030f4        0x8 contiki-sky.a(compower.o)
                0x000030f4                compower_idle_activity
                0x000030fc                . = ALIGN (0x2)
                0x000030fc                __bss_end = .
                0x00001f12                __bss_size = SIZEOF (.bss)

.noinit         0x000030fc        0x2 load address 0x0000ebd0
                0x000030fc                . = ALIGN (0x2)
                0x000030fc                __noinit_start = .
 *(.noinit .noinit.*)
 .noinit.crt0   0x000030fc        0x2 /usr/local/msp430/bin/../lib/gcc/msp430/4.7.0/mmpy-16/libcrt0.a(__watchdog_support.o)
                0x000030fc                __wdt_clear_value
                0x000030fe                . = ALIGN (0x2)
                0x000030fe                __noinit_end = .
                0x000030fe                . = ALIGN (0x2)
                0x000030fe                _end = .

.infomem        0x00001000        0x0
                0x00001000                . = ALIGN (0x2)
 *(.infomem .infomem.*)

.infomemnobits  0x00001000        0x0
                0x00001000                . = ALIGN (0x2)
 *(.infomemnobits .infomemnobits.*)

.infoa          0x00001080        0x0
                0x00001080                . = ALIGN (0x2)
 *(.infoa .infoa.*)

.infob          0x00001000        0x0
                0x00001000                . = ALIGN (0x2)
 *(.infob .infob.*)

.infoc          0x00000000        0x0
                0x00000000                . = ALIGN (0x2)
 *(.infoc .infoc.*)

.infod          0x00000000        0x0
                0x00000000                . = ALIGN (0x2)
 *(.infod .infod.*)

.vectors        0x0000ffe0       0x20
                0x0000ffe0                __vectors_start = .
 *(.vectors*)
 .vectors       0x0000ffe0       0x20 /usr/local/msp430/bin/../lib/gcc/msp430/4.7.0/mmpy-16/crt0ivtbl16.o
                0x0000ffe0                __ivtbl_16
                0x00010000                _vectors_end = .

.fartext        0x00000000        0x0
                0x00000000                . = ALIGN (0x2)
 *(.fartext .fartext.*)

.far.text       0x00000000        0x0
                0x00000000                . = ALIGN (0x2)
 *(.far.text .far.text.*)

.far.rodata     0x00000000        0x0
                0x00000000                . = ALIGN (0x2)
 *(.far.rodata .far.rodata.*)
                0x00000000                . = ALIGN (0x2)
                0x00000000                _efartext = .

.far.data       0x00000000        0x0
                0x00000000                . = ALIGN (0x2)
                0x00000000                __far_data_start = .
 *(.far.data .far.data.*)
                0x00000000                . = ALIGN (0x2)
                0x00000000                _efardata = .
                0x00000000                __far_data_load_start = LOADADDR (.far.data)
                0x00000000                __far_data_size = SIZEOF (.far.data)

.far.bss        0x00000000        0x0
                0x00000000                . = ALIGN (0x2)
                0x00000000                __far_bss_start = .
 *(.far.bss .far.bss.*)
                0x00000000                . = ALIGN (0x2)
                0x00000000                __far_bss_end = .
                0x00000000                __far_bss_size = SIZEOF (.far.bss)
                0x00000000                . = ALIGN (0x2)
                0x00000000                _far_end = .

.profiler
 *(.profiler)

.stab
 *(.stab)

.stabstr
 *(.stabstr)

.stab.excl
 *(.stab.excl)

.stab.exclstr
 *(.stab.exclstr)

.stab.index
 *(.stab.index)

.stab.indexstr
 *(.stab.indexstr)

.comment        0x00000000       0x30
 *(.comment)
 .comment       0x00000000       0x30 sink.co
                                 0x31 (size before relaxing)
 .comment       0x00000000       0x31 obj_sky/contiki-sky-main.o
 .comment       0x00000000       0x31 contiki-sky.a(contiki-sky-pla)
 .comment       0x00000000       0x31 contiki-sky.a(button-sensor.o)
 .comment       0x00000000       0x31 contiki-sky.a(ds2411.o)
 .comment       0x00000000       0x31 contiki-sky.a(xmem.o)
 .comment       0x00000000       0x31 contiki-sky.a(node-id.o)
 .comment       0x00000000       0x31 contiki-sky.a(sensors.o)
 .comment       0x00000000       0x31 contiki-sky.a(cc2420.o)
 .comment       0x00000000       0x31 contiki-sky.a(cc2420-arch.o)
 .comment       0x00000000       0x31 contiki-sky.a(uart1.o)
 .comment       0x00000000       0x31 contiki-sky.a(uart1-putchar.o)
 .comment       0x00000000       0x31 contiki-sky.a(msp430.o)
 .comment       0x00000000       0x31 contiki-sky.a(clock.o)
 .comment       0x00000000       0x31 contiki-sky.a(leds.o)
 .comment       0x00000000       0x31 contiki-sky.a(leds-arch.o)
 .comment       0x00000000       0x31 contiki-sky.a(watchdog.o)
 .comment       0x00000000       0x31 contiki-sky.a(rtimer-arch.o)
 .comment       0x00000000       0x31 contiki-sky.a(roll-tm.o)
 .comment       0x00000000       0x31 contiki-sky.a(autostart.o)
 .comment       0x00000000       0x31 contiki-sky.a(ctimer.o)
 .comment       0x00000000       0x31 contiki-sky.a(energest.o)
 .comment       0x00000000       0x31 contiki-sky.a(etimer.o)
 .comment       0x00000000       0x31 contiki-sky.a(process.o)
 .comment       0x00000000       0x31 contiki-sky.a(rtimer.o)
 .comment       0x00000000       0x31 contiki-sky.a(timer.o)
 .comment       0x00000000       0x31 contiki-sky.a(list.o)
 .comment       0x00000000       0x31 contiki-sky.a(random.o)
 .comment       0x00000000       0x31 contiki-sky.a(sicslowpan.o)
 .comment       0x00000000       0x31 contiki-sky.a(uip6.o)
 .comment       0x00000000       0x31 contiki-sky.a(uip-ds6.o)
 .comment       0x00000000       0x31 contiki-sky.a(uip-ds6-nbr.o)
 .comment       0x00000000       0x31 contiki-sky.a(uip-ds6-route.o)
 .comment       0x00000000       0x31 contiki-sky.a(uip-icmp6.o)
 .comment       0x00000000       0x31 contiki-sky.a(uip-nd6.o)
 .comment       0x00000000       0x31 contiki-sky.a(tcpip.o)
 .comment       0x00000000       0x31 contiki-sky.a(uip-debug.o)
 .comment       0x00000000       0x31 contiki-sky.a(rpl.o)
 .comment       0x00000000       0x31 contiki-sky.a(rpl-dag.o)
 .comment       0x00000000       0x31 contiki-sky.a(rpl-ext-header.)
 .comment       0x00000000       0x31 contiki-sky.a(rpl-icmp6.o)
 .comment       0x00000000       0x31 contiki-sky.a(rpl-mrhof.o)
 .comment       0x00000000       0x31 contiki-sky.a(rpl-timers.o)
 .comment       0x00000000       0x31 contiki-sky.a(csma.o)
 .comment       0x00000000       0x31 contiki-sky.a(framer-802154.o)
 .comment       0x00000000       0x31 contiki-sky.a(framer.o)
 .comment       0x00000000       0x31 contiki-sky.a(mac.o)
 .comment       0x00000000       0x31 contiki-sky.a(linkaddr.o)
 .comment       0x00000000       0x31 contiki-sky.a(nbr-table.o)
 .comment       0x00000000       0x31 contiki-sky.a(packetbuf.o)
 .comment       0x00000000       0x31 contiki-sky.a(queuebuf.o)
 .comment       0x00000000       0x31 contiki-sky.a(contikimac.o)
 .comment       0x00000000       0x31 contiki-sky.a(nullsec.o)
 .comment       0x00000000       0x31 contiki-sky.a(spi.o)
 .comment       0x00000000       0x31 contiki-sky.a(compower.o)
 .comment       0x00000000       0x31 contiki-sky.a(stimer.o)
 .comment       0x00000000       0x31 contiki-sky.a(memb.o)
 .comment       0x00000000       0x31 contiki-sky.a(frame802154.o)
 .comment       0x00000000       0x31 contiki-sky.a(mac-sequence.o)
 .comment       0x00000000       0x31 /usr/local/msp430/bin/../lib/gcc/msp430/4.7.0/../../../../msp430/lib/mmpy-16/libc.a(printf.o)
 .comment       0x00000000       0x31 /usr/local/msp430/bin/../lib/gcc/msp430/4.7.0/../../../../msp430/lib/mmpy-16/libc.a(vuprintf.o)
 .comment       0x00000000       0x31 /usr/local/msp430/bin/../lib/gcc/msp430/4.7.0/../../../../msp430/lib/mmpy-16/libc.a(puts.o)
 .comment       0x00000000       0x31 /usr/local/msp430/bin/../lib/gcc/msp430/4.7.0/../../../../msp430/lib/mmpy-16/libc.a(rand.o)
 .comment       0x00000000       0x31 /usr/local/msp430/bin/../lib/gcc/msp430/4.7.0/../../../../msp430/lib/mmpy-16/libc.a(memcmp.o)
 .comment       0x00000000       0x31 /usr/local/msp430/bin/../lib/gcc/msp430/4.7.0/../../../../msp430/lib/mmpy-16/libc.a(memcpy.o)
 .comment       0x00000000       0x31 /usr/local/msp430/bin/../lib/gcc/msp430/4.7.0/../../../../msp430/lib/mmpy-16/libc.a(memmove.o)
 .comment       0x00000000       0x31 /usr/local/msp430/bin/../lib/gcc/msp430/4.7.0/../../../../msp430/lib/mmpy-16/libc.a(memset.o)

.debug
 *(.debug)

.line
 *(.line)

.debug_srcinfo
 *(.debug_srcinfo)

.debug_sfnames
 *(.debug_sfnames)

.debug_aranges  0x00000000      0x1a0
 *(.debug_aranges)
 .debug_aranges
                0x00000000       0x14 /usr/local/msp430/bin/../lib/gcc/msp430/4.7.0/mmpy-16/crt0ivtbl16.o
 .debug_aranges
                0x00000014       0x14 /usr/local/msp430/bin/../lib/gcc/msp430/4.7.0/mmpy-16/libgcc.a(_mulsi3.o)
 .debug_aranges
                0x00000028       0x14 /usr/local/msp430/bin/../lib/gcc/msp430/4.7.0/mmpy-16/libgcc.a(_udivmod16.o)
 .debug_aranges
                0x0000003c       0x14 /usr/local/msp430/bin/../lib/gcc/msp430/4.7.0/mmpy-16/libgcc.a(_divmod16.o)
 .debug_aranges
                0x00000050       0x14 /usr/local/msp430/bin/../lib/gcc/msp430/4.7.0/mmpy-16/libgcc.a(_udivmod32.o)
 .debug_aranges
                0x00000064       0x18 /usr/local/msp430/bin/../lib/gcc/msp430/4.7.0/../../../../msp430/lib/mmpy-16/libc.a(printf.o)
 .debug_aranges
                0x0000007c       0x18 /usr/local/msp430/bin/../lib/gcc/msp430/4.7.0/../../../../msp430/lib/mmpy-16/libc.a(vuprintf.o)
 .debug_aranges
                0x00000094       0x14 /usr/local/msp430/bin/../lib/gcc/msp430/4.7.0/../../../../msp430/lib/mmpy-16/libc.a(puts.o)
 .debug_aranges
                0x000000a8       0x1c /usr/local/msp430/bin/../lib/gcc/msp430/4.7.0/../../../../msp430/lib/mmpy-16/libc.a(rand.o)
 .debug_aranges
                0x000000c4       0x14 /usr/local/msp430/bin/../lib/gcc/msp430/4.7.0/../../../../msp430/lib/mmpy-16/libc.a(memcmp.o)
 .debug_aranges
                0x000000d8       0x14 /usr/local/msp430/bin/../lib/gcc/msp430/4.7.0/../../../../msp430/lib/mmpy-16/libc.a(memcpy.o)
 .debug_aranges
                0x000000ec       0x14 /usr/local/msp430/bin/../lib/gcc/msp430/4.7.0/../../../../msp430/lib/mmpy-16/libc.a(memmove.o)
 .debug_aranges
                0x00000100       0x14 /usr/local/msp430/bin/../lib/gcc/msp430/4.7.0/../../../../msp430/lib/mmpy-16/libc.a(memset.o)
 .debug_aranges
                0x00000114       0x14 /usr/local/msp430/bin/../lib/gcc/msp430/4.7.0/mmpy-16/libgcc.a(_udivmod64.o)
 .debug_aranges
                0x00000128       0x14 /usr/local/msp430/bin/../lib/gcc/msp430/4.7.0/mmpy-16/libcrt0.a(__watchdog_support.o)
 .debug_aranges
                0x0000013c       0x14 /usr/local/msp430/bin/../lib/gcc/msp430/4.7.0/mmpy-16/libcrt0.a(__init_stack.o)
 .debug_aranges
                0x00000150       0x14 /usr/local/msp430/bin/../lib/gcc/msp430/4.7.0/mmpy-16/libcrt0.a(_copy_data.o)
 .debug_aranges
                0x00000164       0x14 /usr/local/msp430/bin/../lib/gcc/msp430/4.7.0/mmpy-16/libcrt0.a(_clear_bss.o)
 .debug_aranges
                0x00000178       0x14 /usr/local/msp430/bin/../lib/gcc/msp430/4.7.0/mmpy-16/libcrt0.a(_endless_loop__.o)
 .debug_aranges
                0x0000018c       0x14 /usr/local/msp430/bin/../lib/gcc/msp430/4.7.0/mmpy-16/libcrt0.a(_unexpected_.o)

.debug_pubnames
 *(.debug_pubnames)

.debug_info     0x00000000     0x14ba
 *(.debug_info)
 .debug_info    0x00000000       0x9b /usr/local/msp430/bin/../lib/gcc/msp430/4.7.0/mmpy-16/crt0ivtbl16.o
 .debug_info    0x0000009b       0x98 /usr/local/msp430/bin/../lib/gcc/msp430/4.7.0/mmpy-16/libgcc.a(_mulsi3.o)
 .debug_info    0x00000133       0x98 /usr/local/msp430/bin/../lib/gcc/msp430/4.7.0/mmpy-16/libgcc.a(_udivmod16.o)
 .debug_info    0x000001cb       0x98 /usr/local/msp430/bin/../lib/gcc/msp430/4.7.0/mmpy-16/libgcc.a(_divmod16.o)
 .debug_info    0x00000263       0x98 /usr/local/msp430/bin/../lib/gcc/msp430/4.7.0/mmpy-16/libgcc.a(_udivmod32.o)
 .debug_info    0x000002fb      0x16e /usr/local/msp430/bin/../lib/gcc/msp430/4.7.0/../../../../msp430/lib/mmpy-16/libc.a(printf.o)
 .debug_info    0x00000469      0x5d4 /usr/local/msp430/bin/../lib/gcc/msp430/4.7.0/../../../../msp430/lib/mmpy-16/libc.a(vuprintf.o)
 .debug_info    0x00000a3d       0xc7 /usr/local/msp430/bin/../lib/gcc/msp430/4.7.0/../../../../msp430/lib/mmpy-16/libc.a(puts.o)
 .debug_info    0x00000b04      0x146 /usr/local/msp430/bin/../lib/gcc/msp430/4.7.0/../../../../msp430/lib/mmpy-16/libc.a(rand.o)
 .debug_info    0x00000c4a       0xe5 /usr/local/msp430/bin/../lib/gcc/msp430/4.7.0/../../../../msp430/lib/mmpy-16/libc.a(memcmp.o)
 .debug_info    0x00000d2f      0x12c /usr/local/msp430/bin/../lib/gcc/msp430/4.7.0/../../../../msp430/lib/mmpy-16/libc.a(memcpy.o)
 .debug_info    0x00000e5b      0x12c /usr/local/msp430/bin/../lib/gcc/msp430/4.7.0/../../../../msp430/lib/mmpy-16/libc.a(memmove.o)
 .debug_info    0x00000f87      0x117 /usr/local/msp430/bin/../lib/gcc/msp430/4.7.0/../../../../msp430/lib/mmpy-16/libc.a(memset.o)
 .debug_info    0x0000109e       0x98 /usr/local/msp430/bin/../lib/gcc/msp430/4.7.0/mmpy-16/libgcc.a(_udivmod64.o)
 .debug_info    0x00001136       0x96 /usr/local/msp430/bin/../lib/gcc/msp430/4.7.0/mmpy-16/libcrt0.a(__watchdog_support.o)
 .debug_info    0x000011cc       0x96 /usr/local/msp430/bin/../lib/gcc/msp430/4.7.0/mmpy-16/libcrt0.a(__init_stack.o)
 .debug_info    0x00001262       0x96 /usr/local/msp430/bin/../lib/gcc/msp430/4.7.0/mmpy-16/libcrt0.a(_copy_data.o)
 .debug_info    0x000012f8       0x96 /usr/local/msp430/bin/../lib/gcc/msp430/4.7.0/mmpy-16/libcrt0.a(_clear_bss.o)
 .debug_info    0x0000138e       0x96 /usr/local/msp430/bin/../lib/gcc/msp430/4.7.0/mmpy-16/libcrt0.a(_endless_loop__.o)
 .debug_info    0x00001424       0x96 /usr/local/msp430/bin/../lib/gcc/msp430/4.7.0/mmpy-16/libcrt0.a(_unexpected_.o)
 *(.gnu.linkonce.wi.*)

.debug_abbrev   0x00000000      0x85b
 *(.debug_abbrev)
 .debug_abbrev  0x00000000       0x14 /usr/local/msp430/bin/../lib/gcc/msp430/4.7.0/mmpy-16/crt0ivtbl16.o
 .debug_abbrev  0x00000014       0x14 /usr/local/msp430/bin/../lib/gcc/msp430/4.7.0/mmpy-16/libgcc.a(_mulsi3.o)
 .debug_abbrev  0x00000028       0x14 /usr/local/msp430/bin/../lib/gcc/msp430/4.7.0/mmpy-16/libgcc.a(_udivmod16.o)
 .debug_abbrev  0x0000003c       0x14 /usr/local/msp430/bin/../lib/gcc/msp430/4.7.0/mmpy-16/libgcc.a(_divmod16.o)
 .debug_abbrev  0x00000050       0x14 /usr/local/msp430/bin/../lib/gcc/msp430/4.7.0/mmpy-16/libgcc.a(_udivmod32.o)
 .debug_abbrev  0x00000064       0xfa /usr/local/msp430/bin/../lib/gcc/msp430/4.7.0/../../../../msp430/lib/mmpy-16/libc.a(printf.o)
 .debug_abbrev  0x0000015e      0x23e /usr/local/msp430/bin/../lib/gcc/msp430/4.7.0/../../../../msp430/lib/mmpy-16/libc.a(vuprintf.o)
 .debug_abbrev  0x0000039c       0xa3 /usr/local/msp430/bin/../lib/gcc/msp430/4.7.0/../../../../msp430/lib/mmpy-16/libc.a(puts.o)
 .debug_abbrev  0x0000043f       0xfb /usr/local/msp430/bin/../lib/gcc/msp430/4.7.0/../../../../msp430/lib/mmpy-16/libc.a(rand.o)
 .debug_abbrev  0x0000053a       0x9e /usr/local/msp430/bin/../lib/gcc/msp430/4.7.0/../../../../msp430/lib/mmpy-16/libc.a(memcmp.o)
 .debug_abbrev  0x000005d8       0xab /usr/local/msp430/bin/../lib/gcc/msp430/4.7.0/../../../../msp430/lib/mmpy-16/libc.a(memcpy.o)
 .debug_abbrev  0x00000683       0xab /usr/local/msp430/bin/../lib/gcc/msp430/4.7.0/../../../../msp430/lib/mmpy-16/libc.a(memmove.o)
 .debug_abbrev  0x0000072e       0xa1 /usr/local/msp430/bin/../lib/gcc/msp430/4.7.0/../../../../msp430/lib/mmpy-16/libc.a(memset.o)
 .debug_abbrev  0x000007cf       0x14 /usr/local/msp430/bin/../lib/gcc/msp430/4.7.0/mmpy-16/libgcc.a(_udivmod64.o)
 .debug_abbrev  0x000007e3       0x14 /usr/local/msp430/bin/../lib/gcc/msp430/4.7.0/mmpy-16/libcrt0.a(__watchdog_support.o)
 .debug_abbrev  0x000007f7       0x14 /usr/local/msp430/bin/../lib/gcc/msp430/4.7.0/mmpy-16/libcrt0.a(__init_stack.o)