Archive member included because of file (symbol)

contiki-sky.a(servreg-hack.o)
                              unicast-sender.co (servreg_hack_init)
contiki-sky.a(contiki-sky-pla)
                              obj_sky/contiki-sky-main.o (init_platform)
contiki-sky.a(button-sensor.o)
                              contiki-sky.a(contiki-sky-pla) (button_sensor)
contiki-sky.a(ds2411.o)       obj_sky/contiki-sky-main.o (ds2411_init)
contiki-sky.a(xmem.o)         obj_sky/contiki-sky-main.o (xmem_init)
contiki-sky.a(node-id.o)      obj_sky/contiki-sky-main.o (node_id_restore)
contiki-sky.a(sensors.o)      contiki-sky.a(button-sensor.o) (sensors_changed)
contiki-sky.a(cc2420.o)       obj_sky/contiki-sky-main.o (cc2420_set_pan_addr)
contiki-sky.a(cc2420-arch.o)  contiki-sky.a(cc2420.o) (cc2420_arch_init)
contiki-sky.a(uart1.o)        obj_sky/contiki-sky-main.o (uart1_active)
contiki-sky.a(uart1-putchar.o)
                              unicast-sender.co (putchar)
contiki-sky.a(msp430.o)       contiki-sky.a(uart1.o) (msp430_add_lpm_req)
contiki-sky.a(clock.o)        obj_sky/contiki-sky-main.o (clock_init)
contiki-sky.a(leds.o)         obj_sky/contiki-sky-main.o (leds_init)
contiki-sky.a(leds-arch.o)    contiki-sky.a(leds.o) (leds_arch_init)
contiki-sky.a(watchdog.o)     obj_sky/contiki-sky-main.o (watchdog_start)
contiki-sky.a(rtimer-arch.o)  obj_sky/contiki-sky-main.o (rtimer_arch_now)
contiki-sky.a(autostart.o)    obj_sky/contiki-sky-main.o (autostart_start)
contiki-sky.a(ctimer.o)       obj_sky/contiki-sky-main.o (ctimer_init)
contiki-sky.a(energest.o)     obj_sky/contiki-sky-main.o (energest_init)
contiki-sky.a(etimer.o)       contiki-sky.a(clock.o) (etimer_request_poll)
contiki-sky.a(process.o)      contiki-sky.a(servreg-hack.o) (process_current)
contiki-sky.a(rtimer.o)       obj_sky/contiki-sky-main.o (rtimer_init)
contiki-sky.a(timer.o)        obj_sky/contiki-sky-main.o (timer_set)
contiki-sky.a(list.o)         contiki-sky.a(servreg-hack.o) (list_init)
contiki-sky.a(memb.o)         contiki-sky.a(servreg-hack.o) (memb_init)
contiki-sky.a(random.o)       obj_sky/contiki-sky-main.o (random_init)
contiki-sky.a(sicslowpan.o)   obj_sky/contiki-sky-main.o (sicslowpan_driver)
contiki-sky.a(uip6.o)         contiki-sky.a(sicslowpan.o) (uip_aligned_buf)
contiki-sky.a(uip-ds6.o)      contiki-sky.a(uip6.o) (uip_ds6_is_addr_onlink)
contiki-sky.a(uip-ds6-nbr.o)  contiki-sky.a(uip-ds6.o) (uip_ds6_neighbors_init)
contiki-sky.a(uip-ds6-route.o)
                              contiki-sky.a(uip-ds6.o) (uip_ds6_route_init)
contiki-sky.a(uip-icmp6.o)    contiki-sky.a(uip6.o) (uip_icmp6_input)
contiki-sky.a(uip-nd6.o)      contiki-sky.a(uip6.o) (uip_nd6_init)
contiki-sky.a(simple-udp.o)   unicast-sender.co (simple_udp_sendto)
contiki-sky.a(tcpip.o)        contiki-sky.a(sicslowpan.o) (tcpip_set_outputfunc)
contiki-sky.a(uip-debug.o)    unicast-sender.co (uip_debug_ipaddr_print)
contiki-sky.a(uip-udp-packet.)
                              contiki-sky.a(servreg-hack.o) (uip_udp_packet_send)
contiki-sky.a(rpl.o)          contiki-sky.a(uip-ds6-nbr.o) (rpl_link_neighbor_callback)
contiki-sky.a(rpl-dag.o)      contiki-sky.a(rpl.o) (rpl_dag_init)
contiki-sky.a(rpl-ext-header.)
                              contiki-sky.a(uip6.o) (rpl_verify_header)
contiki-sky.a(rpl-icmp6.o)    contiki-sky.a(rpl.o) (dao_output_target)
contiki-sky.a(rpl-mrhof.o)    contiki-sky.a(rpl.o) (rpl_mrhof)
contiki-sky.a(rpl-timers.o)   contiki-sky.a(rpl.o) (rpl_reset_periodic_timer)
contiki-sky.a(csma.o)         obj_sky/contiki-sky-main.o (csma_driver)
contiki-sky.a(framer-802154.o)
                              contiki-sky.a(sicslowpan.o) (framer_802154)
contiki-sky.a(framer.o)       contiki-sky.a(framer-802154.o) (framer_canonical_create_and_secure)
contiki-sky.a(mac.o)          contiki-sky.a(csma.o) (mac_call_sent_callback)
contiki-sky.a(linkaddr.o)     obj_sky/contiki-sky-main.o (linkaddr_copy)
contiki-sky.a(nbr-table.o)    contiki-sky.a(uip-ds6-nbr.o) (nbr_table_register)
contiki-sky.a(packetbuf.o)    contiki-sky.a(framer-802154.o) (packetbuf_hdrreduce)
contiki-sky.a(queuebuf.o)     obj_sky/contiki-sky-main.o (queuebuf_init)
contiki-sky.a(contikimac.o)   obj_sky/contiki-sky-main.o (contikimac_driver)
contiki-sky.a(nullsec.o)      obj_sky/contiki-sky-main.o (nullsec_driver)
contiki-sky.a(spi.o)          contiki-sky.a(xmem.o) (spi_init)
contiki-sky.a(compower.o)     contiki-sky.a(contikimac.o) (compower_idle_activity)
contiki-sky.a(stimer.o)       contiki-sky.a(uip-ds6.o) (stimer_set)
contiki-sky.a(frame802154.o)  contiki-sky.a(framer-802154.o) (frame802154_hdrlen)
contiki-sky.a(mac-sequence.o)
                              contiki-sky.a(contikimac.o) (mac_sequence_is_duplicate)
/usr/local/msp430/bin/../lib/gcc/msp430/4.7.0/mmpy-16/libgcc.a(_mulsi3.o)
                              contiki-sky.a(rpl-timers.o) (__mulsi3)
/usr/local/msp430/bin/../lib/gcc/msp430/4.7.0/mmpy-16/libgcc.a(_udivmod16.o)
                              contiki-sky.a(rpl-dag.o) (__udivhi3)
[...]
Memory Configuration

Name             Origin             Length             Attributes
sfr              0x00000000         0x00000010
peripheral_8bit  0x00000010         0x000000f0
peripheral_16bit 0x00000100         0x00000100
ram_mirror       0x00000200         0x00000800         xw
infomem          0x00001000         0x00000100
infob            0x00001000         0x00000080
infoa            0x00001080         0x00000080
ram              0x00001100         0x00002800         xw
rom              0x00004000         0x0000bfe0         xr
vectors          0x0000ffe0         0x00000020
bsl              0x00000000         0x00000000
infoc            0x00000000         0x00000000
infod            0x00000000         0x00000000
ram2             0x00000000         0x00000000         xw
usbram           0x00000000         0x00000000         xw
far_rom          0x00000000         0x00000000
*default*        0x00000000         0xffffffff

Linker script and memory map

LOAD /usr/local/msp430/bin/../lib/gcc/msp430/4.7.0/mmpy-16/crt0ivtbl16.o
LOAD unicast-sender.co
LOAD obj_sky/contiki-sky-main.o
LOAD contiki-sky.a
LOAD /usr/local/msp430/bin/../lib/gcc/msp430/4.7.0/mmpy-16/libgcc.a
LOAD /usr/local/msp430/bin/../lib/gcc/msp430/4.7.0/../../../../msp430/lib/mmpy-16/libc.a
LOAD /usr/local/msp430/bin/../lib/gcc/msp430/4.7.0/mmpy-16/libgcc.a
LOAD /usr/local/msp430/bin/../lib/gcc/msp430/4.7.0/mmpy-16/libcrt0.a
                0x00000080                PROVIDE (__info_segment_size, 0x80)
                0x00001000                PROVIDE (__infob, 0x1000)
                0x00001080                PROVIDE (__infoa, 0x1080)
                0x00000000                __IE1 = 0x0
                0x00000002                __IFG1 = 0x2
                0x00000004                __ME1 = 0x4
                0x00000001                __IE2 = 0x1
                0x00000003                __IFG2 = 0x3
                0x00000005                __ME2 = 0x5
                0x00000120                __WDTCTL = 0x120
                0x00000130                __MPY = 0x130
                0x00000132                __MPYS = 0x132
                0x00000134                __MAC = 0x134
                0x00000136                __MACS = 0x136
                0x00000138                __OP2 = 0x138
                0x0000013a                __RESLO = 0x13a
                0x0000013c                __RESHI = 0x13c
                0x0000013e                __SUMEXT = 0x13e
                0x00000020                __P1IN = 0x20
                0x00000021                __P1OUT = 0x21
                0x00000022                __P1DIR = 0x22
                0x00000023                __P1IFG = 0x23
                0x00000024                __P1IES = 0x24
                0x00000025                __P1IE = 0x25
                0x00000026                __P1SEL = 0x26
                0x00000028                __P2IN = 0x28
                0x00000029                __P2OUT = 0x29
                0x0000002a                __P2DIR = 0x2a
                0x0000002b                __P2IFG = 0x2b
                0x0000002c                __P2IES = 0x2c
                0x0000002d                __P2IE = 0x2d
                0x0000002e                __P2SEL = 0x2e
                0x00000018                __P3IN = 0x18
                0x00000019                __P3OUT = 0x19
                0x0000001a                __P3DIR = 0x1a
                0x0000001b                __P3SEL = 0x1b
                0x0000001c                __P4IN = 0x1c
                0x0000001d                __P4OUT = 0x1d
                0x0000001e                __P4DIR = 0x1e
                0x0000001f                __P4SEL = 0x1f
                0x00000030                __P5IN = 0x30
                0x00000031                __P5OUT = 0x31
                0x00000032                __P5DIR = 0x32
                0x00000033                __P5SEL = 0x33
                0x00000034                __P6IN = 0x34
                0x00000035                __P6OUT = 0x35
                0x00000036                __P6DIR = 0x36
                0x00000037                __P6SEL = 0x37
                0x00000070                __U0CTL = 0x70
                0x00000071                __U0TCTL = 0x71
                0x00000072                __U0RCTL = 0x72
                0x00000073                __U0MCTL = 0x73
                0x00000074                __U0BR0 = 0x74
                0x00000075                __U0BR1 = 0x75
                0x00000076                __U0RXBUF = 0x76
                0x00000077                __U0TXBUF = 0x77
                0x00000078                __U1CTL = 0x78
                0x00000079                __U1TCTL = 0x79
                0x0000007a                __U1RCTL = 0x7a
                0x0000007b                __U1MCTL = 0x7b
                0x0000007c                __U1BR0 = 0x7c
                0x0000007d                __U1BR1 = 0x7d
                0x0000007e                __U1RXBUF = 0x7e
                0x0000007f                __U1TXBUF = 0x7f
                0x00000050                __I2CIE = 0x50
                0x00000051                __I2CIFG = 0x51
                0x00000052                __I2CNDAT = 0x52
                0x00000071                __I2CTCTL = 0x71
                0x00000072                __I2CDCTL = 0x72
                0x00000073                __I2CPSC = 0x73
                0x00000074                __I2CSCLH = 0x74
                0x00000075                __I2CSCLL = 0x75
                0x00000076                __I2CDRB = 0x76
                0x00000076                __I2CDRW = 0x76
                0x00000118                __I2COA = 0x118
                0x0000011a                __I2CSA = 0x11a
                0x0000011c                __I2CIV = 0x11c
                0x0000012e                __TAIV = 0x12e
                0x00000160                __TACTL = 0x160
                0x00000162                __TACCTL0 = 0x162
                0x00000164                __TACCTL1 = 0x164
                0x00000166                __TACCTL2 = 0x166
                0x00000170                __TAR = 0x170
                0x00000172                __TACCR0 = 0x172
                0x00000174                __TACCR1 = 0x174
                0x00000176                __TACCR2 = 0x176
                0x0000011e                __TBIV = 0x11e
                0x00000180                __TBCTL = 0x180
                0x00000182                __TBCCTL0 = 0x182
                0x00000184                __TBCCTL1 = 0x184
                0x00000186                __TBCCTL2 = 0x186
                0x00000188                __TBCCTL3 = 0x188
                0x0000018a                __TBCCTL4 = 0x18a
                0x0000018c                __TBCCTL5 = 0x18c
                0x0000018e                __TBCCTL6 = 0x18e
                0x00000190                __TBR = 0x190
                0x00000192                __TBCCR0 = 0x192
                0x00000194                __TBCCR1 = 0x194
                0x00000196                __TBCCR2 = 0x196
                0x00000198                __TBCCR3 = 0x198
                0x0000019a                __TBCCR4 = 0x19a
                0x0000019c                __TBCCR5 = 0x19c
                0x0000019e                __TBCCR6 = 0x19e
                0x00000056                __DCOCTL = 0x56
                0x00000057                __BCSCTL1 = 0x57
                0x00000058                __BCSCTL2 = 0x58
                0x00000055                __SVSCTL = 0x55
                0x00000128                __FCTL1 = 0x128
                0x0000012a                __FCTL2 = 0x12a
                0x0000012c                __FCTL3 = 0x12c
                0x00000059                __CACTL1 = 0x59
                0x0000005a                __CACTL2 = 0x5a
                0x0000005b                __CAPD = 0x5b
                0x000001a0                __ADC12CTL0 = 0x1a0
                0x000001a2                __ADC12CTL1 = 0x1a2
                0x000001a4                __ADC12IFG = 0x1a4
                0x000001a6                __ADC12IE = 0x1a6
                0x000001a8                __ADC12IV = 0x1a8
                0x00000140                __ADC12MEM0 = 0x140
                0x00000142                __ADC12MEM1 = 0x142
                0x00000144                __ADC12MEM2 = 0x144
                0x00000146                __ADC12MEM3 = 0x146
                0x00000148                __ADC12MEM4 = 0x148
                0x0000014a                __ADC12MEM5 = 0x14a
                0x0000014c                __ADC12MEM6 = 0x14c
                0x0000014e                __ADC12MEM7 = 0x14e
                0x00000150                __ADC12MEM8 = 0x150
                0x00000152                __ADC12MEM9 = 0x152
                0x00000154                __ADC12MEM10 = 0x154
                0x00000156                __ADC12MEM11 = 0x156
                0x00000158                __ADC12MEM12 = 0x158
                0x0000015a                __ADC12MEM13 = 0x15a
                0x0000015c                __ADC12MEM14 = 0x15c
                0x0000015e                __ADC12MEM15 = 0x15e
                0x00000080                __ADC12MCTL0 = 0x80
                0x00000081                __ADC12MCTL1 = 0x81
                0x00000082                __ADC12MCTL2 = 0x82
                0x00000083                __ADC12MCTL3 = 0x83
                0x00000084                __ADC12MCTL4 = 0x84
                0x00000085                __ADC12MCTL5 = 0x85
                0x00000086                __ADC12MCTL6 = 0x86
                0x00000087                __ADC12MCTL7 = 0x87
                0x00000088                __ADC12MCTL8 = 0x88
                0x00000089                __ADC12MCTL9 = 0x89
                0x0000008a                __ADC12MCTL10 = 0x8a
                0x0000008b                __ADC12MCTL11 = 0x8b
                0x0000008c                __ADC12MCTL12 = 0x8c
                0x0000008d                __ADC12MCTL13 = 0x8d
                0x0000008e                __ADC12MCTL14 = 0x8e
                0x0000008f                __ADC12MCTL15 = 0x8f
                0x000001c0                __DAC12_0CTL = 0x1c0
                0x000001c2                __DAC12_1CTL = 0x1c2
                0x000001c8                __DAC12_0DAT = 0x1c8
                0x000001ca                __DAC12_1DAT = 0x1ca
                0x00000122                __DMACTL0 = 0x122
                0x00000124                __DMACTL1 = 0x124
                0x000001e0                __DMA0CTL = 0x1e0
                0x000001e8                __DMA1CTL = 0x1e8
                0x000001f0                __DMA2CTL = 0x1f0
                0x000001e2                __DMA0SA = 0x1e2
                0x000001e4                __DMA0DA = 0x1e4
                0x000001e6                __DMA0SZ = 0x1e6
                0x000001ea                __DMA1SA = 0x1ea
                0x000001ec                __DMA1DA = 0x1ec
                0x000001ee                __DMA1SZ = 0x1ee
                0x000001f2                __DMA2SA = 0x1f2
                0x000001f4                __DMA2DA = 0x1f4
                0x000001f6                __DMA2SZ = 0x1f6

.hash
 *(.hash)

.dynsym
 *(.dynsym)

.dynstr
 *(.dynstr)

.gnu.version
 *(.gnu.version)

.gnu.version_d
 *(.gnu.version_d)

.gnu.version_r
 *(.gnu.version_r)

.rel.init
 *(.rel.init)

.rela.init
 *(.rela.init)

.rel.fini
 *(.rel.fini)

.rela.fini
 *(.rela.fini)

.rel.text
 *(.rel.text .rel.text.* .rel.gnu.linkonce.t.*)

.rela.text
 *(.rela.text .rela.text.* .rela.gnu.linkonce.t.*)

.rel.rodata
 *(.rel.rodata .rel.rodata.* .rel.gnu.linkonce.r.*)

.rela.rodata
 *(.rela.rodata .rela.rodata.* .rela.gnu.linkonce.r.*)

.rel.data
 *(.rel.data .rel.data.* .rel.gnu.linkonce.d.*)

.rela.data
 *(.rela.data .rela.data.* .rela.gnu.linkonce.d.*)

.rel.bss
 *(.rel.bss .rel.bss.* .rel.gnu.linkonce.b.*)

.rela.bss
 *(.rela.bss .rela.bss.* .rela.gnu.linkonce.b.*)

.rel.ctors
 *(.rel.ctors)

.rela.ctors
 *(.rela.ctors)

.rel.dtors
 *(.rel.dtors)

.rela.dtors
 *(.rela.dtors)

.rel.got
 *(.rel.got)

.rela.got
 *(.rela.got)

.rel.plt
 *(.rel.plt)

.rela.plt
 *(.rela.plt)

.text           0x00004000     0xab06
                0x00004000                . = ALIGN (0x2)
 *(.init .init.*)
 *(.init0)
 .init0         0x00004000        0x0 /usr/local/msp430/bin/../lib/gcc/msp430/4.7.0/mmpy-16/libcrt0.a(_reset_vector__.o)
                0x00004000                _reset_vector__
 *(.init1)
 .init1         0x00004000        0xc /usr/local/msp430/bin/../lib/gcc/msp430/4.7.0/mmpy-16/libcrt0.a(__watchdog_support.o)
                0x00004000                __watchdog_support
 *(.init2)
 .init2         0x0000400c        0x4 /usr/local/msp430/bin/../lib/gcc/msp430/4.7.0/mmpy-16/libcrt0.a(__init_stack.o)
                0x0000400c                __init_stack
 *(.init3)
 .init3         0x00004010        0x0 /usr/local/msp430/bin/../lib/gcc/msp430/4.7.0/mmpy-16/libcrt0.a(__low_level_init.o)
                0x00004010                __low_level_init
 *(.init4)
 .init4         0x00004010       0x18 /usr/local/msp430/bin/../lib/gcc/msp430/4.7.0/mmpy-16/libcrt0.a(_copy_data.o)
                0x00004010                __do_copy_data
 .init4         0x00004028       0x16 /usr/local/msp430/bin/../lib/gcc/msp430/4.7.0/mmpy-16/libcrt0.a(_clear_bss.o)
                0x00004028                __do_clear_bss
 *(.init5)
 *(.init6)
 *(.init7)
 *(.init8)
 *(.init9)
 .init9         0x0000403e      0x2d6 obj_sky/contiki-sky-main.o
                0x0000403e                main
 *(.fini9)
 .fini9         0x00004314        0x0 /usr/local/msp430/bin/../lib/gcc/msp430/4.7.0/mmpy-16/libcrt0.a(__stop_progExec__.o)
                0x00004314                __stop_progExec__
 *(.fini8)
 *(.fini7)
 *(.fini6)
 *(.fini5)
 *(.fini4)
 *(.fini3)
 *(.fini2)
 *(.fini1)
 *(.fini0)
 .fini0         0x00004314        0x6 /usr/local/msp430/bin/../lib/gcc/msp430/4.7.0/mmpy-16/libcrt0.a(_endless_loop__.o)
                0x00004314                _endless_loop__
 *(.fini .fini.*)
                0x0000431a                . = ALIGN (0x2)
                0x0000431a                __ctors_start = .
 *(.ctors)
                0x0000431a                __ctors_end = .
                0x0000431a                __dtors_start = .
 *(.dtors)
                0x0000431a                __dtors_end = .
                0x0000431a                . = ALIGN (0x2)
 *(.text .text.* .gnu.linkonce.t.*)
 .text          0x0000431a        0x4 /usr/local/msp430/bin/../lib/gcc/msp430/4.7.0/mmpy-16/crt0ivtbl16.o
                0x0000431a                __isr_14
                0x0000431a                __isr_11
                0x0000431a                __isr_2
                0x0000431a                __isr_7
                0x0000431a                __isr_0
                0x0000431a                __isr_8
                0x0000431a                __isr_3
                0x0000431a                __isr_12
                0x0000431a                __isr_13
                0x0000431a                __isr_9
 .text.receiver
                0x0000431e       0x16 unicast-sender.co
 .text.process_thread_unicast_sender_process
                0x00004334      0x1c0 unicast-sender.co
 .text.start_network_layer
                0x000044f4       0xa2 obj_sky/contiki-sky-main.o
 .text.purge_registrations
                0x00004596       0x7e contiki-sky.a(servreg-hack.o)
 .text.servreg_hack_init
                0x00004614       0x2e contiki-sky.a(servreg-hack.o)
                0x00004614                servreg_hack_init
 .text.servreg_hack_list_head
                0x00004642        0xe contiki-sky.a(servreg-hack.o)
                0x00004642                servreg_hack_list_head
 .text.process_thread_servreg_hack_process
                0x00004650      0x232 contiki-sky.a(servreg-hack.o)
 .text.servreg_hack_lookup
                0x00004882       0x2a contiki-sky.a(servreg-hack.o)
                0x00004882                servreg_hack_lookup
 .text.init_platform
                0x000048ac        0xc contiki-sky.a(contiki-sky-pla)
                0x000048ac                init_platform
 .text.status   0x000048b8       0x18 contiki-sky.a(button-sensor.o)
 .text.value    0x000048d0       0x20 contiki-sky.a(button-sensor.o)
 .text.configure
                0x000048f0       0x4c contiki-sky.a(button-sensor.o)
 .text.irq_p2   0x0000493c       0x88 contiki-sky.a(button-sensor.o)
                0x0000493c                irq_p2
                0x0000493c                __isr_1
 .text.owreadb  0x000049c4       0x50 contiki-sky.a(ds2411.o)
 .text.ds2411_init
                0x00004a14      0x120 contiki-sky.a(ds2411.o)
                0x00004a14                ds2411_init
 .text.wait_ready
                0x00004b34       0x4a contiki-sky.a(xmem.o)
 .text.xmem_init
                0x00004b7e       0x3c contiki-sky.a(xmem.o)
                0x00004b7e                xmem_init
 .text.xmem_pread
                0x00004bba       0xe0 contiki-sky.a(xmem.o)
                0x00004bba                xmem_pread
 .text.node_id_restore
                0x00004c9a       0x38 contiki-sky.a(node-id.o)
                0x00004c9a                node_id_restore
 .text.process_thread_sensors_process
                0x00004cd2       0xc2 contiki-sky.a(sensors.o)
 .text.sensors_changed
                0x00004d94       0x2a contiki-sky.a(sensors.o)
                0x00004d94                sensors_changed
 .text.get_object
                0x00004dbe        0x4 contiki-sky.a(cc2420.o)
 .text.set_object
                0x00004dc2        0x4 contiki-sky.a(cc2420.o)
 .text.strobe   0x00004dc6       0x1c contiki-sky.a(cc2420.o)
 .text.getreg   0x00004de2       0x4c contiki-sky.a(cc2420.o)
 .text.setreg   0x00004e2e       0x4c contiki-sky.a(cc2420.o)
 .text.write_ram
                0x00004e7a       0x7c contiki-sky.a(cc2420.o)
 .text.write_fifo_buf
                0x00004ef6       0x3c contiki-sky.a(cc2420.o)
 .text.get_status
                0x00004f32       0x20 contiki-sky.a(cc2420.o)
 .text.set_txpower
                0x00004f52       0x24 contiki-sky.a(cc2420.o)
 .text.cc2420_receiving_packet
                0x00004f76        0xc contiki-sky.a(cc2420.o)
 .text.pending_packet
                0x00004f82        0x8 contiki-sky.a(cc2420.o)
 .text.on       0x00004f8a       0x1e contiki-sky.a(cc2420.o)
 .text.wait_for_transmission
                0x00004fa8       0x22 contiki-sky.a(cc2420.o)
 .text.wait_for_status
                0x00004fca       0x28 contiki-sky.a(cc2420.o)
 .text.getrxdata
                0x00004ff2       0x50 contiki-sky.a(cc2420.o)
 .text.flushrx  0x00005042       0x1a contiki-sky.a(cc2420.o)
 .text.off      0x0000505c       0x56 contiki-sky.a(cc2420.o)
 .text.RELEASE_LOCK
                0x000050b2       0x28 contiki-sky.a(cc2420.o)
 .text.set_key  0x000050da       0x18 contiki-sky.a(cc2420.o)
 .text.cc2420_prepare
                0x000050f2       0x3c contiki-sky.a(cc2420.o)
 .text.cc2420_on
                0x0000512e       0x22 contiki-sky.a(cc2420.o)
                0x0000512e                cc2420_on
 .text.cc2420_off
                0x00005150       0x30 contiki-sky.a(cc2420.o)
                0x00005150                cc2420_off
 .text.cc2420_cca
                0x00005180       0x68 contiki-sky.a(cc2420.o)
 .text.cc2420_read
                0x000051e8       0xac contiki-sky.a(cc2420.o)
 .text.process_thread_cc2420_process
                0x00005294       0x54 contiki-sky.a(cc2420.o)
 .text.encrypt  0x000052e8       0x88 contiki-sky.a(cc2420.o)
 .text.cc2420_set_channel
                0x00005370       0x3c contiki-sky.a(cc2420.o)
                0x00005370                cc2420_set_channel
 .text.cc2420_set_pan_addr
                0x000053ac       0x4c contiki-sky.a(cc2420.o)
                0x000053ac                cc2420_set_pan_addr
 .text.cc2420_interrupt
                0x000053f8       0x16 contiki-sky.a(cc2420.o)
                0x000053f8                cc2420_interrupt
 .text.cc2420_set_txpower
                0x0000540e        0xe contiki-sky.a(cc2420.o)
                0x0000540e                cc2420_set_txpower
 .text.set_value
                0x0000541c       0x74 contiki-sky.a(cc2420.o)
 .text.cc2420_get_txpower
                0x00005490       0x1e contiki-sky.a(cc2420.o)
                0x00005490                cc2420_get_txpower
 .text.cc2420_transmit
                0x000054ae      0x12c contiki-sky.a(cc2420.o)
 .text.cc2420_send
                0x000055da       0x12 contiki-sky.a(cc2420.o)
 .text.cc2420_rssi
                0x000055ec       0x4c contiki-sky.a(cc2420.o)
                0x000055ec                cc2420_rssi
 .text.get_value
                0x00005638       0x86 contiki-sky.a(cc2420.o)
 .text.cc2420_set_cca_threshold
                0x000056be       0x16 contiki-sky.a(cc2420.o)
                0x000056be                cc2420_set_cca_threshold
 .text.cc2420_init
                0x000056d4       0xd8 contiki-sky.a(cc2420.o)
                0x000056d4                cc2420_init
 .text.cc2420_port1_interrupt
                0x000057ac       0x62 contiki-sky.a(cc2420-arch.o)
                0x000057ac                __isr_4
                0x000057ac                cc2420_port1_interrupt
 .text.cc2420_arch_init
                0x0000580e       0x1a contiki-sky.a(cc2420-arch.o)
                0x0000580e                cc2420_arch_init
 .text.uart1_active
                0x00005828       0x18 contiki-sky.a(uart1.o)
                0x00005828                uart1_active
 .text.uart1_writeb
                0x00005840       0x18 contiki-sky.a(uart1.o)
                0x00005840                uart1_writeb
 .text.uart1_init
                0x00005858       0xf4 contiki-sky.a(uart1.o)
                0x00005858                uart1_init
 .text.putchar  0x0000594c       0x10 contiki-sky.a(uart1-putchar.o)
                0x0000594c                putchar
 .text.msp430_init_dco
                0x0000595c       0x82 contiki-sky.a(msp430.o)
                0x0000595c                msp430_init_dco
 .text.msp430_add_lpm_req
                0x000059de        0xc contiki-sky.a(msp430.o)
                0x000059de                msp430_add_lpm_req
 .text.msp430_cpu_init
                0x000059ea       0x2a contiki-sky.a(msp430.o)
                0x000059ea                msp430_cpu_init
 .text.splhigh_
                0x00005a14        0x8 contiki-sky.a(msp430.o)
                0x00005a14                splhigh_
 .text.msp430_sync_dco
                0x00005a1c       0x6c contiki-sky.a(msp430.o)
                0x00005a1c                msp430_sync_dco
 .text.timera1  0x00005a88      0x11e contiki-sky.a(clock.o)
                0x00005a88                __isr_5
                0x00005a88                timera1
 .text.clock_time
                0x00005ba6       0x1a contiki-sky.a(clock.o)
                0x00005ba6                clock_time
 .text.clock_init
                0x00005bc0       0x28 contiki-sky.a(clock.o)
                0x00005bc0                clock_init
 .text.clock_delay
                0x00005be8        0xc contiki-sky.a(clock.o)
                0x00005be8                clock_delay
 .text.clock_seconds
                0x00005bf4       0x1a contiki-sky.a(clock.o)
                0x00005bf4                clock_seconds
 .text.show_leds
                0x00005c0e       0xf0 contiki-sky.a(leds.o)
 .text.leds_init
                0x00005cfe        0xa contiki-sky.a(leds.o)
                0x00005cfe                leds_init
 .text.leds_on  0x00005d08        0xa contiki-sky.a(leds.o)
                0x00005d08                leds_on
 .text.leds_off
                0x00005d12        0xe contiki-sky.a(leds.o)
                0x00005d12                leds_off
 .text.leds_arch_init
                0x00005d20        0xe contiki-sky.a(leds-arch.o)
                0x00005d20                leds_arch_init
 .text.leds_arch_set
                0x00005d2e       0x38 contiki-sky.a(leds-arch.o)
                0x00005d2e                leds_arch_set
 .text.watchdog_interrupt
                0x00005d66        0x6 contiki-sky.a(watchdog.o)
                0x00005d66                __isr_10
                0x00005d66                watchdog_interrupt
 .text.watchdog_start
                0x00005d6c       0x14 contiki-sky.a(watchdog.o)
                0x00005d6c                watchdog_start
 .text.watchdog_periodic
                0x00005d80       0x12 contiki-sky.a(watchdog.o)
                0x00005d80                watchdog_periodic
 .text.watchdog_stop
                0x00005d92       0x16 contiki-sky.a(watchdog.o)
                0x00005d92                watchdog_stop
 .text.watchdog_init
                0x00005da8       0x12 contiki-sky.a(watchdog.o)
                0x00005da8                watchdog_init
 .text.rtimer_arch_init
                0x00005dba        0xe contiki-sky.a(rtimer-arch.o)
                0x00005dba                rtimer_arch_init
 .text.rtimer_arch_now
                0x00005dc8        0xe contiki-sky.a(rtimer-arch.o)
                0x00005dc8                rtimer_arch_now
 .text.timera0  0x00005dd6       0x70 contiki-sky.a(rtimer-arch.o)
                0x00005dd6                __isr_6
                0x00005dd6                timera0
 .text.rtimer_arch_schedule
                0x00005e46        0x6 contiki-sky.a(rtimer-arch.o)
                0x00005e46                rtimer_arch_schedule
 .text.autostart_start
                0x00005e4c       0x16 contiki-sky.a(autostart.o)
                0x00005e4c                autostart_start
 .text.process_thread_ctimer_process
                0x00005e62       0xa8 contiki-sky.a(ctimer.o)
 .text.ctimer_init
                0x00005f0a       0x18 contiki-sky.a(ctimer.o)
                0x00005f0a                ctimer_init
 .text.ctimer_set
                0x00005f22       0x50 contiki-sky.a(ctimer.o)
                0x00005f22                ctimer_set
 .text.ctimer_reset
                0x00005f72       0x30 contiki-sky.a(ctimer.o)
                0x00005f72                ctimer_reset
 .text.ctimer_stop
                0x00005fa2       0x28 contiki-sky.a(ctimer.o)
                0x00005fa2                ctimer_stop
 .text.energest_init
                0x00005fca       0x26 contiki-sky.a(energest.o)
                0x00005fca                energest_init
 .text.energest_type_time
                0x00005ff0       0x48 contiki-sky.a(energest.o)
                0x00005ff0                energest_type_time
 .text.energest_type_set
                0x00006038        0xe contiki-sky.a(energest.o)
                0x00006038                energest_type_set
 .text.energest_flush
                0x00006046       0x48 contiki-sky.a(energest.o)
                0x00006046                energest_flush
 .text.update_time
                0x0000608e       0x78 contiki-sky.a(etimer.o)
 .text.etimer_request_poll
                0x00006106        0xa contiki-sky.a(etimer.o)
                0x00006106                etimer_request_poll
 .text.process_thread_etimer_process
                0x00006110       0xcc contiki-sky.a(etimer.o)
 .text.add_timer
                0x000061dc       0x40 contiki-sky.a(etimer.o)
 .text.etimer_set
                0x0000621c       0x12 contiki-sky.a(etimer.o)
                0x0000621c                etimer_set
 .text.etimer_reset
                0x0000622e       0x12 contiki-sky.a(etimer.o)
                0x0000622e                etimer_reset
 .text.etimer_restart
                0x00006240       0x12 contiki-sky.a(etimer.o)
                0x00006240                etimer_restart
 .text.etimer_expired
                0x00006252        0xe contiki-sky.a(etimer.o)
                0x00006252                etimer_expired
 .text.etimer_expiration_time
                0x00006260       0x14 contiki-sky.a(etimer.o)
                0x00006260                etimer_expiration_time
 .text.etimer_pending
                0x00006274        0xc contiki-sky.a(etimer.o)
                0x00006274                etimer_pending
 .text.etimer_next_expiration_time
                0x00006280       0x16 contiki-sky.a(etimer.o)
                0x00006280                etimer_next_expiration_time
 .text.etimer_stop
                0x00006296       0x3e contiki-sky.a(etimer.o)
                0x00006296                etimer_stop
 .text.call_process
                0x000062d4       0x46 contiki-sky.a(process.o)
 .text.exit_process
                0x0000631a       0x96 contiki-sky.a(process.o)
 .text.do_poll  0x000063b0       0x30 contiki-sky.a(process.o)
 .text.process_alloc_event
                0x000063e0        0xe contiki-sky.a(process.o)
                0x000063e0                process_alloc_event
 .text.process_init
                0x000063ee       0x1c contiki-sky.a(process.o)
                0x000063ee                process_init
 .text.process_run
                0x0000640a       0xa2 contiki-sky.a(process.o)
                0x0000640a                process_run
 .text.process_nevents
                0x000064ac        0xe contiki-sky.a(process.o)
                0x000064ac                process_nevents
 .text.process_post
                0x000064ba       0x54 contiki-sky.a(process.o)
                0x000064ba                process_post
 .text.process_post_synch
                0x0000650e       0x12 contiki-sky.a(process.o)
                0x0000650e                process_post_synch
 .text.process_start
                0x00006520       0x36 contiki-sky.a(process.o)
                0x00006520                process_start
 .text.process_poll
                0x00006556       0x18 contiki-sky.a(process.o)
                0x00006556                process_poll
 .text.rtimer_init
                0x0000656e        0x6 contiki-sky.a(rtimer.o)
                0x0000656e                rtimer_init
 .text.rtimer_set
                0x00006574       0x24 contiki-sky.a(rtimer.o)
                0x00006574                rtimer_set
 .text.rtimer_run_next
                0x00006598       0x26 contiki-sky.a(rtimer.o)
                0x00006598                rtimer_run_next
 .text.rtimer_reset
                0x000065be       0x18 contiki-sky.a(rtimer.o)
                0x000065be                rtimer_reset
 .text.timer_set
                0x000065d6       0x1c contiki-sky.a(timer.o)
                0x000065d6                timer_set
 .text.timer_reset
                0x000065f2        0xe contiki-sky.a(timer.o)
                0x000065f2                timer_reset
 .text.timer_restart
                0x00006600       0x14 contiki-sky.a(timer.o)
                0x00006600                timer_restart
 .text.timer_expired
                0x00006614       0x2a contiki-sky.a(timer.o)
                0x00006614                timer_expired
 .text.list_init
                0x0000663e        0x6 contiki-sky.a(list.o)
                0x0000663e                list_init
 .text.list_head
                0x00006644        0x4 contiki-sky.a(list.o)
                0x00006644                list_head
 .text.list_tail
                0x00006648       0x12 contiki-sky.a(list.o)
                0x00006648                list_tail
 .text.list_remove
                0x0000665a       0x34 contiki-sky.a(list.o)
                0x0000665a                list_remove
 .text.list_push
                0x0000668e       0x1a contiki-sky.a(list.o)
                0x0000668e                list_push
 .text.list_add
                0x000066a8       0x2a contiki-sky.a(list.o)
                0x000066a8                list_add
 .text.list_length
                0x000066d2       0x10 contiki-sky.a(list.o)
                0x000066d2                list_length
 .text.list_item_next
                0x000066e2        0xc contiki-sky.a(list.o)
                0x000066e2                list_item_next
 .text.memb_init
                0x000066ee       0x36 contiki-sky.a(memb.o)
                0x000066ee                memb_init
 .text.memb_alloc
                0x00006724       0x3e contiki-sky.a(memb.o)
                0x00006724                memb_alloc
 .text.memb_free
                0x00006762       0x3a contiki-sky.a(memb.o)
                0x00006762                memb_free
 .text.memb_inmemb
                0x0000679c       0x2a contiki-sky.a(memb.o)
                0x0000679c                memb_inmemb
 .text.memb_numfree
                0x000067c6       0x26 contiki-sky.a(memb.o)
                0x000067c6                memb_numfree
 .text.random_init
                0x000067ec        0x6 contiki-sky.a(random.o)
                0x000067ec                random_init
 .text.random_rand
                0x000067f2        0x6 contiki-sky.a(random.o)
                0x000067f2                random_rand
 .text.set_packet_attrs
                0x000067f8       0x46 contiki-sky.a(sicslowpan.o)
 .text.addr_context_lookup_by_number
                0x0000683e       0x32 contiki-sky.a(sicslowpan.o)
 .text.compress_addr_64
                0x00006870       0xae contiki-sky.a(sicslowpan.o)
 .text.uncompress_addr
                0x0000691e       0xb4 contiki-sky.a(sicslowpan.o)
 .text.input    0x000069d2      0x64e contiki-sky.a(sicslowpan.o)
 .text.sicslowpan_init
                0x00007020       0x26 contiki-sky.a(sicslowpan.o)
                0x00007020                sicslowpan_init
 .text.addr_context_lookup_by_prefix
                0x00007046       0x4c contiki-sky.a(sicslowpan.o)
 .text.packet_sent
                0x00007092       0x22 contiki-sky.a(sicslowpan.o)
 .text.send_packet
                0x000070b4       0x1a contiki-sky.a(sicslowpan.o)
 .text.output   0x000070ce      0x6ec contiki-sky.a(sicslowpan.o)
 .text.chksum   0x000077ba       0x32 contiki-sky.a(uip6.o)
 .text.upper_layer_chksum
                0x000077ec       0x56 contiki-sky.a(uip6.o)
 .text.ext_hdr_options_process
                0x00007842       0xd0 contiki-sky.a(uip6.o)
 .text.uip_add32
                0x00007912       0x68 contiki-sky.a(uip6.o)
                0x00007912                uip_add32
 .text.uip_add_rcv_nxt
                0x0000797a       0x2e contiki-sky.a(uip6.o)
 .text.uip_icmp6chksum
                0x000079a8        0xa contiki-sky.a(uip6.o)
                0x000079a8                uip_icmp6chksum
 .text.uip_tcpchksum
                0x000079b2        0xa contiki-sky.a(uip6.o)
                0x000079b2                uip_tcpchksum
 .text.uip_udpchksum
                0x000079bc        0xa contiki-sky.a(uip6.o)
                0x000079bc                uip_udpchksum
 .text.uip_init
                0x000079c6       0x7a contiki-sky.a(uip6.o)
                0x000079c6                uip_init
 .text.remove_ext_hdr
                0x00007a40       0x58 contiki-sky.a(uip6.o)
                0x00007a40                remove_ext_hdr
 .text.uip_udp_new
                0x00007a98       0xe4 contiki-sky.a(uip6.o)
                0x00007a98                uip_udp_new
 .text.uip_unlisten
                0x00007b7c       0x2a contiki-sky.a(uip6.o)
                0x00007b7c                uip_unlisten
 .text.uip_process
                0x00007ba6      0xe8e contiki-sky.a(uip6.o)
                0x00007ba6                uip_process
 .text.uip_htonl
                0x00008a34       0x2e contiki-sky.a(uip6.o)
                0x00008a34                uip_htonl
 .text.uip_ds6_list_loop
                0x00008a62       0x86 contiki-sky.a(uip-ds6.o)
                0x00008a62                uip_ds6_list_loop
 .text.uip_ds6_prefix_add
                0x00008ae8       0x80 contiki-sky.a(uip-ds6.o)
                0x00008ae8                uip_ds6_prefix_add
 .text.uip_ds6_is_addr_onlink
                0x00008b68       0x54 contiki-sky.a(uip-ds6.o)
                0x00008b68                uip_ds6_is_addr_onlink
 .text.uip_ds6_addr_lookup
                0x00008bbc       0x2a contiki-sky.a(uip-ds6.o)
                0x00008bbc                uip_ds6_addr_lookup
 .text.uip_ds6_get_link_local
                0x00008be6       0x3e contiki-sky.a(uip-ds6.o)
                0x00008be6                uip_ds6_get_link_local
 .text.uip_ds6_maddr_add
                0x00008c24       0x4c contiki-sky.a(uip-ds6.o)
                0x00008c24                uip_ds6_maddr_add
 .text.uip_ds6_addr_add
                0x00008c70       0xc4 contiki-sky.a(uip-ds6.o)
                0x00008c70                uip_ds6_addr_add
 .text.uip_ds6_maddr_rm
                0x00008d34        0xa contiki-sky.a(uip-ds6.o)
                0x00008d34                uip_ds6_maddr_rm
 .text.uip_ds6_maddr_lookup
                0x00008d3e       0x2a contiki-sky.a(uip-ds6.o)
                0x00008d3e                uip_ds6_maddr_lookup
 .text.uip_ds6_addr_rm
                0x00008d68       0x54 contiki-sky.a(uip-ds6.o)
                0x00008d68                uip_ds6_addr_rm
 .text.uip_ds6_periodic
                0x00008dbc       0x4a contiki-sky.a(uip-ds6.o)
                0x00008dbc                uip_ds6_periodic
 .text.uip_ds6_set_addr_iid
                0x00008e06       0x14 contiki-sky.a(uip-ds6.o)
                0x00008e06                uip_ds6_set_addr_iid
 .text.get_match_length
                0x00008e1a       0x44 contiki-sky.a(uip-ds6.o)
                0x00008e1a                get_match_length
 .text.uip_ds6_select_src
                0x00008e5e       0xaa contiki-sky.a(uip-ds6.o)
                0x00008e5e                uip_ds6_select_src
 .text.uip_ds6_compute_reachable_time
                0x00008f08       0x3e contiki-sky.a(uip-ds6.o)
                0x00008f08                uip_ds6_compute_reachable_time
 .text.uip_ds6_init
                0x00008f46      0x154 contiki-sky.a(uip-ds6.o)
                0x00008f46                uip_ds6_init
 .text.uip_ds6_nbr_rm
                0x0000909a       0x1a contiki-sky.a(uip-ds6-nbr.o)
                0x0000909a                uip_ds6_nbr_rm
 .text.uip_ds6_neighbors_init
                0x000090b4        0xe contiki-sky.a(uip-ds6-nbr.o)
                0x000090b4                uip_ds6_neighbors_init
 .text.uip_ds6_nbr_add
                0x000090c2       0x60 contiki-sky.a(uip-ds6-nbr.o)
                0x000090c2                uip_ds6_nbr_add
 .text.uip_ds6_nbr_get_ll
                0x00009122        0xc contiki-sky.a(uip-ds6-nbr.o)
                0x00009122                uip_ds6_nbr_get_ll
 .text.uip_ds6_nbr_lookup
                0x0000912e       0x42 contiki-sky.a(uip-ds6-nbr.o)
                0x0000912e                uip_ds6_nbr_lookup
 .text.uip_ds6_nbr_ll_lookup
                0x00009170        0xc contiki-sky.a(uip-ds6-nbr.o)
                0x00009170                uip_ds6_nbr_ll_lookup
 .text.uip_ds6_nbr_ipaddr_from_lladdr
                0x0000917c        0x6 contiki-sky.a(uip-ds6-nbr.o)
                0x0000917c                uip_ds6_nbr_ipaddr_from_lladdr
 .text.uip_ds6_nbr_lladdr_from_ipaddr
                0x00009182       0x12 contiki-sky.a(uip-ds6-nbr.o)
                0x00009182                uip_ds6_nbr_lladdr_from_ipaddr
 .text.uip_ds6_link_neighbor_callback
                0x00009194       0x2a contiki-sky.a(uip-ds6-nbr.o)
                0x00009194                uip_ds6_link_neighbor_callback
 .text.uip_ds6_neighbor_periodic
                0x000091be       0x60 contiki-sky.a(uip-ds6-nbr.o)
                0x000091be                uip_ds6_neighbor_periodic
 .text.call_route_callback
                0x0000921e       0x4c contiki-sky.a(uip-ds6-route.o)
 .text.uip_ds6_route_init
                0x0000926a       0x36 contiki-sky.a(uip-ds6-route.o)
                0x0000926a                uip_ds6_route_init
 .text.uip_ds6_route_nexthop
                0x000092a0       0x1a contiki-sky.a(uip-ds6-route.o)
                0x000092a0                uip_ds6_route_nexthop
 .text.uip_ds6_route_head
                0x000092ba        0xa contiki-sky.a(uip-ds6-route.o)
                0x000092ba                uip_ds6_route_head
 .text.uip_ds6_route_next
                0x000092c4        0xe contiki-sky.a(uip-ds6-route.o)
                0x000092c4                uip_ds6_route_next
 .text.uip_ds6_route_lookup
                0x000092d2       0x8c contiki-sky.a(uip-ds6-route.o)
                0x000092d2                uip_ds6_route_lookup
 .text.uip_ds6_route_rm
                0x0000935e       0xa6 contiki-sky.a(uip-ds6-route.o)
                0x0000935e                uip_ds6_route_rm
 .text.rm_routelist
                0x00009404       0x34 contiki-sky.a(uip-ds6-route.o)
 .text.rm_routelist_callback
                0x00009438        0x6 contiki-sky.a(uip-ds6-route.o)
 .text.uip_ds6_route_add
                0x0000943e      0x108 contiki-sky.a(uip-ds6-route.o)
                0x0000943e                uip_ds6_route_add
 .text.uip_ds6_defrt_rm
                0x00009546       0x48 contiki-sky.a(uip-ds6-route.o)
                0x00009546                uip_ds6_defrt_rm
 .text.uip_ds6_defrt_lookup
                0x0000958e       0x36 contiki-sky.a(uip-ds6-route.o)
                0x0000958e                uip_ds6_defrt_lookup
 .text.uip_ds6_defrt_add
                0x000095c4       0x74 contiki-sky.a(uip-ds6-route.o)
                0x000095c4                uip_ds6_defrt_add
 .text.uip_ds6_defrt_choose
                0x00009638       0x3a contiki-sky.a(uip-ds6-route.o)
                0x00009638                uip_ds6_defrt_choose
 .text.uip_ds6_defrt_periodic
                0x00009672       0x38 contiki-sky.a(uip-ds6-route.o)
                0x00009672                uip_ds6_defrt_periodic
 .text.echo_reply_input
                0x000096aa      0x110 contiki-sky.a(uip-icmp6.o)
 .text.echo_request_input
                0x000097ba      0x12c contiki-sky.a(uip-icmp6.o)
 .text.uip_icmp6_input
                0x000098e6       0x48 contiki-sky.a(uip-icmp6.o)
                0x000098e6                uip_icmp6_input
 .text.uip_icmp6_register_input_handler
                0x0000992e        0xc contiki-sky.a(uip-icmp6.o)
                0x0000992e                uip_icmp6_register_input_handler
 .text.uip_icmp6_error_output
                0x0000993a      0x17e contiki-sky.a(uip-icmp6.o)
                0x0000993a                uip_icmp6_error_output
 .text.uip_icmp6_send
                0x00009ab8       0x94 contiki-sky.a(uip-icmp6.o)
                0x00009ab8                uip_icmp6_send
 .text.uip_icmp6_init
                0x00009b4c       0x12 contiki-sky.a(uip-icmp6.o)
                0x00009b4c                uip_icmp6_init
 .text.uip_nd6_init
                0x00009b5e        0x2 contiki-sky.a(uip-nd6.o)
                0x00009b5e                uip_nd6_init
 .text.process_thread_simple_udp_process
                0x00009b60       0xae contiki-sky.a(simple-udp.o)
 .text.simple_udp_sendto
                0x00009c0e       0x2c contiki-sky.a(simple-udp.o)
                0x00009c0e                simple_udp_sendto
 .text.simple_udp_register
                0x00009c3a       0x92 contiki-sky.a(simple-udp.o)
                0x00009c3a                simple_udp_register
 .text.start_periodic_tcp_timer
                0x00009ccc       0x16 contiki-sky.a(tcpip.o)
 .text.tcpip_output
                0x00009ce2       0x10 contiki-sky.a(tcpip.o)
                0x00009ce2                tcpip_output
 .text.tcpip_set_outputfunc
                0x00009cf2        0x6 contiki-sky.a(tcpip.o)
                0x00009cf2                tcpip_set_outputfunc
 .text.udp_new  0x00009cf8       0x1a contiki-sky.a(tcpip.o)
                0x00009cf8                udp_new
 .text.udp_broadcast_new
                0x00009d12       0x46 contiki-sky.a(tcpip.o)
                0x00009d12                udp_broadcast_new
 .text.tcpip_input
                0x00009d58       0x16 contiki-sky.a(tcpip.o)
                0x00009d58                tcpip_input
 .text.tcpip_ipv6_output
                0x00009d6e       0xd4 contiki-sky.a(tcpip.o)
                0x00009d6e                tcpip_ipv6_output
 .text.process_thread_tcpip_process
                0x00009e42      0x1d4 contiki-sky.a(tcpip.o)
 .text.tcpip_uipcall
                0x0000a016       0x70 contiki-sky.a(tcpip.o)
                0x0000a016                tcpip_uipcall
 .text.uip_debug_ipaddr_print
                0x0000a086       0x7e contiki-sky.a(uip-debug.o)
                0x0000a086                uip_debug_ipaddr_print
 .text.uip_udp_packet_send
                0x0000a104       0x2e contiki-sky.a(uip-udp-packet.)
                0x0000a104                uip_udp_packet_send
 .text.uip_udp_packet_sendto
                0x0000a132       0x66 contiki-sky.a(uip-udp-packet.)
                0x0000a132                uip_udp_packet_sendto
 .text.rpl_get_mode
                0x0000a198        0x6 contiki-sky.a(rpl.o)
                0x0000a198                rpl_get_mode
 .text.rpl_purge_routes
                0x0000a19e       0x96 contiki-sky.a(rpl.o)
                0x0000a19e                rpl_purge_routes
 .text.rpl_remove_routes
                0x0000a234       0x22 contiki-sky.a(rpl.o)
                0x0000a234                rpl_remove_routes
 .text.rpl_remove_routes_by_nexthop
                0x0000a256       0x46 contiki-sky.a(rpl.o)
                0x0000a256                rpl_remove_routes_by_nexthop
 .text.rpl_add_route
                0x0000a29c       0x48 contiki-sky.a(rpl.o)
                0x0000a29c                rpl_add_route
 .text.rpl_link_neighbor_callback
                0x0000a2e4       0x6a contiki-sky.a(rpl.o)
                0x0000a2e4                rpl_link_neighbor_callback
 .text.rpl_ipv6_neighbor_callback
                0x0000a34e       0x1e contiki-sky.a(rpl.o)
                0x0000a34e                rpl_ipv6_neighbor_callback
 .text.rpl_init
                0x0000a36c       0x4a contiki-sky.a(rpl.o)
                0x0000a36c                rpl_init
 .text.lollipop_greater_than
                0x0000a3b6       0x3c contiki-sky.a(rpl-dag.o)
 .text.find_parent_any_dag_any_instance
                0x0000a3f2       0x14 contiki-sky.a(rpl-dag.o)
 .text.rpl_set_preferred_parent
                0x0000a406       0x30 contiki-sky.a(rpl-dag.o)
 .text.set_ip_from_prefix
                0x0000a436       0x38 contiki-sky.a(rpl-dag.o)
 .text.check_prefix
                0x0000a46e       0x80 contiki-sky.a(rpl-dag.o)
 .text.rpl_get_nbr
                0x0000a4ee       0x1e contiki-sky.a(rpl-dag.o)
                0x0000a4ee                rpl_get_nbr
 .text.rpl_dag_init
                0x0000a50c        0xe contiki-sky.a(rpl-dag.o)
                0x0000a50c                rpl_dag_init
 .text.rpl_get_parent
                0x0000a51a        0xc contiki-sky.a(rpl-dag.o)
                0x0000a51a                rpl_get_parent
 .text.rpl_get_parent_ipaddr
                0x0000a526       0x10 contiki-sky.a(rpl-dag.o)
                0x0000a526                rpl_get_parent_ipaddr
 .text.rpl_set_prefix
                0x0000a536       0x8e contiki-sky.a(rpl-dag.o)
                0x0000a536                rpl_set_prefix
 .text.rpl_set_default_route
                0x0000a5c4       0x64 contiki-sky.a(rpl-dag.o)
                0x0000a5c4                rpl_set_default_route
 .text.rpl_alloc_instance
                0x0000a628       0x2c contiki-sky.a(rpl-dag.o)
                0x0000a628                rpl_alloc_instance
 .text.rpl_add_parent
                0x0000a654       0x56 contiki-sky.a(rpl-dag.o)
                0x0000a654                rpl_add_parent
 .text.rpl_find_parent
                0x0000a6aa       0x1c contiki-sky.a(rpl-dag.o)
                0x0000a6aa                rpl_find_parent
 .text.rpl_find_parent_any_dag
                0x0000a6c6       0x24 contiki-sky.a(rpl-dag.o)
                0x0000a6c6                rpl_find_parent_any_dag
 .text.rpl_select_parent
                0x0000a6ea       0x62 contiki-sky.a(rpl-dag.o)
                0x0000a6ea                rpl_select_parent
 .text.rpl_select_dag
                0x0000a74c      0x1ae contiki-sky.a(rpl-dag.o)
                0x0000a74c                rpl_select_dag
 .text.rpl_nullify_parent
                0x0000a8fa       0x4e contiki-sky.a(rpl-dag.o)
                0x0000a8fa                rpl_nullify_parent
 .text.rpl_remove_parent
                0x0000a948       0x16 contiki-sky.a(rpl-dag.o)
                0x0000a948                rpl_remove_parent
 .text.nbr_callback
                0x0000a95e        0x6 contiki-sky.a(rpl-dag.o)
 .text.remove_parents.constprop.5
                0x0000a964       0x32 contiki-sky.a(rpl-dag.o)
 .text.rpl_free_dag
                0x0000a996       0x34 contiki-sky.a(rpl-dag.o)
                0x0000a996                rpl_free_dag
 .text.rpl_free_instance
                0x0000a9ca       0x66 contiki-sky.a(rpl-dag.o)
                0x0000a9ca                rpl_free_instance
 .text.rpl_move_parent
                0x0000aa30       0x5a contiki-sky.a(rpl-dag.o)
                0x0000aa30                rpl_move_parent
 .text.rpl_get_any_dag
                0x0000aa8a       0x16 contiki-sky.a(rpl-dag.o)
                0x0000aa8a                rpl_get_any_dag
 .text.rpl_get_instance
                0x0000aaa0       0x16 contiki-sky.a(rpl-dag.o)
                0x0000aaa0                rpl_get_instance
 .text.get_dag  0x0000aab6       0x58 contiki-sky.a(rpl-dag.o)
 .text.rpl_alloc_dag
                0x0000ab0e       0x66 contiki-sky.a(rpl-dag.o)
                0x0000ab0e                rpl_alloc_dag
 .text.rpl_repair_root
                0x0000ab74       0x4c contiki-sky.a(rpl-dag.o)
                0x0000ab74                rpl_repair_root
 .text.rpl_find_of
                0x0000abc0       0x10 contiki-sky.a(rpl-dag.o)
                0x0000abc0                rpl_find_of
 .text.rpl_join_instance
                0x0000abd0      0x13c contiki-sky.a(rpl-dag.o)
                0x0000abd0                rpl_join_instance
 .text.rpl_local_repair
                0x0000ad0c       0x80 contiki-sky.a(rpl-dag.o)
                0x0000ad0c                rpl_local_repair
 .text.rpl_process_parent_event
                0x0000ad8c       0x80 contiki-sky.a(rpl-dag.o)
                0x0000ad8c                rpl_process_parent_event
 .text.rpl_recalculate_ranks
                0x0000ae0c       0x46 contiki-sky.a(rpl-dag.o)
                0x0000ae0c                rpl_recalculate_ranks
 .text.rpl_add_dag
                0x0000ae52      0x112 contiki-sky.a(rpl-dag.o)
                0x0000ae52                rpl_add_dag
 .text.rpl_process_dio
                0x0000af64      0x2bc contiki-sky.a(rpl-dag.o)
                0x0000af64                rpl_process_dio
 .text.rpl_lock_parent
                0x0000b220        0xc contiki-sky.a(rpl-dag.o)
                0x0000b220                rpl_lock_parent
 .text.rpl_verify_header
                0x0000b22c       0xb2 contiki-sky.a(rpl-ext-header.)
                0x0000b22c                rpl_verify_header
 .text.rpl_update_header_empty
                0x0000b2de      0x132 contiki-sky.a(rpl-ext-header.)
                0x0000b2de                rpl_update_header_empty
 .text.rpl_update_header_final
                0x0000b410       0x90 contiki-sky.a(rpl-ext-header.)
                0x0000b410                rpl_update_header_final
 .text.rpl_invert_header
                0x0000b4a0       0x7c contiki-sky.a(rpl-ext-header.)
                0x0000b4a0                rpl_invert_header
 .text.rpl_insert_header
                0x0000b51c       0x12 contiki-sky.a(rpl-ext-header.)
                0x0000b51c                rpl_insert_header
 .text.get32    0x0000b52e       0x46 contiki-sky.a(rpl-icmp6.o)
 .text.set32    0x0000b574       0x2a contiki-sky.a(rpl-icmp6.o)
 .text.get16    0x0000b59e        0xe contiki-sky.a(rpl-icmp6.o)
 .text.set16    0x0000b5ac       0x10 contiki-sky.a(rpl-icmp6.o)
 .text.dao_ack_input
                0x0000b5bc        0x6 contiki-sky.a(rpl-icmp6.o)
 .text.dio_input
                0x0000b5c2      0x2d8 contiki-sky.a(rpl-icmp6.o)
 .text.dis_output
                0x0000b89a       0x50 contiki-sky.a(rpl-icmp6.o)
                0x0000b89a                dis_output
 .text.dio_output
                0x0000b8ea      0x264 contiki-sky.a(rpl-icmp6.o)
                0x0000b8ea                dio_output
 .text.dis_input
                0x0000bb4e       0x28 contiki-sky.a(rpl-icmp6.o)
 .text.dao_output_target
                0x0000bb76       0xe4 contiki-sky.a(rpl-icmp6.o)
                0x0000bb76                dao_output_target
 .text.dao_output
                0x0000bc5a       0x7e contiki-sky.a(rpl-icmp6.o)
                0x0000bc5a                dao_output
 .text.dao_ack_output
                0x0000bcd8       0x32 contiki-sky.a(rpl-icmp6.o)
                0x0000bcd8                dao_ack_output
 .text.dao_input
                0x0000bd0a      0x2ac contiki-sky.a(rpl-icmp6.o)
 .text.rpl_icmp6_register_handlers
                0x0000bfb6       0x22 contiki-sky.a(rpl-icmp6.o)
                0x0000bfb6                rpl_icmp6_register_handlers
 .text.reset    0x0000bfd8        0x2 contiki-sky.a(rpl-mrhof.o)
 .text.update_metric_container
                0x0000bfda        0x6 contiki-sky.a(rpl-mrhof.o)
 .text.calculate_rank
                0x0000bfe0       0x42 contiki-sky.a(rpl-mrhof.o)
 .text.neighbor_link_callback
                0x0000c022       0x9c contiki-sky.a(rpl-mrhof.o)
 .text.best_dag
                0x0000c0be       0x2e contiki-sky.a(rpl-mrhof.o)
 .text.best_parent
                0x0000c0ec       0x74 contiki-sky.a(rpl-mrhof.o)
 .text.set_dao_lifetime_timer
                0x0000c160       0x66 contiki-sky.a(rpl-timers.o)
 .text.new_dio_interval
                0x0000c1c6       0x92 contiki-sky.a(rpl-timers.o)
 .text.handle_periodic_timer
                0x0000c258       0x2e contiki-sky.a(rpl-timers.o)
 .text.schedule_dao
                0x0000c286       0x82 contiki-sky.a(rpl-timers.o)
 .text.handle_dao_timer
                0x0000c308       0x64 contiki-sky.a(rpl-timers.o)
 .text.handle_dio_timer
                0x0000c36c       0x88 contiki-sky.a(rpl-timers.o)
 .text.rpl_reset_periodic_timer
                0x0000c3f4       0x54 contiki-sky.a(rpl-timers.o)
                0x0000c3f4                rpl_reset_periodic_timer
 .text.rpl_reset_dio_timer
                0x0000c448       0x18 contiki-sky.a(rpl-timers.o)
                0x0000c448                rpl_reset_dio_timer
 .text.rpl_schedule_dao
                0x0000c460        0xc contiki-sky.a(rpl-timers.o)
                0x0000c460                rpl_schedule_dao
 .text.input_packet
                0x0000c46c        0x6 contiki-sky.a(csma.o)
 .text.on       0x0000c472        0x6 contiki-sky.a(csma.o)
 .text.off      0x0000c478        0x6 contiki-sky.a(csma.o)
 .text.channel_check_interval
                0x0000c47e       0x10 contiki-sky.a(csma.o)
 .text.transmit_packet_list
                0x0000c48e       0x24 contiki-sky.a(csma.o)
 .text.init     0x0000c4b2       0x1a contiki-sky.a(csma.o)
 .text.send_packet
                0x0000c4cc      0x186 contiki-sky.a(csma.o)
 .text.free_packet
                0x0000c652       0x9c contiki-sky.a(csma.o)
 .text.packet_sent
                0x0000c6ee      0x132 contiki-sky.a(csma.o)
 .text.create_frame.isra.0
                0x0000c820      0x108 contiki-sky.a(framer-802154.o)
 .text.create   0x0000c928        0x8 contiki-sky.a(framer-802154.o)
 .text.hdr_length
                0x0000c930        0x8 contiki-sky.a(framer-802154.o)
 .text.parse    0x0000c938       0xa2 contiki-sky.a(framer-802154.o)
 .text.framer_canonical_create_and_secure
                0x0000c9da       0x20 contiki-sky.a(framer.o)
                0x0000c9da                framer_canonical_create_and_secure
 .text.mac_call_sent_callback
                0x0000c9fa       0x14 contiki-sky.a(mac.o)
                0x0000c9fa                mac_call_sent_callback
 .text.linkaddr_copy
                0x0000ca0e        0x8 contiki-sky.a(linkaddr.o)
                0x0000ca0e                linkaddr_copy
 .text.linkaddr_cmp
                0x0000ca16       0x12 contiki-sky.a(linkaddr.o)
                0x0000ca16                linkaddr_cmp
 .text.linkaddr_set_node_addr
                0x0000ca28        0xc contiki-sky.a(linkaddr.o)
                0x0000ca28                linkaddr_set_node_addr
 .text.item_from_index
                0x0000ca34       0x2a contiki-sky.a(nbr-table.o)
 .text.index_from_key
                0x0000ca5e       0x26 contiki-sky.a(nbr-table.o)
 .text.index_from_item
                0x0000ca84       0x1e contiki-sky.a(nbr-table.o)
 .text.nbr_set_bit
                0x0000caa2       0x58 contiki-sky.a(nbr-table.o)
 .text.index_from_lladdr
                0x0000cafa       0x42 contiki-sky.a(nbr-table.o)
 .text.nbr_get_bit.constprop.0
                0x0000cb3c       0x2e contiki-sky.a(nbr-table.o)
 .text.nbr_table_register
                0x0000cb6a       0x26 contiki-sky.a(nbr-table.o)
                0x0000cb6a                nbr_table_register
 .text.nbr_table_next
                0x0000cb90       0x54 contiki-sky.a(nbr-table.o)
                0x0000cb90                nbr_table_next
 .text.nbr_table_head
                0x0000cbe4       0x3a contiki-sky.a(nbr-table.o)
                0x0000cbe4                nbr_table_head
 .text.nbr_table_add_lladdr
                0x0000cc1e      0x128 contiki-sky.a(nbr-table.o)
                0x0000cc1e                nbr_table_add_lladdr
 .text.nbr_table_get_from_lladdr
                0x0000cd46       0x2c contiki-sky.a(nbr-table.o)
                0x0000cd46                nbr_table_get_from_lladdr
 .text.nbr_table_remove
                0x0000cd72       0x32 contiki-sky.a(nbr-table.o)
                0x0000cd72                nbr_table_remove
 .text.nbr_table_lock
                0x0000cda4       0x10 contiki-sky.a(nbr-table.o)
                0x0000cda4                nbr_table_lock
 .text.nbr_table_unlock
                0x0000cdb4       0x10 contiki-sky.a(nbr-table.o)
                0x0000cdb4                nbr_table_unlock
 .text.nbr_table_get_lladdr
                0x0000cdc4       0x22 contiki-sky.a(nbr-table.o)
                0x0000cdc4                nbr_table_get_lladdr
 .text.packetbuf_copyto_hdr
                0x0000cde6       0x1c contiki-sky.a(packetbuf.o)
                0x0000cde6                packetbuf_copyto_hdr
 .text.packetbuf_copyto
                0x0000ce02       0x52 contiki-sky.a(packetbuf.o)
                0x0000ce02                packetbuf_copyto
 .text.packetbuf_hdrreduce
                0x0000ce54       0x1a contiki-sky.a(packetbuf.o)
                0x0000ce54                packetbuf_hdrreduce
 .text.packetbuf_set_datalen
                0x0000ce6e        0x6 contiki-sky.a(packetbuf.o)
                0x0000ce6e                packetbuf_set_datalen
 .text.packetbuf_dataptr
                0x0000ce74        0xe contiki-sky.a(packetbuf.o)
                0x0000ce74                packetbuf_dataptr
 .text.packetbuf_hdrptr
                0x0000ce82        0xa contiki-sky.a(packetbuf.o)
                0x0000ce82                packetbuf_hdrptr
 .text.packetbuf_is_reference
                0x0000ce8c        0xe contiki-sky.a(packetbuf.o)
                0x0000ce8c                packetbuf_is_reference
 .text.packetbuf_compact
                0x0000ce9a       0x48 contiki-sky.a(packetbuf.o)
                0x0000ce9a                packetbuf_compact
 .text.packetbuf_reference_ptr
                0x0000cee2        0x6 contiki-sky.a(packetbuf.o)
                0x0000cee2                packetbuf_reference_ptr
 .text.packetbuf_datalen
                0x0000cee8        0x6 contiki-sky.a(packetbuf.o)
                0x0000cee8                packetbuf_datalen
 .text.packetbuf_hdrlen
                0x0000ceee       0x10 contiki-sky.a(packetbuf.o)
                0x0000ceee                packetbuf_hdrlen
 .text.packetbuf_totlen
                0x0000cefe        0xc contiki-sky.a(packetbuf.o)
                0x0000cefe                packetbuf_totlen
 .text.packetbuf_hdralloc
                0x0000cf0a       0x2e contiki-sky.a(packetbuf.o)
                0x0000cf0a                packetbuf_hdralloc
 .text.packetbuf_attr_clear
                0x0000cf38       0x28 contiki-sky.a(packetbuf.o)
                0x0000cf38                packetbuf_attr_clear
 .text.packetbuf_clear
                0x0000cf60       0x1a contiki-sky.a(packetbuf.o)
                0x0000cf60                packetbuf_clear
 .text.packetbuf_copyfrom
                0x0000cf7a       0x2e contiki-sky.a(packetbuf.o)
                0x0000cf7a                packetbuf_copyfrom
 .text.packetbuf_attr_copyto
                0x0000cfa8       0x22 contiki-sky.a(packetbuf.o)
                0x0000cfa8                packetbuf_attr_copyto
 .text.packetbuf_attr_copyfrom
                0x0000cfca       0x24 contiki-sky.a(packetbuf.o)
                0x0000cfca                packetbuf_attr_copyfrom
 .text.packetbuf_holds_broadcast
                0x0000cfee        0xe contiki-sky.a(packetbuf.o)
                0x0000cfee                packetbuf_holds_broadcast
 .text.queuebuf_init
                0x0000cffc       0x1a contiki-sky.a(queuebuf.o)
                0x0000cffc                queuebuf_init
 .text.queuebuf_numfree
                0x0000d016       0x18 contiki-sky.a(queuebuf.o)
                0x0000d016                queuebuf_numfree
 .text.queuebuf_new_from_packetbuf
                0x0000d02e       0x88 contiki-sky.a(queuebuf.o)
                0x0000d02e                queuebuf_new_from_packetbuf
 .text.queuebuf_update_attr_from_packetbuf
                0x0000d0b6       0x12 contiki-sky.a(queuebuf.o)
                0x0000d0b6                queuebuf_update_attr_from_packetbuf
 .text.queuebuf_update_from_packetbuf
                0x0000d0c8       0x22 contiki-sky.a(queuebuf.o)
                0x0000d0c8                queuebuf_update_from_packetbuf
 .text.queuebuf_free
                0x0000d0ea       0x40 contiki-sky.a(queuebuf.o)
                0x0000d0ea                queuebuf_free
 .text.queuebuf_to_packetbuf
                0x0000d12a       0x6e contiki-sky.a(queuebuf.o)
                0x0000d12a                queuebuf_to_packetbuf
 .text.queuebuf_attr
                0x0000d198        0xe contiki-sky.a(queuebuf.o)
                0x0000d198                queuebuf_attr
 .text.duty_cycle
                0x0000d1a6        0x6 contiki-sky.a(contikimac.o)
 .text.init     0x0000d1ac       0x2a contiki-sky.a(contikimac.o)
 .text.on       0x0000d1d6       0x1a contiki-sky.a(contikimac.o)
 .text.off      0x0000d1f0       0x22 contiki-sky.a(contikimac.o)
 .text.recv_burst_off
                0x0000d212        0xa contiki-sky.a(contikimac.o)
 .text.turn_off
                0x0000d21c       0x20 contiki-sky.a(contikimac.o)
 .text.set_interrupt
                0x0000d23c       0x24 contiki-sky.a(contikimac.o)
 .text.turn_on  0x0000d260       0x30 contiki-sky.a(contikimac.o)
 .text.powercycle_turn_radio_off
                0x0000d290       0x30 contiki-sky.a(contikimac.o)
 .text.input_packet
                0x0000d2c0       0xa2 contiki-sky.a(contikimac.o)
 .text.send_packet.isra.7
                0x0000d362      0x210 contiki-sky.a(contikimac.o)
 .text.qsend_list
                0x0000d572       0xc4 contiki-sky.a(contikimac.o)
 .text.qsend_packet
                0x0000d636       0x28 contiki-sky.a(contikimac.o)
 .text.schedule_powercycle_fixed
                0x0000d65e       0x3e contiki-sky.a(contikimac.o)
                0x0000d65e                schedule_powercycle_fixed
 .text.powercycle
                0x0000d69c      0x1ce contiki-sky.a(contikimac.o)
 .text.bootstrap
                0x0000d86a        0x4 contiki-sky.a(nullsec.o)
 .text.send     0x0000d86e        0xa contiki-sky.a(nullsec.o)
 .text.on_frame_created
                0x0000d878        0x4 contiki-sky.a(nullsec.o)
 .text.input    0x0000d87c        0x6 contiki-sky.a(nullsec.o)
 .text.get_overhead
                0x0000d882        0x4 contiki-sky.a(nullsec.o)
 .text.spi_init
                0x0000d886       0x30 contiki-sky.a(spi.o)
                0x0000d886                spi_init
 .text.compower_accumulate
                0x0000d8b6       0x72 contiki-sky.a(compower.o)
                0x0000d8b6                compower_accumulate
 .text.compower_clear
                0x0000d928       0x12 contiki-sky.a(compower.o)
                0x0000d928                compower_clear
 .text.compower_attrconv
                0x0000d93a       0x10 contiki-sky.a(compower.o)
                0x0000d93a                compower_attrconv
 .text.stimer_set
                0x0000d94a       0x1c contiki-sky.a(stimer.o)
                0x0000d94a                stimer_set
 .text.stimer_expired
                0x0000d966       0x30 contiki-sky.a(stimer.o)
                0x0000d966                stimer_expired
 .text.field_len
                0x0000d996       0x90 contiki-sky.a(frame802154.o)
 .text.frame802154_hdrlen
                0x0000da26       0x2e contiki-sky.a(frame802154.o)
                0x0000da26                frame802154_hdrlen
 .text.frame802154_create
                0x0000da54      0x146 contiki-sky.a(frame802154.o)
                0x0000da54                frame802154_create
 .text.frame802154_parse
                0x0000db9a      0x1ba contiki-sky.a(frame802154.o)
                0x0000db9a                frame802154_parse
 .text.mac_sequence_is_duplicate
                0x0000dd54       0x44 contiki-sky.a(mac-sequence.o)
                0x0000dd54                mac_sequence_is_duplicate
 .text.mac_sequence_register_seqno
                0x0000dd98       0x72 contiki-sky.a(mac-sequence.o)
                0x0000dd98                mac_sequence_register_seqno
 .text.libgcc   0x0000de0a       0x2c /usr/local/msp430/bin/../lib/gcc/msp430/4.7.0/mmpy-16/libgcc.a(_mulsi3.o)
                0x0000de0a                __mulsi3
 .text.libgcc   0x0000de36       0x22 /usr/local/msp430/bin/../lib/gcc/msp430/4.7.0/mmpy-16/libgcc.a(_udivmod16.o)
                0x0000de36                __udivhi3
                0x0000de36                __ext_udivmod16
                0x0000de50                __umodhi3
 .text.libgcc   0x0000de58       0x3a /usr/local/msp430/bin/../lib/gcc/msp430/4.7.0/mmpy-16/libgcc.a(_divmod16.o)
                0x0000de58                __ext_divmod16
                0x0000de58                __divhi3
                0x0000de8a                __modhi3
 .text.libgcc   0x0000de92       0x40 /usr/local/msp430/bin/../lib/gcc/msp430/4.7.0/mmpy-16/libgcc.a(_udivmod32.o)
                0x0000de92                __udivsi3
                0x0000de92                __ext_udivmod32
                0x0000dec8                __umodsi3
 .text.printf   0x0000ded2       0x10 /usr/local/msp430/bin/../lib/gcc/msp430/4.7.0/../../../../msp430/lib/mmpy-16/libc.a(printf.o)
                0x0000ded2                printf
 .text.append   0x0000dee2       0x22 /usr/local/msp430/bin/../lib/gcc/msp430/4.7.0/../../../../msp430/lib/mmpy-16/libc.a(sprintf.o)
 .text.call_vuprintf
                0x0000df04       0x3a /usr/local/msp430/bin/../lib/gcc/msp430/4.7.0/../../../../msp430/lib/mmpy-16/libc.a(sprintf.o)
 .text.sprintf  0x0000df3e       0x1c /usr/local/msp430/bin/../lib/gcc/msp430/4.7.0/../../../../msp430/lib/mmpy-16/libc.a(sprintf.o)
                0x0000df3e                sprintf
 .text.print_field
                0x0000df5a      0x194 /usr/local/msp430/bin/../lib/gcc/msp430/4.7.0/../../../../msp430/lib/mmpy-16/libc.a(vuprintf.o)
 .text.vuprintf
                0x0000e0ee      0x63c /usr/local/msp430/bin/../lib/gcc/msp430/4.7.0/../../../../msp430/lib/mmpy-16/libc.a(vuprintf.o)
                0x0000e0ee                vuprintf
 .text.puts     0x0000e72a       0x2c /usr/local/msp430/bin/../lib/gcc/msp430/4.7.0/../../../../msp430/lib/mmpy-16/libc.a(puts.o)
                0x0000e72a                puts
 .text.rand     0x0000e756       0x26 /usr/local/msp430/bin/../lib/gcc/msp430/4.7.0/../../../../msp430/lib/mmpy-16/libc.a(rand.o)
                0x0000e756                rand
 .text.srand    0x0000e77c        0xa /usr/local/msp430/bin/../lib/gcc/msp430/4.7.0/../../../../msp430/lib/mmpy-16/libc.a(rand.o)
                0x0000e77c                srand
 .text.memcmp   0x0000e786       0x30 /usr/local/msp430/bin/../lib/gcc/msp430/4.7.0/../../../../msp430/lib/mmpy-16/libc.a(memcmp.o)
                0x0000e786                memcmp
 .text.memcpy   0x0000e7b6       0xfa /usr/local/msp430/bin/../lib/gcc/msp430/4.7.0/../../../../msp430/lib/mmpy-16/libc.a(memcpy.o)
                0x0000e7b6                memcpy
 .text.memmove  0x0000e8b0       0xfa /usr/local/msp430/bin/../lib/gcc/msp430/4.7.0/../../../../msp430/lib/mmpy-16/libc.a(memmove.o)
                0x0000e8b0                memmove
 .text.memset   0x0000e9aa       0x6a /usr/local/msp430/bin/../lib/gcc/msp430/4.7.0/../../../../msp430/lib/mmpy-16/libc.a(memset.o)
                0x0000e9aa                memset
 .text.libgcc   0x0000ea14       0xf0 /usr/local/msp430/bin/../lib/gcc/msp430/4.7.0/mmpy-16/libgcc.a(_udivmod64.o)
                0x0000ea14                __xabi_udivmod64
                0x0000ea72                __udivdi3
                0x0000ea98                __umoddi3
                0x0000eac6                __udivmoddi4
 .text.crt0     0x0000eb04        0x2 /usr/local/msp430/bin/../lib/gcc/msp430/4.7.0/mmpy-16/libcrt0.a(_unexpected_.o)
                0x0000eb04                _unexpected_
 *(.near.text .near.text.*)

.rodata         0x0000eb08      0x3d5
                0x0000eb08                . = ALIGN (0x2)
 *(.rodata .rodata.* .gnu.linkonce.r.*)
 .rodata        0x0000eb08       0xa0 unicast-sender.co
                0x0000eb84                autostart_processes
 .rodata        0x0000eba8      0x12e obj_sky/contiki-sky-main.o
 .rodata        0x0000ecd6       0x99 contiki-sky.a(servreg-hack.o)
 *fill*         0x0000ed6f        0x1 00
 .rodata        0x0000ed70       0x10 contiki-sky.a(button-sensor.o)
                0x0000ed78                button_sensor
 .rodata        0x0000ed80        0x8 contiki-sky.a(sensors.o)
 .rodata.get_value
                0x0000ed88       0x1c contiki-sky.a(cc2420.o)
 .rodata        0x0000eda4       0x3e contiki-sky.a(cc2420.o)
                0x0000eda4                cc2420_aes_128_driver
                0x0000eda8                cc2420_driver
 .rodata        0x0000ede2        0xf contiki-sky.a(ctimer.o)
 .rodata        0x0000edf1        0xc contiki-sky.a(etimer.o)
 *fill*         0x0000edfd        0x1 00
 .rodata        0x0000edfe       0x24 contiki-sky.a(sicslowpan.o)
                0x0000ee0a                sicslowpan_driver
                0x0000ee10                llprefix
                0x0000ee12                unc_mxconf
                0x0000ee16                unc_ctxconf
                0x0000ee1a                unc_llconf
 *fill*         0x0000ee22        0x2 00
 .rodata.uip_process
                0x0000ee24       0x20 contiki-sky.a(uip6.o)
 .rodata        0x0000ee44       0x13 contiki-sky.a(simple-udp.o)
 .rodata        0x0000ee57        0xd contiki-sky.a(tcpip.o)
 .rodata        0x0000ee64       0x1a contiki-sky.a(uip-debug.o)
 .rodata        0x0000ee7e       0x14 contiki-sky.a(csma.o)
                0x0000ee84                csma_driver
 .rodata        0x0000ee92        0x8 contiki-sky.a(framer-802154.o)
                0x0000ee92                framer_802154
 .rodata        0x0000ee9a        0x8 contiki-sky.a(linkaddr.o)
                0x0000ee9a                linkaddr_null
 .rodata        0x0000eea2       0x1e contiki-sky.a(contikimac.o)
                0x0000eeae                contikimac_driver
 .rodata        0x0000eec0       0x14 contiki-sky.a(nullsec.o)
                0x0000eec8                nullsec_driver
 .rodata        0x0000eed4        0x2 contiki-sky.a(frame802154.o)
 .rodata.vuprintf
                0x0000eed6        0x7 /usr/local/msp430/bin/../lib/gcc/msp430/4.7.0/../../../../msp430/lib/mmpy-16/libc.a(vuprintf.o)
 *(.near.rodata .near.rodata.*)
                0x0000eede                . = ALIGN (0x2)
                0x0000eede                _etext = .

.data           0x00001100      0x100 load address 0x0000eede
                0x00001100                . = ALIGN (0x2)
                0x00001100                __data_start = .
 *(.data .data.* .gnu.linkonce.d.*)
 .data          0x00001100        0xa unicast-sender.co
                0x00001100                unicast_sender_process
 .data          0x0000110a       0x12 contiki-sky.a(servreg-hack.o)
                0x0000110a                servreg_hack_process
 .data          0x0000111c        0x4 contiki-sky.a(contiki-sky-pla)
                0x0000111c                sensors
 .data          0x00001120        0xa contiki-sky.a(sensors.o)
                0x00001120                sensors_process
 .data          0x0000112a        0xa contiki-sky.a(cc2420.o)
                0x0000112a                cc2420_process
 .data          0x00001134        0x2 contiki-sky.a(msp430.o)
 .data          0x00001136        0xa contiki-sky.a(ctimer.o)
                0x00001136                ctimer_process
 .data          0x00001140        0xa contiki-sky.a(etimer.o)
                0x00001140                etimer_process
 .data          0x0000114a        0xa contiki-sky.a(uip-ds6-nbr.o)
                0x0000114a                ds6_neighbors
 .data          0x00001154       0x20 contiki-sky.a(uip-ds6-route.o)
 .data          0x00001174        0xc contiki-sky.a(uip-icmp6.o)
 .data          0x00001180        0xa contiki-sky.a(simple-udp.o)
                0x00001180                simple_udp_process
 .data          0x0000118a        0xa contiki-sky.a(tcpip.o)
                0x0000118a                tcpip_process
 .data          0x00001194        0x8 contiki-sky.a(rpl-dag.o)
 .data          0x0000119c       0x1a contiki-sky.a(rpl-icmp6.o)
 .data          0x000011b6        0xe contiki-sky.a(rpl-mrhof.o)
                0x000011b6                rpl_mrhof
 .data          0x000011c4       0x18 contiki-sky.a(csma.o)
 .data          0x000011dc        0x8 contiki-sky.a(nbr-table.o)
 .data          0x000011e4       0x18 contiki-sky.a(queuebuf.o)
 .data.next     0x000011fc        0x4 /usr/local/msp430/bin/../lib/gcc/msp430/4.7.0/../../../../msp430/lib/mmpy-16/libc.a(rand.o)
 *(.near.data .near.data.*)
                0x00001200                . = ALIGN (0x2)
                0x00001200                _edata = .
                0x0000eede                __data_load_start = LOADADDR (.data)
                0x00000100                __data_size = SIZEOF (.data)

.bss            0x00001200     0x1c80 load address 0x0000efde
                0x00001200                __bss_start = .
 *(.bss .bss.*)
 .bss           0x00001200       0x36 unicast-sender.co
 .bss           0x00001236        0xc obj_sky/contiki-sky-main.o
 .bss           0x00001242      0x1f2 contiki-sky.a(servreg-hack.o)
 .bss           0x00001434        0x8 contiki-sky.a(button-sensor.o)
 .bss           0x0000143c        0x2 contiki-sky.a(node-id.o)
                0x0000143c                node_id
 .bss           0x0000143e        0x6 contiki-sky.a(sensors.o)
 .bss           0x00001444        0x8 contiki-sky.a(cc2420.o)
 .bss           0x0000144c       0x9a contiki-sky.a(uart1.o)
 .bss           0x000014e6        0xa contiki-sky.a(clock.o)
 .bss           0x000014f0        0x1 contiki-sky.a(leds.o)
 *fill*         0x000014f1        0x1 00
 .bss           0x000014f2        0x2 contiki-sky.a(watchdog.o)
 .bss           0x000014f4        0x4 contiki-sky.a(ctimer.o)
 .bss           0x000014f8        0x6 contiki-sky.a(etimer.o)
 .bss           0x000014fe       0x42 contiki-sky.a(process.o)
                0x000014fe                process_current
                0x00001500                process_list
 .bss           0x00001540        0x2 contiki-sky.a(rtimer.o)
 .bss           0x00001542      0x124 contiki-sky.a(sicslowpan.o)
 .bss           0x00001666        0xe contiki-sky.a(uip6.o)
                0x00001666                uip_ext_opt_offset
                0x00001667                uip_ext_len
                0x00001668                uip_ext_bitmap
 .bss           0x00001674       0x18 contiki-sky.a(uip-ds6.o)
 .bss           0x0000168c      0x2f8 contiki-sky.a(uip-ds6-nbr.o)
 .bss           0x00001984      0x362 contiki-sky.a(uip-ds6-route.o)
 .bss           0x00001ce6       0x14 contiki-sky.a(uip-icmp6.o)
 .bss           0x00001cfa       0xf1 contiki-sky.a(simple-udp.o)
 *fill*         0x00001deb        0x1 00
 .bss           0x00001dec       0x36 contiki-sky.a(tcpip.o)
 .bss           0x00001e22        0x2 contiki-sky.a(rpl.o)
 .bss           0x00001e24       0xa0 contiki-sky.a(rpl-dag.o)
 .bss           0x00001ec4       0x18 contiki-sky.a(rpl-timers.o)
 .bss           0x00001edc       0xc4 contiki-sky.a(csma.o)
 .bss           0x00001fa0        0x2 contiki-sky.a(framer-802154.o)
 .bss           0x00001fa2      0x118 contiki-sky.a(nbr-table.o)
 .bss           0x000020ba       0xb8 contiki-sky.a(packetbuf.o)
 .bss           0x00002172      0x63e contiki-sky.a(queuebuf.o)
 .bss           0x000027b0       0x34 contiki-sky.a(contikimac.o)
                0x000027b0                contikiMAC_ready
                0x000027b1                radio_is_on
                0x000027b2                we_are_sending
 .bss           0x000027e4        0x8 contiki-sky.a(compower.o)
 .bss           0x000027ec       0xa0 contiki-sky.a(mac-sequence.o)
 .bss.destination_
                0x0000288c        0x2 /usr/local/msp430/bin/../lib/gcc/msp430/4.7.0/../../../../msp430/lib/mmpy-16/libc.a(sprintf.o)
 .bss.available_
                0x0000288e        0x2 /usr/local/msp430/bin/../lib/gcc/msp430/4.7.0/../../../../msp430/lib/mmpy-16/libc.a(sprintf.o)
 *(.near.bss .near.bss.*)
 *(COMMON)
 COMMON         0x00002890        0x2 contiki-sky.a(contiki-sky-pla)
                0x00002890                sensors_flags
 COMMON         0x00002892        0x8 contiki-sky.a(ds2411.o)
                0x00002892                ds2411_id
 COMMON         0x0000289a        0x1 contiki-sky.a(sensors.o)
                0x0000289a                sensors_event
 *fill*         0x0000289b        0x1 00
 COMMON         0x0000289c       0x10 contiki-sky.a(cc2420.o)
                0x0000289c                cc2420_last_rssi
                0x0000289e                cc2420_sfd_start_time
                0x000028a0                cc2420_time_of_departure
                0x000028a2                cc2420_time_of_arrival
                0x000028a4                cc2420_last_correlation
                0x000028a6                cc2420_authority_level_of_sender
                0x000028a8                cc2420_sfd_counter
                0x000028aa                cc2420_sfd_end_time
 COMMON         0x000028ac        0x2 contiki-sky.a(msp430.o)
                0x000028ac                msp430_dco_required
 COMMON         0x000028ae       0x56 contiki-sky.a(energest.o)
                0x000028ae                energest_total_time
                0x000028de                energest_total_count
                0x000028e0                energest_current_mode
                0x000028ec                energest_current_time
 COMMON         0x00002904        0x1 contiki-sky.a(process.o)
                0x00002904                process_maxevents
 *fill*         0x00002905        0x1 00
 COMMON         0x00002906        0x8 contiki-sky.a(sicslowpan.o)
                0x00002906                frag_sender
 COMMON         0x0000290e      0x304 contiki-sky.a(uip6.o)
                0x0000290e                uip_len
                0x00002910                uip_sappdata
                0x00002912                uip_acc32
                0x00002916                uip_lladdr
                0x0000291e                uip_aligned_buf
                0x00002a0e                uip_flags
                0x00002a10                uip_next_hdr
                0x00002a12                uip_udp_conn
                0x00002a14                uip_appdata
                0x00002a16                uip_conn
                0x00002a18                uip_conns
                0x00002ac8                uip_listenports
                0x00002ad8                uip_slen
                0x00002ada                uip_udp_conns
 COMMON         0x00002c12      0x15c contiki-sky.a(uip-ds6.o)
                0x00002c12                uip_ds6_timer_ra
                0x00002c1a                uip_ds6_if
                0x00002d06                uip_ds6_netif_addr_list_offset
                0x00002d07                uip_ds6_addr_size
                0x00002d08                uip_ds6_prefix_list
                0x00002d62                uip_ds6_timer_periodic
 COMMON         0x00002d6e        0x1 contiki-sky.a(tcpip.o)
                0x00002d6e                tcpip_event
 *fill*         0x00002d6f        0x1 00
 COMMON         0x00002d70       0xca contiki-sky.a(rpl-dag.o)
                0x00002d70                default_instance
                0x00002d72                instance_table
 COMMON         0x00002e3a        0x8 contiki-sky.a(linkaddr.o)
                0x00002e3a                linkaddr_node_addr
 COMMON         0x00002e42       0x34 contiki-sky.a(packetbuf.o)
                0x00002e42                packetbuf_addrs
                0x00002e52                packetbuf_attrs
 COMMON         0x00002e76        0x2 contiki-sky.a(contikimac.o)
                0x00002e76                cycle_start
 COMMON         0x00002e78        0x8 contiki-sky.a(compower.o)
                0x00002e78                compower_idle_activity
                0x00002e80                . = ALIGN (0x2)
                0x00002e80                __bss_end = .
                0x00001c80                __bss_size = SIZEOF (.bss)

.noinit         0x00002e80        0x2 load address 0x0000efde
                0x00002e80                . = ALIGN (0x2)
                0x00002e80                __noinit_start = .
 *(.noinit .noinit.*)
 .noinit.crt0   0x00002e80        0x2 /usr/local/msp430/bin/../lib/gcc/msp430/4.7.0/mmpy-16/libcrt0.a(__watchdog_support.o)
                0x00002e80                __wdt_clear_value
                0x00002e82                . = ALIGN (0x2)
                0x00002e82                __noinit_end = .
                0x00002e82                . = ALIGN (0x2)
                0x00002e82                _end = .

.infomem        0x00001000        0x0
                0x00001000                . = ALIGN (0x2)
 *(.infomem .infomem.*)

.infomemnobits  0x00001000        0x0
                0x00001000                . = ALIGN (0x2)
 *(.infomemnobits .infomemnobits.*)

.infoa          0x00001080        0x0
                0x00001080                . = ALIGN (0x2)
 *(.infoa .infoa.*)

.infob          0x00001000        0x0
                0x00001000                . = ALIGN (0x2)
 *(.infob .infob.*)

.infoc          0x00000000        0x0
                0x00000000                . = ALIGN (0x2)
 *(.infoc .infoc.*)

.infod          0x00000000        0x0
                0x00000000                . = ALIGN (0x2)
 *(.infod .infod.*)

.vectors        0x0000ffe0       0x20
                0x0000ffe0                __vectors_start = .
 *(.vectors*)
 .vectors       0x0000ffe0       0x20 /usr/local/msp430/bin/../lib/gcc/msp430/4.7.0/mmpy-16/crt0ivtbl16.o
                0x0000ffe0                __ivtbl_16
                0x00010000                _vectors_end = .

.fartext        0x00000000        0x0
                0x00000000                . = ALIGN (0x2)
 *(.fartext .fartext.*)

.far.text       0x00000000        0x0
                0x00000000                . = ALIGN (0x2)
 *(.far.text .far.text.*)

.far.rodata     0x00000000        0x0
                0x00000000                . = ALIGN (0x2)
 *(.far.rodata .far.rodata.*)
                0x00000000                . = ALIGN (0x2)
                0x00000000                _efartext = .

.far.data       0x00000000        0x0
                0x00000000                . = ALIGN (0x2)
                0x00000000                __far_data_start = .
 *(.far.data .far.data.*)
                0x00000000                . = ALIGN (0x2)
                0x00000000                _efardata = .
                0x00000000                __far_data_load_start = LOADADDR (.far.data)
                0x00000000                __far_data_size = SIZEOF (.far.data)

.far.bss        0x00000000        0x0
                0x00000000                . = ALIGN (0x2)
                0x00000000                __far_bss_start = .
 *(.far.bss .far.bss.*)
                0x00000000                . = ALIGN (0x2)
                0x00000000                __far_bss_end = .
                0x00000000                __far_bss_size = SIZEOF (.far.bss)
                0x00000000                . = ALIGN (0x2)
                0x00000000                _far_end = .

.profiler
 *(.profiler)

.stab
 *(.stab)

.stabstr
 *(.stabstr)

.stab.excl
 *(.stab.excl)

.stab.exclstr
 *(.stab.exclstr)

.stab.index
 *(.stab.index)

.stab.indexstr
 *(.stab.indexstr)

.comment        0x00000000       0x30
 *(.comment)
 .comment       0x00000000       0x30 unicast-sender.co
                                 0x31 (size before relaxing)
 .comment       0x00000000       0x31 obj_sky/contiki-sky-main.o
 .comment       0x00000000       0x31 contiki-sky.a(servreg-hack.o)
 .comment       0x00000000       0x31 contiki-sky.a(contiki-sky-pla)
 .comment       0x00000000       0x31 contiki-sky.a(button-sensor.o)
 .comment       0x00000000       0x31 contiki-sky.a(ds2411.o)
 .comment       0x00000000       0x31 contiki-sky.a(xmem.o)
 .comment       0x00000000       0x31 contiki-sky.a(node-id.o)
 .comment       0x00000000       0x31 contiki-sky.a(sensors.o)
 .comment       0x00000000       0x31 contiki-sky.a(cc2420.o)
 .comment       0x00000000       0x31 contiki-sky.a(cc2420-arch.o)
 .comment       0x00000000       0x31 contiki-sky.a(uart1.o)
 .comment       0x00000000       0x31 contiki-sky.a(uart1-putchar.o)
 .comment       0x00000000       0x31 contiki-sky.a(msp430.o)
 .comment       0x00000000       0x31 contiki-sky.a(clock.o)
 .comment       0x00000000       0x31 contiki-sky.a(leds.o)
 .comment       0x00000000       0x31 contiki-sky.a(leds-arch.o)
 .comment       0x00000000       0x31 contiki-sky.a(watchdog.o)
 .comment       0x00000000       0x31 contiki-sky.a(rtimer-arch.o)
 .comment       0x00000000       0x31 contiki-sky.a(autostart.o)
 .comment       0x00000000       0x31 contiki-sky.a(ctimer.o)
 .comment       0x00000000       0x31 contiki-sky.a(energest.o)
 .comment       0x00000000       0x31 contiki-sky.a(etimer.o)
 .comment       0x00000000       0x31 contiki-sky.a(process.o)
 .comment       0x00000000       0x31 contiki-sky.a(rtimer.o)
 .comment       0x00000000       0x31 contiki-sky.a(timer.o)
 .comment       0x00000000       0x31 contiki-sky.a(list.o)
 .comment       0x00000000       0x31 contiki-sky.a(memb.o)
 .comment       0x00000000       0x31 contiki-sky.a(random.o)
 .comment       0x00000000       0x31 contiki-sky.a(sicslowpan.o)
 .comment       0x00000000       0x31 contiki-sky.a(uip6.o)
 .comment       0x00000000       0x31 contiki-sky.a(uip-ds6.o)
 .comment       0x00000000       0x31 contiki-sky.a(uip-ds6-nbr.o)
 .comment       0x00000000       0x31 contiki-sky.a(uip-ds6-route.o)
 .comment       0x00000000       0x31 contiki-sky.a(uip-icmp6.o)
 .comment       0x00000000       0x31 contiki-sky.a(uip-nd6.o)
 .comment       0x00000000       0x31 contiki-sky.a(simple-udp.o)
 .comment       0x00000000       0x31 contiki-sky.a(tcpip.o)
 .comment       0x00000000       0x31 contiki-sky.a(uip-debug.o)
 .comment       0x00000000       0x31 contiki-sky.a(uip-udp-packet.)
 .comment       0x00000000       0x31 contiki-sky.a(rpl.o)
 .comment       0x00000000       0x31 contiki-sky.a(rpl-dag.o)
 .comment       0x00000000       0x31 contiki-sky.a(rpl-ext-header.)
 .comment       0x00000000       0x31 contiki-sky.a(rpl-icmp6.o)
 .comment       0x00000000       0x31 contiki-sky.a(rpl-mrhof.o)
 .comment       0x00000000       0x31 contiki-sky.a(rpl-timers.o)
 .comment       0x00000000       0x31 contiki-sky.a(csma.o)
 .comment       0x00000000       0x31 contiki-sky.a(framer-802154.o)
 .comment       0x00000000       0x31 contiki-sky.a(framer.o)
 .comment       0x00000000       0x31 contiki-sky.a(mac.o)
 .comment       0x00000000       0x31 contiki-sky.a(linkaddr.o)
 .comment       0x00000000       0x31 contiki-sky.a(nbr-table.o)
 .comment       0x00000000       0x31 contiki-sky.a(packetbuf.o)
 .comment       0x00000000       0x31 contiki-sky.a(queuebuf.o)
 .comment       0x00000000       0x31 contiki-sky.a(contikimac.o)
 .comment       0x00000000       0x31 contiki-sky.a(nullsec.o)
 .comment       0x00000000       0x31 contiki-sky.a(spi.o)
 .comment       0x00000000       0x31 contiki-sky.a(compower.o)
 .comment       0x00000000       0x31 contiki-sky.a(stimer.o)
 .comment       0x00000000       0x31 contiki-sky.a(frame802154.o)
 .comment       0x00000000       0x31 contiki-sky.a(mac-sequence.o)
 .comment       0x00000000       0x31 /usr/local/msp430/bin/../lib/gcc/msp430/4.7.0/../../../../msp430/lib/mmpy-16/libc.a(printf.o)
 .comment       0x00000000       0x31 /usr/local/msp430/bin/../lib/gcc/msp430/4.7.0/../../../../msp430/lib/mmpy-16/libc.a(sprintf.o)
 .comment       0x00000000       0x31 /usr/local/msp430/bin/../lib/gcc/msp430/4.7.0/../../../../msp430/lib/mmpy-16/libc.a(vuprintf.o)
 .comment       0x00000000       0x31 /usr/local/msp430/bin/../lib/gcc/msp430/4.7.0/../../../../msp430/lib/mmpy-16/libc.a(puts.o)
 .comment       0x00000000       0x31 /usr/local/msp430/bin/../lib/gcc/msp430/4.7.0/../../../../msp430/lib/mmpy-16/libc.a(rand.o)
 .comment       0x00000000       0x31 /usr/local/msp430/bin/../lib/gcc/msp430/4.7.0/../../../../msp430/lib/mmpy-16/libc.a(memcmp.o)
 .comment       0x00000000       0x31 /usr/local/msp430/bin/../lib/gcc/msp430/4.7.0/../../../../msp430/lib/mmpy-16/libc.a(memcpy.o)
 .comment       0x00000000       0x31 /usr/local/msp430/bin/../lib/gcc/msp430/4.7.0/../../../../msp430/lib/mmpy-16/libc.a(memmove.o)
 .comment       0x00000000       0x31 /usr/local/msp430/bin/../lib/gcc/msp430/4.7.0/../../../../msp430/lib/mmpy-16/libc.a(memset.o)

.debug
 *(.debug)

.line
 *(.line)

.debug_srcinfo
 *(.debug_srcinfo)

.debug_sfnames
 *(.debug_sfnames)

.debug_aranges  0x00000000      0x1c8
 *(.debug_aranges)
 .debug_aranges
                0x00000000       0x14 /usr/local/msp430/bin/../lib/gcc/msp430/4.7.0/mmpy-16/crt0ivtbl16.o
 .debug_aranges
                0x00000014       0x14 /usr/local/msp430/bin/../lib/gcc/msp430/4.7.0/mmpy-16/libgcc.a(_mulsi3.o)
 .debug_aranges
                0x00000028       0x14 /usr/local/msp430/bin/../lib/gcc/msp430/4.7.0/mmpy-16/libgcc.a(_udivmod16.o)
 .debug_aranges
                0x0000003c       0x14 /usr/local/msp430/bin/../lib/gcc/msp430/4.7.0/mmpy-16/libgcc.a(_divmod16.o)
 .debug_aranges
                0x00000050       0x14 /usr/local/msp430/bin/../lib/gcc/msp430/4.7.0/mmpy-16/libgcc.a(_udivmod32.o)
 .debug_aranges
                0x00000064       0x18 /usr/local/msp430/bin/../lib/gcc/msp430/4.7.0/../../../../msp430/lib/mmpy-16/libc.a(printf.o)
 .debug_aranges
                0x0000007c       0x28 /usr/local/msp430/bin/../lib/gcc/msp430/4.7.0/../../../../msp430/lib/mmpy-16/libc.a(sprintf.o)
 .debug_aranges
                0x000000a4       0x18 /usr/local/msp430/bin/../lib/gcc/msp430/4.7.0/../../../../msp430/lib/mmpy-16/libc.a(vuprintf.o)
 .debug_aranges
                0x000000bc       0x14 /usr/local/msp430/bin/../lib/gcc/msp430/4.7.0/../../../../msp430/lib/mmpy-16/libc.a(puts.o)
 .debug_aranges
                0x000000d0       0x1c /usr/local/msp430/bin/../lib/gcc/msp430/4.7.0/../../../../msp430/lib/mmpy-16/libc.a(rand.o)
 .debug_aranges
                0x000000ec       0x14 /usr/local/msp430/bin/../lib/gcc/msp430/4.7.0/../../../../msp430/lib/mmpy-16/libc.a(memcmp.o)
 .debug_aranges
                0x00000100       0x14 /usr/local/msp430/bin/../lib/gcc/msp430/4.7.0/../../../../msp430/lib/mmpy-16/libc.a(memcpy.o)
 .debug_aranges
                0x00000114       0x14 /usr/local/msp430/bin/../lib/gcc/msp430/4.7.0/../../../../msp430/lib/mmpy-16/libc.a(memmove.o)
 .debug_aranges
                0x00000128       0x14 /usr/local/msp430/bin/../lib/gcc/msp430/4.7.0/../../../../msp430/lib/mmpy-16/libc.a(memset.o)
 .debug_aranges
                0x0000013c       0x14 /usr/local/msp430/bin/../lib/gcc/msp430/4.7.0/mmpy-16/libgcc.a(_udivmod64.o)
 .debug_aranges
                0x00000150       0x14 /usr/local/msp430/bin/../lib/gcc/msp430/4.7.0/mmpy-16/libcrt0.a(__watchdog_support.o)
 .debug_aranges
                0x00000164       0x14 /usr/local/msp430/bin/../lib/gcc/msp430/4.7.0/mmpy-16/libcrt0.a(__init_stack.o)
 .debug_aranges
                0x00000178       0x14 /usr/local/msp430/bin/../lib/gcc/msp430/4.7.0/mmpy-16/libcrt0.a(_copy_data.o)
 .debug_aranges
                0x0000018c       0x14 /usr/local/msp430/bin/../lib/gcc/msp430/4.7.0/mmpy-16/libcrt0.a(_clear_bss.o)
 .debug_aranges
                0x000001a0       0x14 /usr/local/msp430/bin/../lib/gcc/msp430/4.7.0/mmpy-16/libcrt0.a(_endless_loop__.o)
 .debug_aranges
                0x000001b4       0x14 /usr/local/msp430/bin/../lib/gcc/msp430/4.7.0/mmpy-16/libcrt0.a(_unexpected_.o)

.debug_pubnames
 *(.debug_pubnames)

.debug_info     0x00000000     0x17db
 *(.debug_info)
 .debug_info    0x00000000       0x9b /usr/local/msp430/bin/../lib/gcc/msp430/4.7.0/mmpy-16/crt0ivtbl16.o
 .debug_info    0x0000009b       0x98 /usr/local/msp430/bin/../lib/gcc/msp430/4.7.0/mmpy-16/libgcc.a(_mulsi3.o)
 .debug_info    0x00000133       0x98 /usr/local/msp430/bin/../lib/gcc/msp430/4.7.0/mmpy-16/libgcc.a(_udivmod16.o)
 .debug_info    0x000001cb       0x98 /usr/local/msp430/bin/../lib/gcc/msp430/4.7.0/mmpy-16/libgcc.a(_divmod16.o)
 .debug_info    0x00000263       0x98 /usr/local/msp430/bin/../lib/gcc/msp430/4.7.0/mmpy-16/libgcc.a(_udivmod32.o)
 .debug_info    0x000002fb      0x16e /usr/local/msp430/bin/../lib/gcc/msp430/4.7.0/../../../../msp430/lib/mmpy-16/libc.a(printf.o)
 .debug_info    0x00000469      0x321 /usr/local/msp430/bin/../lib/gcc/msp430/4.7.0/../../../../msp430/lib/mmpy-16/libc.a(sprintf.o)
 .debug_info    0x0000078a      0x5d4 /usr/local/msp430/bin/../lib/gcc/msp430/4.7.0/../../../../msp430/lib/mmpy-16/libc.a(vuprintf.o)